Archive member included because of file (symbol)

c:/program files (x86)/gnu tools arm embedded/4.9 2015q3/bin/../lib/gcc/arm-none-eabi/4.9.3/armv7-m\libgcc.a(_arm_addsubdf3.o)
                              ..\obj\ds1820.o (__aeabi_f2d)
c:/program files (x86)/gnu tools arm embedded/4.9 2015q3/bin/../lib/gcc/arm-none-eabi/4.9.3/armv7-m\libgcc.a(_arm_addsubsf3.o)
                              ..\obj\ds1820.o (__aeabi_ui2f)
c:/program files (x86)/gnu tools arm embedded/4.9 2015q3/bin/../lib/gcc/arm-none-eabi/4.9.3/armv7-m\libgcc.a(_arm_muldivsf3.o)
                              ..\obj\ds1820.o (__aeabi_fdiv)
c:/program files (x86)/gnu tools arm embedded/4.9 2015q3/bin/../lib/gcc/arm-none-eabi/4.9.3/armv7-m\libgcc.a(_aeabi_ldivmod.o)
                              ..\obj\tmath.o (__aeabi_ldivmod)
c:/program files (x86)/gnu tools arm embedded/4.9 2015q3/bin/../lib/gcc/arm-none-eabi/4.9.3/armv7-m\libgcc.a(bpabi.o)
                              c:/program files (x86)/gnu tools arm embedded/4.9 2015q3/bin/../lib/gcc/arm-none-eabi/4.9.3/armv7-m\libgcc.a(_aeabi_ldivmod.o) (__gnu_ldivmod_helper)
c:/program files (x86)/gnu tools arm embedded/4.9 2015q3/bin/../lib/gcc/arm-none-eabi/4.9.3/armv7-m\libgcc.a(_dvmd_tls.o)
                              c:/program files (x86)/gnu tools arm embedded/4.9 2015q3/bin/../lib/gcc/arm-none-eabi/4.9.3/armv7-m\libgcc.a(_aeabi_ldivmod.o) (__aeabi_ldiv0)
c:/program files (x86)/gnu tools arm embedded/4.9 2015q3/bin/../lib/gcc/arm-none-eabi/4.9.3/armv7-m\libgcc.a(_divdi3.o)
                              c:/program files (x86)/gnu tools arm embedded/4.9 2015q3/bin/../lib/gcc/arm-none-eabi/4.9.3/armv7-m\libgcc.a(bpabi.o) (__divdi3)
c:/program files (x86)/gnu tools arm embedded/4.9 2015q3/bin/../lib/gcc/arm-none-eabi/4.9.3/armv7-m\libgcc.a(_udivdi3.o)
                              c:/program files (x86)/gnu tools arm embedded/4.9 2015q3/bin/../lib/gcc/arm-none-eabi/4.9.3/armv7-m\libgcc.a(bpabi.o) (__udivdi3)
c:/program files (x86)/gnu tools arm embedded/4.9 2015q3/bin/../lib/gcc/arm-none-eabi/4.9.3/../../../../arm-none-eabi/lib/armv7-m\libg.a(lib_a-ctype_.o)
                              ..\obj\tstring.o (__ctype_ptr__)
c:/program files (x86)/gnu tools arm embedded/4.9 2015q3/bin/../lib/gcc/arm-none-eabi/4.9.3/../../../../arm-none-eabi/lib/armv7-m\libg.a(lib_a-malloc.o)
                              ..\obj\ds1820.o (malloc)
c:/program files (x86)/gnu tools arm embedded/4.9 2015q3/bin/../lib/gcc/arm-none-eabi/4.9.3/../../../../arm-none-eabi/lib/armv7-m\libg.a(lib_a-mallocr.o)
                              c:/program files (x86)/gnu tools arm embedded/4.9 2015q3/bin/../lib/gcc/arm-none-eabi/4.9.3/../../../../arm-none-eabi/lib/armv7-m\libg.a(lib_a-malloc.o) (_malloc_r)
c:/program files (x86)/gnu tools arm embedded/4.9 2015q3/bin/../lib/gcc/arm-none-eabi/4.9.3/../../../../arm-none-eabi/lib/armv7-m\libg.a(lib_a-memcmp.o)
                              ..\obj\tasks.o (memcmp)
c:/program files (x86)/gnu tools arm embedded/4.9 2015q3/bin/../lib/gcc/arm-none-eabi/4.9.3/../../../../arm-none-eabi/lib/armv7-m\libg.a(lib_a-memcpy.o)
                              ..\obj\xtea.o (memcpy)
c:/program files (x86)/gnu tools arm embedded/4.9 2015q3/bin/../lib/gcc/arm-none-eabi/4.9.3/../../../../arm-none-eabi/lib/armv7-m\libg.a(lib_a-memmove.o)
                              ..\obj\tdatetime.o (memmove)
c:/program files (x86)/gnu tools arm embedded/4.9 2015q3/bin/../lib/gcc/arm-none-eabi/4.9.3/../../../../arm-none-eabi/lib/armv7-m\libg.a(lib_a-memset.o)
                              ..\obj\rs232.o (memset)
c:/program files (x86)/gnu tools arm embedded/4.9 2015q3/bin/../lib/gcc/arm-none-eabi/4.9.3/../../../../arm-none-eabi/lib/armv7-m\libg.a(lib_a-mlock.o)
                              c:/program files (x86)/gnu tools arm embedded/4.9 2015q3/bin/../lib/gcc/arm-none-eabi/4.9.3/../../../../arm-none-eabi/lib/armv7-m\libg.a(lib_a-mallocr.o) (__malloc_lock)
c:/program files (x86)/gnu tools arm embedded/4.9 2015q3/bin/../lib/gcc/arm-none-eabi/4.9.3/../../../../arm-none-eabi/lib/armv7-m\libg.a(lib_a-printf.o)
                              ..\obj\main.o (printf)
c:/program files (x86)/gnu tools arm embedded/4.9 2015q3/bin/../lib/gcc/arm-none-eabi/4.9.3/../../../../arm-none-eabi/lib/armv7-m\libg.a(lib_a-puts.o)
                              ..\obj\touch.o (puts)
c:/program files (x86)/gnu tools arm embedded/4.9 2015q3/bin/../lib/gcc/arm-none-eabi/4.9.3/../../../../arm-none-eabi/lib/armv7-m\libg.a(lib_a-sbrkr.o)
                              c:/program files (x86)/gnu tools arm embedded/4.9 2015q3/bin/../lib/gcc/arm-none-eabi/4.9.3/../../../../arm-none-eabi/lib/armv7-m\libg.a(lib_a-mallocr.o) (_sbrk_r)
c:/program files (x86)/gnu tools arm embedded/4.9 2015q3/bin/../lib/gcc/arm-none-eabi/4.9.3/../../../../arm-none-eabi/lib/armv7-m\libg.a(lib_a-setjmp.o)
                              ..\obj\CException.o (longjmp)
[...]
Memory Configuration

Name             Origin             Length             Attributes
rom              0x08000000         0x00020000         xr
ram              0x20000000         0x00500000         xrw
*default*        0x00000000         0xffffffff

Linker script and memory map

                0x20500000                _eram = 0x20500000

.text           0x08000000     0x8a50
 *(.isr_vector)
 .isr_vector    0x08000000      0x10c ..\obj\startup_stm32f10x_md.o
                0x08000000                g_pfnVectors
 *(.text*)
 .text.TIM_ClearITPendingBit
                0x0800010c       0x20 ..\obj\stm32f10x_tim.o
                0x0800010c                TIM_ClearITPendingBit
 .text.TIM3_IRQHandler
                0x0800012c       0x1c ..\obj\timer.o
                0x0800012c                TIM3_IRQHandler
 .text.SystemInit
                0x08000148       0x68 ..\obj\system_stm32f10x.o
                0x08000148                SystemInit
 .text.SetSysClock
                0x080001b0        0xc ..\obj\system_stm32f10x.o
 .text.SetSysClockTo72
                0x080001bc      0x100 ..\obj\system_stm32f10x.o
 .text.vTouchTask
                0x080002bc       0x14 ..\obj\touch.o
                0x080002bc                vTouchTask
 .text.Default_Reset_Handler
                0x080002d0       0x5c ..\obj\startup_stm32f10x_md.o
                0x080002d0                Default_Reset_Handler
                0x080002d0                Reset_Handler
 .text.Default_Handler
                0x0800032c        0x8 ..\obj\startup_stm32f10x_md.o
                0x0800032c                EXTI2_IRQHandler
                0x0800032c                DebugMon_Handler
                0x0800032c                TIM1_CC_IRQHandler
                0x0800032c                HardFault_Handler
                0x0800032c                PVD_IRQHandler
                0x0800032c                NMI_Handler
                0x0800032c                EXTI3_IRQHandler
                0x0800032c                EXTI0_IRQHandler
                0x0800032c                I2C2_EV_IRQHandler
                0x0800032c                UsageFault_Handler
                0x0800032c                ADC1_2_IRQHandler
                0x0800032c                SPI1_IRQHandler
                0x0800032c                TAMPER_IRQHandler
                0x0800032c                DMA1_Channel4_IRQHandler
                0x0800032c                USART3_IRQHandler
                0x0800032c                RTC_IRQHandler
                0x0800032c                DMA1_Channel7_IRQHandler
                0x0800032c                CAN1_RX1_IRQHandler
                0x0800032c                TIM4_IRQHandler
                0x0800032c                I2C1_EV_IRQHandler
                0x0800032c                DMA1_Channel6_IRQHandler
                0x0800032c                RCC_IRQHandler
                0x0800032c                TIM1_TRG_COM_IRQHandler
                0x0800032c                DMA1_Channel1_IRQHandler
                0x0800032c                EXTI15_10_IRQHandler
                0x0800032c                EXTI9_5_IRQHandler
                0x0800032c                SPI2_IRQHandler
                0x0800032c                MemManage_Handler
                0x0800032c                DMA1_Channel5_IRQHandler
                0x0800032c                EXTI4_IRQHandler
                0x0800032c                USB_LP_CAN1_RX0_IRQHandler
                0x0800032c                USB_HP_CAN1_TX_IRQHandler
                0x0800032c                DMA1_Channel3_IRQHandler
                0x0800032c                TIM1_UP_IRQHandler
                0x0800032c                WWDG_IRQHandler
                0x0800032c                TIM2_IRQHandler
                0x0800032c                TIM1_BRK_IRQHandler
                0x0800032c                EXTI1_IRQHandler
                0x0800032c                RTCAlarm_IRQHandler
                0x0800032c                USART2_IRQHandler
                0x0800032c                I2C2_ER_IRQHandler
                0x0800032c                DMA1_Channel2_IRQHandler
                0x0800032c                CAN1_SCE_IRQHandler
                0x0800032c                FLASH_IRQHandler
                0x0800032c                BusFault_Handler
                0x0800032c                USART1_IRQHandler
                0x0800032c                I2C1_ER_IRQHandler
                0x0800032c                USBWakeUp_IRQHandler
 .text.GPIO_Init
                0x08000334      0x180 ..\obj\stm32f10x_gpio.o
                0x08000334                GPIO_Init
 .text.GPIO_WriteBit
                0x080004b4       0x30 ..\obj\stm32f10x_gpio.o
                0x080004b4                GPIO_WriteBit
 .text.main     0x080004e4       0x74 ..\obj\main.o
                0x080004e4                main
 .text.prvSetupHardware
                0x08000558       0xa4 ..\obj\main.o
 .text.vApplicationStackOverflowHook
                0x080005fc       0x34 ..\obj\main.o
                0x080005fc                vApplicationStackOverflowHook
 .text.RCC_DeInit
                0x08000630       0x5c ..\obj\stm32f10x_rcc.o
                0x08000630                RCC_DeInit
 .text.RCC_HSEConfig
                0x0800068c       0x5c ..\obj\stm32f10x_rcc.o
                0x0800068c                RCC_HSEConfig
 .text.RCC_PLLConfig
                0x080006e8       0x3c ..\obj\stm32f10x_rcc.o
                0x080006e8                RCC_PLLConfig
 .text.RCC_PLLCmd
                0x08000724       0x20 ..\obj\stm32f10x_rcc.o
                0x08000724                RCC_PLLCmd
 .text.RCC_SYSCLKConfig
                0x08000744       0x38 ..\obj\stm32f10x_rcc.o
                0x08000744                RCC_SYSCLKConfig
 .text.RCC_GetSYSCLKSource
                0x0800077c       0x20 ..\obj\stm32f10x_rcc.o
                0x0800077c                RCC_GetSYSCLKSource
 .text.RCC_HCLKConfig
                0x0800079c       0x38 ..\obj\stm32f10x_rcc.o
                0x0800079c                RCC_HCLKConfig
 .text.RCC_PCLK1Config
                0x080007d4       0x38 ..\obj\stm32f10x_rcc.o
                0x080007d4                RCC_PCLK1Config
 .text.RCC_PCLK2Config
                0x0800080c       0x38 ..\obj\stm32f10x_rcc.o
                0x0800080c                RCC_PCLK2Config
 .text.RCC_GetClocksFreq
                0x08000844      0x164 ..\obj\stm32f10x_rcc.o
                0x08000844                RCC_GetClocksFreq
 .text.RCC_APB2PeriphClockCmd
                0x080009a8       0x3c ..\obj\stm32f10x_rcc.o
                0x080009a8                RCC_APB2PeriphClockCmd
 .text.RCC_APB1PeriphClockCmd
                0x080009e4       0x3c ..\obj\stm32f10x_rcc.o
                0x080009e4                RCC_APB1PeriphClockCmd
 .text.RCC_GetFlagStatus
                0x08000a20       0x74 ..\obj\stm32f10x_rcc.o
                0x08000a20                RCC_GetFlagStatus
 .text.lcd_SetCursor
                0x08000a94       0x78 ..\obj\lcd_32.o
                0x08000a94                lcd_SetCursor
 .text.xTaskGenericCreate
                0x08000b0c      0x150 ..\obj\tasks.o
                0x08000b0c                xTaskGenericCreate
 .text.vTaskStartScheduler
                0x08000c5c       0x58 ..\obj\tasks.o
                0x08000c5c                vTaskStartScheduler
 .text.vTaskSuspendAll
                0x08000cb4       0x1c ..\obj\tasks.o
                0x08000cb4                vTaskSuspendAll
 .text.xTaskResumeAll
                0x08000cd0      0x100 ..\obj\tasks.o
                0x08000cd0                xTaskResumeAll
 .text.xTaskGetTickCount
                0x08000dd0       0x24 ..\obj\tasks.o
                0x08000dd0                xTaskGetTickCount
 .text.vTaskIncrementTick
                0x08000df4       0xdc ..\obj\tasks.o
                0x08000df4                vTaskIncrementTick
 .text.vTaskSwitchContext
                0x08000ed0      0x150 ..\obj\tasks.o
                0x08000ed0                vTaskSwitchContext
 .text.vTaskPlaceOnEventList
                0x08001020       0x98 ..\obj\tasks.o
                0x08001020                vTaskPlaceOnEventList
 .text.xTaskRemoveFromEventList
                0x080010b8       0xac ..\obj\tasks.o
                0x080010b8                xTaskRemoveFromEventList
 .text.vTaskSetTimeOutState
                0x08001164       0x2c ..\obj\tasks.o
                0x08001164                vTaskSetTimeOutState
 .text.xTaskCheckForTimeOut
                0x08001190       0x88 ..\obj\tasks.o
                0x08001190                xTaskCheckForTimeOut
 .text.vTaskMissedYield
                0x08001218       0x18 ..\obj\tasks.o
                0x08001218                vTaskMissedYield
 .text.prvIdleTask
                0x08001230       0x20 ..\obj\tasks.o
 .text.prvInitialiseTCBVariables
                0x08001250       0x6c ..\obj\tasks.o
 .text.prvInitialiseTaskLists
                0x080012bc       0x7c ..\obj\tasks.o
 .text.prvCheckTasksWaitingTermination
                0x08001338       0x84 ..\obj\tasks.o
 .text.prvAllocateTCBAndStack
                0x080013bc       0x5c ..\obj\tasks.o
 .text.prvDeleteTCB
                0x08001418       0x20 ..\obj\tasks.o
 .text.xTaskGetCurrentTaskHandle
                0x08001438       0x20 ..\obj\tasks.o
                0x08001438                xTaskGetCurrentTaskHandle
 .text.vTaskPriorityInherit
                0x08001458       0xa4 ..\obj\tasks.o
                0x08001458                vTaskPriorityInherit
 .text.vTaskPriorityDisinherit
                0x080014fc       0x7c ..\obj\tasks.o
                0x080014fc                vTaskPriorityDisinherit
 .text.USART_Init
                0x08001578      0x174 ..\obj\stm32f10x_usart.o
                0x08001578                USART_Init
 .text.USART_Cmd
                0x080016ec       0x40 ..\obj\stm32f10x_usart.o
                0x080016ec                USART_Cmd
 .text.USART_SendData
                0x0800172c       0x24 ..\obj\stm32f10x_usart.o
                0x0800172c                USART_SendData
 .text.USART_GetFlagStatus
                0x08001750       0x38 ..\obj\stm32f10x_usart.o
                0x08001750                USART_GetFlagStatus
 .text.vLEDInit
                0x08001788       0x58 ..\obj\leds.o
                0x08001788                vLEDInit
 .text.menu_paint_cell
                0x080017e0      0x108 ..\obj\menu.o
 .text.menu_two_column
                0x080018e8       0xe8 ..\obj\menu.o
 .text.menu_update
                0x080019d0      0x218 ..\obj\menu.o
 .text.menu_set_root
                0x08001be8       0x1c ..\obj\menu.o
                0x08001be8                menu_set_root
 .text.vListInitialise
                0x08001c04       0x40 ..\obj\list.o
                0x08001c04                vListInitialise
 .text.vListInitialiseItem
                0x08001c44       0x18 ..\obj\list.o
                0x08001c44                vListInitialiseItem
 .text.vListInsertEnd
                0x08001c5c       0x50 ..\obj\list.o
                0x08001c5c                vListInsertEnd
 .text.vListInsert
                0x08001cac       0x70 ..\obj\list.o
                0x08001cac                vListInsert
 .text.vListRemove
                0x08001d1c       0x50 ..\obj\list.o
                0x08001d1c                vListRemove
 .text._sbrk    0x08001d6c       0x40 ..\obj\syscalls.o
                0x08001d6c                _sbrk
 .text._close   0x08001dac       0x18 ..\obj\syscalls.o
                0x08001dac                _close
 .text._fstat   0x08001dc4       0x20 ..\obj\syscalls.o
                0x08001dc4                _fstat
 .text._isatty  0x08001de4       0x18 ..\obj\syscalls.o
                0x08001de4                _isatty
 .text._lseek   0x08001dfc       0x1c ..\obj\syscalls.o
                0x08001dfc                _lseek
 .text._read    0x08001e18       0x1c ..\obj\syscalls.o
                0x08001e18                _read
 .text._write   0x08001e34       0x1c ..\obj\syscalls.o
                0x08001e34                _write
 .text.write_cmd
                0x08001e50       0x1c ..\obj\lcd_common.o
                0x08001e50                write_cmd
 .text.write_data
                0x08001e6c       0x20 ..\obj\lcd_common.o
                0x08001e6c                write_data
 .text.write_reg
                0x08001e8c       0x28 ..\obj\lcd_common.o
                0x08001e8c                write_reg
 .text.lcd_write_ram_prepare
                0x08001eb4        0xc ..\obj\lcd_common.o
 .text.lcd_set_cursor
                0x08001ec0       0x28 ..\obj\lcd_common.o
 .text.lcd_char_xy
                0x08001ee8       0xa8 ..\obj\lcd_common.o
 .text.lcd_lock
                0x08001f90       0x3c ..\obj\lcd_common.o
                0x08001f90                lcd_lock
 .text.lcd_release
                0x08001fcc       0x24 ..\obj\lcd_common.o
                0x08001fcc                lcd_release
 .text.lcd_text_xy
                0x08001ff0       0x94 ..\obj\lcd_common.o
                0x08001ff0                lcd_text_xy
 .text.lcd_text
                0x08002084       0x40 ..\obj\lcd_common.o
                0x08002084                lcd_text
 .text.lcd_fill
                0x080020c4       0x94 ..\obj\lcd_common.o
                0x080020c4                lcd_fill
 .text.lcd_printf
                0x08002158       0xa8 ..\obj\lcd_common.o
                0x08002158                lcd_printf
 .text.lcd_background
                0x08002200       0x20 ..\obj\lcd_common.o
                0x08002200                lcd_background
 .text.pxPortInitialiseStack
                0x08002220       0x54 ..\obj\port.o
                0x08002220                pxPortInitialiseStack
 .text.SVC_Handler
                0x08002274       0x20 ..\obj\port.o
                0x08002274                SVC_Handler
 .text.vPortStartFirstTask
                0x08002294       0x10 ..\obj\port.o
                0x08002294                vPortStartFirstTask
 .text.xPortStartScheduler
                0x080022a4       0x38 ..\obj\port.o
                0x080022a4                xPortStartScheduler
 .text.vPortYieldFromISR
                0x080022dc       0x18 ..\obj\port.o
                0x080022dc                vPortYieldFromISR
 .text.vPortEnterCritical
                0x080022f4       0x24 ..\obj\port.o
                0x080022f4                vPortEnterCritical
 .text.vPortExitCritical
                0x08002318       0x2c ..\obj\port.o
                0x08002318                vPortExitCritical
 .text.PendSV_Handler
                0x08002344       0x3c ..\obj\port.o
                0x08002344                PendSV_Handler
 .text.SysTick_Handler
                0x08002380       0x30 ..\obj\port.o
                0x08002380                SysTick_Handler
 .text.prvSetupTimerInterrupt
                0x080023b0       0x24 ..\obj\port.o
 .text.xQueueGenericSend
                0x080023d4      0x10c ..\obj\queue.o
                0x080023d4                xQueueGenericSend
 .text.xQueueGenericReceive
                0x080024e0      0x16c ..\obj\queue.o
                0x080024e0                xQueueGenericReceive
 .text.prvCopyDataToQueue
                0x0800264c       0xb8 ..\obj\queue.o
 .text.prvCopyDataFromQueue
                0x08002704       0x4c ..\obj\queue.o
 .text.prvUnlockQueue
                0x08002750       0x98 ..\obj\queue.o
 .text.prvIsQueueEmpty
                0x080027e8       0x2c ..\obj\queue.o
 .text.prvIsQueueFull
                0x08002814       0x30 ..\obj\queue.o
 .text.NVIC_PriorityGroupConfig
                0x08002844       0x24 ..\obj\misc.o
                0x08002844                NVIC_PriorityGroupConfig
 .text.NVIC_SetVectorTable
                0x08002868       0x2c ..\obj\misc.o
                0x08002868                NVIC_SetVectorTable
 .text.SysTick_CLKSourceConfig
                0x08002894       0x38 ..\obj\misc.o
                0x08002894                SysTick_CLKSourceConfig
 .text.comm_put
                0x080028cc       0x3c ..\obj\serial.o
                0x080028cc                comm_put
 .text.comm_puts
                0x08002908       0x28 ..\obj\serial.o
                0x08002908                comm_puts
 .text.USARTInit
                0x08002930       0xc4 ..\obj\serial.o
                0x08002930                USARTInit
 .text.pvPortMalloc
                0x080029f4      0x14c ..\obj\heap_2.o
                0x080029f4                pvPortMalloc
 .text.vPortFree
                0x08002b40       0x70 ..\obj\heap_2.o
                0x08002b40                vPortFree
 .text          0x08002bb0      0x370 c:/program files (x86)/gnu tools arm embedded/4.9 2015q3/bin/../lib/gcc/arm-none-eabi/4.9.3/armv7-m\libgcc.a(_arm_addsubdf3.o)
                0x08002bb0                __aeabi_drsub
                0x08002bb8                __aeabi_dsub
                0x08002bb8                __subdf3
                0x08002bbc                __aeabi_dadd
                0x08002bbc                __adddf3
                0x08002e34                __floatunsidf
                0x08002e34                __aeabi_ui2d
                0x08002e54                __floatsidf
                0x08002e54                __aeabi_i2d
                0x08002e78                __aeabi_f2d
                0x08002e78                __extendsfdf2
                0x08002eb4                __floatundidf
                0x08002eb4                __aeabi_ul2d
                0x08002ec4                __floatdidf
                0x08002ec4                __aeabi_l2d
 .text          0x08002f20       0x60 c:/program files (x86)/gnu tools arm embedded/4.9 2015q3/bin/../lib/gcc/arm-none-eabi/4.9.3/armv7-m\libgcc.a(bpabi.o)
                0x08002f20                __gnu_ldivmod_helper
                0x08002f50                __gnu_uldivmod_helper
 .text          0x08002f80        0x4 c:/program files (x86)/gnu tools arm embedded/4.9 2015q3/bin/../lib/gcc/arm-none-eabi/4.9.3/armv7-m\libgcc.a(_dvmd_tls.o)
                0x08002f80                __aeabi_idiv0
                0x08002f80                __aeabi_ldiv0
 .text          0x08002f84      0x2ac c:/program files (x86)/gnu tools arm embedded/4.9 2015q3/bin/../lib/gcc/arm-none-eabi/4.9.3/armv7-m\libgcc.a(_divdi3.o)
                0x08002f84                __divdi3
 .text          0x08003230      0x270 c:/program files (x86)/gnu tools arm embedded/4.9 2015q3/bin/../lib/gcc/arm-none-eabi/4.9.3/armv7-m\libgcc.a(_udivdi3.o)
                0x08003230                __udivdi3
 .text._malloc_r
                0x080034a0      0x50c c:/program files (x86)/gnu tools arm embedded/4.9 2015q3/bin/../lib/gcc/arm-none-eabi/4.9.3/../../../../arm-none-eabi/lib/armv7-m\libg.a(lib_a-mallocr.o)
                0x080034a0                _malloc_r
 .text.memcmp   0x080039ac       0x64 c:/program files (x86)/gnu tools arm embedded/4.9 2015q3/bin/../lib/gcc/arm-none-eabi/4.9.3/../../../../arm-none-eabi/lib/armv7-m\libg.a(lib_a-memcmp.o)
                0x080039ac                memcmp
 .text          0x08003a10       0xec c:/program files (x86)/gnu tools arm embedded/4.9 2015q3/bin/../lib/gcc/arm-none-eabi/4.9.3/../../../../arm-none-eabi/lib/armv7-m\libg.a(lib_a-memcpy.o)
                0x08003a10                memcpy
 .text.memmove  0x08003afc       0xc8 c:/program files (x86)/gnu tools arm embedded/4.9 2015q3/bin/../lib/gcc/arm-none-eabi/4.9.3/../../../../arm-none-eabi/lib/armv7-m\libg.a(lib_a-memmove.o)
                0x08003afc                memmove
 .text.memset   0x08003bc4       0x9c c:/program files (x86)/gnu tools arm embedded/4.9 2015q3/bin/../lib/gcc/arm-none-eabi/4.9.3/../../../../arm-none-eabi/lib/armv7-m\libg.a(lib_a-memset.o)
                0x08003bc4                memset
 .text.__malloc_lock
                0x08003c60        0x4 c:/program files (x86)/gnu tools arm embedded/4.9 2015q3/bin/../lib/gcc/arm-none-eabi/4.9.3/../../../../arm-none-eabi/lib/armv7-m\libg.a(lib_a-mlock.o)
                0x08003c60                __malloc_lock
 .text.__malloc_unlock
                0x08003c64        0x4 c:/program files (x86)/gnu tools arm embedded/4.9 2015q3/bin/../lib/gcc/arm-none-eabi/4.9.3/../../../../arm-none-eabi/lib/armv7-m\libg.a(lib_a-mlock.o)
                0x08003c64                __malloc_unlock
 .text._puts_r  0x08003c68       0x64 c:/program files (x86)/gnu tools arm embedded/4.9 2015q3/bin/../lib/gcc/arm-none-eabi/4.9.3/../../../../arm-none-eabi/lib/armv7-m\libg.a(lib_a-puts.o)
                0x08003c68                _puts_r
 .text.puts     0x08003ccc       0x10 c:/program files (x86)/gnu tools arm embedded/4.9 2015q3/bin/../lib/gcc/arm-none-eabi/4.9.3/../../../../arm-none-eabi/lib/armv7-m\libg.a(lib_a-puts.o)
                0x08003ccc                puts
 .text._sbrk_r  0x08003cdc       0x24 c:/program files (x86)/gnu tools arm embedded/4.9 2015q3/bin/../lib/gcc/arm-none-eabi/4.9.3/../../../../arm-none-eabi/lib/armv7-m\libg.a(lib_a-sbrkr.o)
                0x08003cdc                _sbrk_r
 .text.strcat   0x08003d00       0x40 c:/program files (x86)/gnu tools arm embedded/4.9 2015q3/bin/../lib/gcc/arm-none-eabi/4.9.3/../../../../arm-none-eabi/lib/armv7-m\libg.a(lib_a-strcat.o)
                0x08003d00                strcat
 .text.strcpy   0x08003d40       0xbc c:/program files (x86)/gnu tools arm embedded/4.9 2015q3/bin/../lib/gcc/arm-none-eabi/4.9.3/../../../../arm-none-eabi/lib/armv7-m\libg.a(lib_a-strcpy.o)
                0x08003d40                strcpy
 .text.strlen   0x08003dfc       0x5c c:/program files (x86)/gnu tools arm embedded/4.9 2015q3/bin/../lib/gcc/arm-none-eabi/4.9.3/../../../../arm-none-eabi/lib/armv7-m\libg.a(lib_a-strlen.o)
                0x08003dfc                strlen
 .text.strncpy  0x08003e58       0x68 c:/program files (x86)/gnu tools arm embedded/4.9 2015q3/bin/../lib/gcc/arm-none-eabi/4.9.3/../../../../arm-none-eabi/lib/armv7-m\libg.a(lib_a-strncpy.o)
                0x08003e58                strncpy
 .text._svfprintf_r
                0x08003ec0     0x14f4 c:/program files (x86)/gnu tools arm embedded/4.9 2015q3/bin/../lib/gcc/arm-none-eabi/4.9.3/../../../../arm-none-eabi/lib/armv7-m\libg.a(lib_a-svfprintf.o)
                0x08003ec0                _svfprintf_r
 .text._vsnprintf_r
                0x080053b4       0x70 c:/program files (x86)/gnu tools arm embedded/4.9 2015q3/bin/../lib/gcc/arm-none-eabi/4.9.3/../../../../arm-none-eabi/lib/armv7-m\libg.a(lib_a-vsnprintf.o)
                0x080053b4                _vsnprintf_r
 .text.vsnprintf
                0x08005424       0x20 c:/program files (x86)/gnu tools arm embedded/4.9 2015q3/bin/../lib/gcc/arm-none-eabi/4.9.3/../../../../arm-none-eabi/lib/armv7-m\libg.a(lib_a-vsnprintf.o)
                0x08005424                vsnprintf
 .text.__swsetup_r
                0x08005444       0xc4 c:/program files (x86)/gnu tools arm embedded/4.9 2015q3/bin/../lib/gcc/arm-none-eabi/4.9.3/../../../../arm-none-eabi/lib/armv7-m\libg.a(lib_a-wsetup.o)
                0x08005444                __swsetup_r
 .text.quorem   0x08005508      0x130 c:/program files (x86)/gnu tools arm embedded/4.9 2015q3/bin/../lib/gcc/arm-none-eabi/4.9.3/../../../../arm-none-eabi/lib/armv7-m\libg.a(lib_a-dtoa.o)
 .text._dtoa_r  0x08005638      0xea4 c:/program files (x86)/gnu tools arm embedded/4.9 2015q3/bin/../lib/gcc/arm-none-eabi/4.9.3/../../../../arm-none-eabi/lib/armv7-m\libg.a(lib_a-dtoa.o)
                0x08005638                _dtoa_r
 .text.__sflush_r
                0x080064dc      0x148 c:/program files (x86)/gnu tools arm embedded/4.9 2015q3/bin/../lib/gcc/arm-none-eabi/4.9.3/../../../../arm-none-eabi/lib/armv7-m\libg.a(lib_a-fflush.o)
                0x080064dc                __sflush_r
 .text._fflush_r
                0x08006624       0x2c c:/program files (x86)/gnu tools arm embedded/4.9 2015q3/bin/../lib/gcc/arm-none-eabi/4.9.3/../../../../arm-none-eabi/lib/armv7-m\libg.a(lib_a-fflush.o)
                0x08006624                _fflush_r
 .text._cleanup_r
                0x08006650        0xc c:/program files (x86)/gnu tools arm embedded/4.9 2015q3/bin/../lib/gcc/arm-none-eabi/4.9.3/../../../../arm-none-eabi/lib/armv7-m\libg.a(lib_a-findfp.o)
                0x08006650                _cleanup_r
 .text.__sinit.part.1
                0x0800665c       0xf0 c:/program files (x86)/gnu tools arm embedded/4.9 2015q3/bin/../lib/gcc/arm-none-eabi/4.9.3/../../../../arm-none-eabi/lib/armv7-m\libg.a(lib_a-findfp.o)
 .text.__sinit  0x0800674c        0xc c:/program files (x86)/gnu tools arm embedded/4.9 2015q3/bin/../lib/gcc/arm-none-eabi/4.9.3/../../../../arm-none-eabi/lib/armv7-m\libg.a(lib_a-findfp.o)
                0x0800674c                __sinit
 .text.__sfp_lock_acquire
                0x08006758        0x4 c:/program files (x86)/gnu tools arm embedded/4.9 2015q3/bin/../lib/gcc/arm-none-eabi/4.9.3/../../../../arm-none-eabi/lib/armv7-m\libg.a(lib_a-findfp.o)
                0x08006758                __sfp_lock_acquire
 .text.__sfp_lock_release
                0x0800675c        0x4 c:/program files (x86)/gnu tools arm embedded/4.9 2015q3/bin/../lib/gcc/arm-none-eabi/4.9.3/../../../../arm-none-eabi/lib/armv7-m\libg.a(lib_a-findfp.o)
                0x0800675c                __sfp_lock_release
 .text._malloc_trim_r
                0x08006760       0x9c c:/program files (x86)/gnu tools arm embedded/4.9 2015q3/bin/../lib/gcc/arm-none-eabi/4.9.3/../../../../arm-none-eabi/lib/armv7-m\libg.a(lib_a-freer.o)
                0x08006760                _malloc_trim_r
 .text._free_r  0x080067fc      0x1b0 c:/program files (x86)/gnu tools arm embedded/4.9 2015q3/bin/../lib/gcc/arm-none-eabi/4.9.3/../../../../arm-none-eabi/lib/armv7-m\libg.a(lib_a-freer.o)
                0x080067fc                _free_r
 .text.__sfvwrite_r
                0x080069ac      0x320 c:/program files (x86)/gnu tools arm embedded/4.9 2015q3/bin/../lib/gcc/arm-none-eabi/4.9.3/../../../../arm-none-eabi/lib/armv7-m\libg.a(lib_a-fvwrite.o)
                0x080069ac                __sfvwrite_r
 .text._fwalk_reent
                0x08006ccc       0x50 c:/program files (x86)/gnu tools arm embedded/4.9 2015q3/bin/../lib/gcc/arm-none-eabi/4.9.3/../../../../arm-none-eabi/lib/armv7-m\libg.a(lib_a-fwalk.o)
                0x08006ccc                _fwalk_reent
 .text._localeconv_r
                0x08006d1c        0x8 c:/program files (x86)/gnu tools arm embedded/4.9 2015q3/bin/../lib/gcc/arm-none-eabi/4.9.3/../../../../arm-none-eabi/lib/armv7-m\libg.a(lib_a-locale.o)
                0x08006d1c                _localeconv_r
 .text.__smakebuf_r
                0x08006d24       0xe0 c:/program files (x86)/gnu tools arm embedded/4.9 2015q3/bin/../lib/gcc/arm-none-eabi/4.9.3/../../../../arm-none-eabi/lib/armv7-m\libg.a(lib_a-makebuf.o)
                0x08006d24                __smakebuf_r
 .text.memchr   0x08006e04       0x94 c:/program files (x86)/gnu tools arm embedded/4.9 2015q3/bin/../lib/gcc/arm-none-eabi/4.9.3/../../../../arm-none-eabi/lib/armv7-m\libg.a(lib_a-memchr.o)
                0x08006e04                memchr
 .text._Balloc  0x08006e98       0x50 c:/program files (x86)/gnu tools arm embedded/4.9 2015q3/bin/../lib/gcc/arm-none-eabi/4.9.3/../../../../arm-none-eabi/lib/armv7-m\libg.a(lib_a-mprec.o)
                0x08006e98                _Balloc
 .text._Bfree   0x08006ee8       0x14 c:/program files (x86)/gnu tools arm embedded/4.9 2015q3/bin/../lib/gcc/arm-none-eabi/4.9.3/../../../../arm-none-eabi/lib/armv7-m\libg.a(lib_a-mprec.o)
                0x08006ee8                _Bfree
 .text.__multadd
                0x08006efc       0x84 c:/program files (x86)/gnu tools arm embedded/4.9 2015q3/bin/../lib/gcc/arm-none-eabi/4.9.3/../../../../arm-none-eabi/lib/armv7-m\libg.a(lib_a-mprec.o)
                0x08006efc                __multadd
 .text.__hi0bits
                0x08006f80       0x40 c:/program files (x86)/gnu tools arm embedded/4.9 2015q3/bin/../lib/gcc/arm-none-eabi/4.9.3/../../../../arm-none-eabi/lib/armv7-m\libg.a(lib_a-mprec.o)
                0x08006f80                __hi0bits
 .text.__lo0bits
                0x08006fc0       0x5c c:/program files (x86)/gnu tools arm embedded/4.9 2015q3/bin/../lib/gcc/arm-none-eabi/4.9.3/../../../../arm-none-eabi/lib/armv7-m\libg.a(lib_a-mprec.o)
                0x08006fc0                __lo0bits
 .text.__i2b    0x0800701c       0x14 c:/program files (x86)/gnu tools arm embedded/4.9 2015q3/bin/../lib/gcc/arm-none-eabi/4.9.3/../../../../arm-none-eabi/lib/armv7-m\libg.a(lib_a-mprec.o)
                0x0800701c                __i2b
 .text.__multiply
                0x08007030      0x140 c:/program files (x86)/gnu tools arm embedded/4.9 2015q3/bin/../lib/gcc/arm-none-eabi/4.9.3/../../../../arm-none-eabi/lib/armv7-m\libg.a(lib_a-mprec.o)
                0x08007030                __multiply
 .text.__pow5mult
                0x08007170       0xa0 c:/program files (x86)/gnu tools arm embedded/4.9 2015q3/bin/../lib/gcc/arm-none-eabi/4.9.3/../../../../arm-none-eabi/lib/armv7-m\libg.a(lib_a-mprec.o)
                0x08007170                __pow5mult
 .text.__lshift
                0x08007210       0xb0 c:/program files (x86)/gnu tools arm embedded/4.9 2015q3/bin/../lib/gcc/arm-none-eabi/4.9.3/../../../../arm-none-eabi/lib/armv7-m\libg.a(lib_a-mprec.o)
                0x08007210                __lshift
 .text.__mcmp   0x080072c0       0x48 c:/program files (x86)/gnu tools arm embedded/4.9 2015q3/bin/../lib/gcc/arm-none-eabi/4.9.3/../../../../arm-none-eabi/lib/armv7-m\libg.a(lib_a-mprec.o)
                0x080072c0                __mcmp
 .text.__mdiff  0x08007308       0xe4 c:/program files (x86)/gnu tools arm embedded/4.9 2015q3/bin/../lib/gcc/arm-none-eabi/4.9.3/../../../../arm-none-eabi/lib/armv7-m\libg.a(lib_a-mprec.o)
                0x08007308                __mdiff
 .text.__d2b    0x080073ec       0xa8 c:/program files (x86)/gnu tools arm embedded/4.9 2015q3/bin/../lib/gcc/arm-none-eabi/4.9.3/../../../../arm-none-eabi/lib/armv7-m\libg.a(lib_a-mprec.o)
                0x080073ec                __d2b
 .text._realloc_r
                0x08007494      0x3e0 c:/program files (x86)/gnu tools arm embedded/4.9 2015q3/bin/../lib/gcc/arm-none-eabi/4.9.3/../../../../arm-none-eabi/lib/armv7-m\libg.a(lib_a-reallocr.o)
                0x08007494                _realloc_r
 .text.__fpclassifyd
                0x08007874       0x58 c:/program files (x86)/gnu tools arm embedded/4.9 2015q3/bin/../lib/gcc/arm-none-eabi/4.9.3/../../../../arm-none-eabi/lib/armv7-m\libg.a(lib_a-s_fpclassify.o)
                0x08007874                __fpclassifyd
 .text.__sread  0x080078cc       0x24 c:/program files (x86)/gnu tools arm embedded/4.9 2015q3/bin/../lib/gcc/arm-none-eabi/4.9.3/../../../../arm-none-eabi/lib/armv7-m\libg.a(lib_a-stdio.o)
                0x080078cc                __sread
 .text.__swrite
                0x080078f0       0x38 c:/program files (x86)/gnu tools arm embedded/4.9 2015q3/bin/../lib/gcc/arm-none-eabi/4.9.3/../../../../arm-none-eabi/lib/armv7-m\libg.a(lib_a-stdio.o)
                0x080078f0                __swrite
 .text.__sseek  0x08007928       0x20 c:/program files (x86)/gnu tools arm embedded/4.9 2015q3/bin/../lib/gcc/arm-none-eabi/4.9.3/../../../../arm-none-eabi/lib/armv7-m\libg.a(lib_a-stdio.o)
                0x08007928                __sseek
 .text.__sclose
                0x08007948        0x8 c:/program files (x86)/gnu tools arm embedded/4.9 2015q3/bin/../lib/gcc/arm-none-eabi/4.9.3/../../../../arm-none-eabi/lib/armv7-m\libg.a(lib_a-stdio.o)
                0x08007948                __sclose
 .text.__ssprint_r
                0x08007950      0x104 c:/program files (x86)/gnu tools arm embedded/4.9 2015q3/bin/../lib/gcc/arm-none-eabi/4.9.3/../../../../arm-none-eabi/lib/armv7-m\libg.a(lib_a-svfiprintf.o)
                0x08007950                __ssprint_r
 .text._write_r
                0x08007a54       0x28 c:/program files (x86)/gnu tools arm embedded/4.9 2015q3/bin/../lib/gcc/arm-none-eabi/4.9.3/../../../../arm-none-eabi/lib/armv7-m\libg.a(lib_a-writer.o)
                0x08007a54                _write_r
 .text._calloc_r
                0x08007a7c       0x60 c:/program files (x86)/gnu tools arm embedded/4.9 2015q3/bin/../lib/gcc/arm-none-eabi/4.9.3/../../../../arm-none-eabi/lib/armv7-m\libg.a(lib_a-callocr.o)
                0x08007a7c                _calloc_r
 .text._close_r
                0x08007adc       0x24 c:/program files (x86)/gnu tools arm embedded/4.9 2015q3/bin/../lib/gcc/arm-none-eabi/4.9.3/../../../../arm-none-eabi/lib/armv7-m\libg.a(lib_a-closer.o)
                0x08007adc                _close_r
 .text._fclose_r
                0x08007b00       0x84 c:/program files (x86)/gnu tools arm embedded/4.9 2015q3/bin/../lib/gcc/arm-none-eabi/4.9.3/../../../../arm-none-eabi/lib/armv7-m\libg.a(lib_a-fclose.o)
                0x08007b00                _fclose_r
 .text._fstat_r
                0x08007b84       0x28 c:/program files (x86)/gnu tools arm embedded/4.9 2015q3/bin/../lib/gcc/arm-none-eabi/4.9.3/../../../../arm-none-eabi/lib/armv7-m\libg.a(lib_a-fstatr.o)
                0x08007b84                _fstat_r
 .text._isatty_r
                0x08007bac       0x24 c:/program files (x86)/gnu tools arm embedded/4.9 2015q3/bin/../lib/gcc/arm-none-eabi/4.9.3/../../../../arm-none-eabi/lib/armv7-m\libg.a(lib_a-isattyr.o)
                0x08007bac                _isatty_r
 .text._lseek_r
                0x08007bd0       0x28 c:/program files (x86)/gnu tools arm embedded/4.9 2015q3/bin/../lib/gcc/arm-none-eabi/4.9.3/../../../../arm-none-eabi/lib/armv7-m\libg.a(lib_a-lseekr.o)
                0x08007bd0                _lseek_r
 .text._read_r  0x08007bf8       0x28 c:/program files (x86)/gnu tools arm embedded/4.9 2015q3/bin/../lib/gcc/arm-none-eabi/4.9.3/../../../../arm-none-eabi/lib/armv7-m\libg.a(lib_a-readr.o)
                0x08007bf8                _read_r
 .text          0x08007c20      0x424 c:/program files (x86)/gnu tools arm embedded/4.9 2015q3/bin/../lib/gcc/arm-none-eabi/4.9.3/armv7-m\libgcc.a(_arm_muldivdf3.o)
                0x08007c20                __aeabi_dmul
                0x08007c20                __muldf3
                0x08007e74                __divdf3
                0x08007e74                __aeabi_ddiv
 .text          0x08008044      0x110 c:/program files (x86)/gnu tools arm embedded/4.9 2015q3/bin/../lib/gcc/arm-none-eabi/4.9.3/armv7-m\libgcc.a(_arm_cmpdf2.o)
                0x08008044                __gtdf2
                0x08008044                __gedf2
                0x0800804c                __ltdf2
                0x0800804c                __ledf2
                0x08008054                __nedf2
                0x08008054                __eqdf2
                0x08008054                __cmpdf2
                0x080080d0                __aeabi_cdrcmple
                0x080080e0                __aeabi_cdcmpeq
                0x080080e0                __aeabi_cdcmple
                0x080080f0                __aeabi_dcmpeq
                0x08008104                __aeabi_dcmplt
                0x08008118                __aeabi_dcmple
                0x0800812c                __aeabi_dcmpge
                0x08008140                __aeabi_dcmpgt
 .text          0x08008154       0x50 c:/program files (x86)/gnu tools arm embedded/4.9 2015q3/bin/../lib/gcc/arm-none-eabi/4.9.3/armv7-m\libgcc.a(_arm_fixdfsi.o)
                0x08008154                __aeabi_d2iz
                0x08008154                __fixdfsi
 .text          0x080081a4       0x30 c:/program files (x86)/gnu tools arm embedded/4.9 2015q3/bin/../lib/gcc/arm-none-eabi/4.9.3/armv7-m\libgcc.a(_aeabi_uldivmod.o)
                0x080081a4                __aeabi_uldivmod
 *(.init)
 *(.fini)
 *crtbegin.o(.ctors)
 *crtbegin?.o(.ctors)
 *(EXCLUDE_FILE(*crtend.o *crtend?.o) .ctors)
 *(SORT(.ctors.*))
 *(.ctors)
 *crtbegin.o(.dtors)
 *crtbegin?.o(.dtors)
 *(EXCLUDE_FILE(*crtend.o *crtend?.o) .dtors)
 *(SORT(.dtors.*))
 *(.dtors)
 *(.rodata*)
 .rodata        0x080081d4       0x33 ..\obj\main.o
 *fill*         0x08008207        0x1 
 .rodata        0x08008208       0x34 ..\obj\tasks.o
 .rodata        0x0800823c       0x6d ..\obj\menu.o
 *fill*         0x080082a9        0x3 
 .rodata        0x080082ac      0x60d ..\obj\lcd_common.o
 *fill*         0x080088b9        0x3 
 .rodata        0x080088bc        0x7 ..\obj\serial.o
 *fill*         0x080088c3        0x1 
 .rodata.str1.4
                0x080088c4        0x2 c:/program files (x86)/gnu tools arm embedded/4.9 2015q3/bin/../lib/gcc/arm-none-eabi/4.9.3/../../../../arm-none-eabi/lib/armv7-m\libg.a(lib_a-puts.o)
 *fill*         0x080088c6        0x2 
 .rodata.zeroes.6911
                0x080088c8       0x10 c:/program files (x86)/gnu tools arm embedded/4.9 2015q3/bin/../lib/gcc/arm-none-eabi/4.9.3/../../../../arm-none-eabi/lib/armv7-m\libg.a(lib_a-svfprintf.o)
 .rodata.blanks.6910
                0x080088d8       0x10 c:/program files (x86)/gnu tools arm embedded/4.9 2015q3/bin/../lib/gcc/arm-none-eabi/4.9.3/../../../../arm-none-eabi/lib/armv7-m\libg.a(lib_a-svfprintf.o)
 .rodata.str1.4
                0x080088e8       0x42 c:/program files (x86)/gnu tools arm embedded/4.9 2015q3/bin/../lib/gcc/arm-none-eabi/4.9.3/../../../../arm-none-eabi/lib/armv7-m\libg.a(lib_a-svfprintf.o)
 *fill*         0x0800892a        0x2 
 .rodata.str1.4
                0x0800892c       0x10 c:/program files (x86)/gnu tools arm embedded/4.9 2015q3/bin/../lib/gcc/arm-none-eabi/4.9.3/../../../../arm-none-eabi/lib/armv7-m\libg.a(lib_a-dtoa.o)
                                 0x12 (size before relaxing)
 .rodata.str1.4
                0x0800893c        0x2 c:/program files (x86)/gnu tools arm embedded/4.9 2015q3/bin/../lib/gcc/arm-none-eabi/4.9.3/../../../../arm-none-eabi/lib/armv7-m\libg.a(lib_a-impure.o)
 *fill*         0x0800893e        0x2 
 .rodata.str1.4
                0x08008940        0xc c:/program files (x86)/gnu tools arm embedded/4.9 2015q3/bin/../lib/gcc/arm-none-eabi/4.9.3/../../../../arm-none-eabi/lib/armv7-m\libg.a(lib_a-locale.o)
                                 0x12 (size before relaxing)
 *fill*         0x0800894c        0x4 
 .rodata.__mprec_tens
                0x08008950       0xc8 c:/program files (x86)/gnu tools arm embedded/4.9 2015q3/bin/../lib/gcc/arm-none-eabi/4.9.3/../../../../arm-none-eabi/lib/armv7-m\libg.a(lib_a-mprec.o)
                0x08008950                __mprec_tens
 .rodata.p05.5302
                0x08008a18        0xc c:/program files (x86)/gnu tools arm embedded/4.9 2015q3/bin/../lib/gcc/arm-none-eabi/4.9.3/../../../../arm-none-eabi/lib/armv7-m\libg.a(lib_a-mprec.o)
 *fill*         0x08008a24        0x4 
 .rodata.__mprec_bigtens
                0x08008a28       0x28 c:/program files (x86)/gnu tools arm embedded/4.9 2015q3/bin/../lib/gcc/arm-none-eabi/4.9.3/../../../../arm-none-eabi/lib/armv7-m\libg.a(lib_a-mprec.o)
                0x08008a28                __mprec_bigtens
 *(.eh_fram e*)

.glue_7         0x08008a50        0x0
 .glue_7        0x00000000        0x0 linker stubs

.glue_7t        0x08008a50        0x0
 .glue_7t       0x00000000        0x0 linker stubs

.vfp11_veneer   0x08008a50        0x0
 .vfp11_veneer  0x00000000        0x0 linker stubs

.v4_bx          0x08008a50        0x0
 .v4_bx         0x00000000        0x0 linker stubs

.iplt           0x08008a50        0x0
 .iplt          0x00000000        0x0 ..\obj\background120x160.o

.ARM.extab
 *(.ARM.extab* .gnu.linkonce.armextab.*)
                0x08008a50                __exidx_start = .

.ARM.exidx      0x08008a50        0x8
 *(.ARM.exidx* .gnu.linkonce.armexidx.*)
 .ARM.exidx     0x08008a50        0x8 c:/program files (x86)/gnu tools arm embedded/4.9 2015q3/bin/../lib/gcc/arm-none-eabi/4.9.3/armv7-m\libgcc.a(_divdi3.o)
 .ARM.exidx     0x08008a58        0x0 c:/program files (x86)/gnu tools arm embedded/4.9 2015q3/bin/../lib/gcc/arm-none-eabi/4.9.3/armv7-m\libgcc.a(_udivdi3.o)
                                  0x8 (size before relaxing)
                0x08008a58                __exidx_end = .
                0x08008a58                __etext = .
                0x08008a58                _sidata = __etext

.rel.dyn        0x08008a58        0x0
 .rel.iplt      0x00000000        0x0 ..\obj\background120x160.o

.data           0x20000000      0x894 load address 0x08008a58
                0x20000000                __data_start__ = .
                0x20000000                _sdata = __data_start__
 *(vtable)
 *(.data*)
 .data          0x20000000       0x14 ..\obj\stm32f10x_rcc.o
 .data          0x20000014        0x4 ..\obj\tasks.o
 .data          0x20000018        0x4 ..\obj\menu.o
 .data          0x2000001c        0x4 ..\obj\port.o
 .data.__malloc_av_
                0x20000020      0x408 c:/program files (x86)/gnu tools arm embedded/4.9 2015q3/bin/../lib/gcc/arm-none-eabi/4.9.3/../../../../arm-none-eabi/lib/armv7-m\libg.a(lib_a-mallocr.o)
                0x20000020                __malloc_av_
 .data.__malloc_trim_threshold
                0x20000428        0x4 c:/program files (x86)/gnu tools arm embedded/4.9 2015q3/bin/../lib/gcc/arm-none-eabi/4.9.3/../../../../arm-none-eabi/lib/armv7-m\libg.a(lib_a-mallocr.o)
                0x20000428                __malloc_trim_threshold
 .data.__malloc_sbrk_base
                0x2000042c        0x4 c:/program files (x86)/gnu tools arm embedded/4.9 2015q3/bin/../lib/gcc/arm-none-eabi/4.9.3/../../../../arm-none-eabi/lib/armv7-m\libg.a(lib_a-mallocr.o)
                0x2000042c                __malloc_sbrk_base
 .data.impure_data
                0x20000430      0x428 c:/program files (x86)/gnu tools arm embedded/4.9 2015q3/bin/../lib/gcc/arm-none-eabi/4.9.3/../../../../arm-none-eabi/lib/armv7-m\libg.a(lib_a-impure.o)
 .data._impure_ptr
                0x20000858        0x4 c:/program files (x86)/gnu tools arm embedded/4.9 2015q3/bin/../lib/gcc/arm-none-eabi/4.9.3/../../../../arm-none-eabi/lib/armv7-m\libg.a(lib_a-impure.o)
                0x20000858                _impure_ptr
 .data.lconv    0x2000085c       0x38 c:/program files (x86)/gnu tools arm embedded/4.9 2015q3/bin/../lib/gcc/arm-none-eabi/4.9.3/../../../../arm-none-eabi/lib/armv7-m\libg.a(lib_a-locale.o)
                0x20000894                . = ALIGN (0x4)
                0x20000894                PROVIDE (__preinit_array_start, .)
 *(.preinit_array)
                0x20000894                PROVIDE (__preinit_array_end, .)
                0x20000894                . = ALIGN (0x4)
                0x20000894                PROVIDE (__init_array_start, .)
 *(SORT(.init_array.*))
 *(.init_array)
                0x20000894                PROVIDE (__init_array_end, .)
                0x20000894                . = ALIGN (0x4)
                0x20000894                PROVIDE (__fini_array_start, .)
 *(SORT(.fini_array.*))
 *(.fini_array)
                0x20000894                PROVIDE (__fini_array_end, .)
 *(.jcr*)
                0x20000894                . = ALIGN (0x4)
                0x20000894                __data_end__ = .
                0x20000894                _edata = __data_end__

.igot.plt       0x20000894        0x0 load address 0x080092ec
 .igot.plt      0x00000000        0x0 ..\obj\background120x160.o

.bss            0x20000898     0xc1f0 load address 0x080092f0
                0x20000898                . = ALIGN (0x4)
                0x20000898                __bss_start__ = .
                0x20000898                _sbss = __bss_start__
 *(.bss*)
 .bss           0x20000898       0x15 ..\obj\main.o
                0x20000898                frobnicate_menu
                0x200008ac                main_menu
 *fill*         0x200008ad        0x3 
 .bss           0x200008b0      0x142 ..\obj\tasks.o
                0x200008b0                pxCurrentTCB
 *fill*         0x200009f2        0x2 
 .bss           0x200009f4       0x24 ..\obj\menu.o
 .bss           0x20000a18        0x4 ..\obj\syscalls.o
 .bss           0x20000a1c        0x8 ..\obj\lcd_common.o
                0x20000a1c                deviceid
 .bss           0x20000a24        0x4 ..\obj\serial.o
 .bss           0x20000a28     0xc018 ..\obj\heap_2.o
 .bss.__malloc_max_total_mem
                0x2000ca40        0x4 c:/program files (x86)/gnu tools arm embedded/4.9 2015q3/bin/../lib/gcc/arm-none-eabi/4.9.3/../../../../arm-none-eabi/lib/armv7-m\libg.a(lib_a-mallocr.o)
                0x2000ca40                __malloc_max_total_mem
 .bss.__malloc_max_sbrked_mem
                0x2000ca44        0x4 c:/program files (x86)/gnu tools arm embedded/4.9 2015q3/bin/../lib/gcc/arm-none-eabi/4.9.3/../../../../arm-none-eabi/lib/armv7-m\libg.a(lib_a-mallocr.o)
                0x2000ca44                __malloc_max_sbrked_mem
 .bss.__malloc_top_pad
                0x2000ca48        0x4 c:/program files (x86)/gnu tools arm embedded/4.9 2015q3/bin/../lib/gcc/arm-none-eabi/4.9.3/../../../../arm-none-eabi/lib/armv7-m\libg.a(lib_a-mallocr.o)
                0x2000ca48                __malloc_top_pad
 .bss.__malloc_current_mallinfo
                0x2000ca4c       0x28 c:/program files (x86)/gnu tools arm embedded/4.9 2015q3/bin/../lib/gcc/arm-none-eabi/4.9.3/../../../../arm-none-eabi/lib/armv7-m\libg.a(lib_a-mallocr.o)
                0x2000ca4c                __malloc_current_mallinfo
 *(COMMON)
 COMMON         0x2000ca74        0xc ..\obj\main.o
                0x2000ca74                xTouchTaskHandle
                0x2000ca78                ITM_RxBuffer
                0x2000ca7c                xLCDTaskHandle
 COMMON         0x2000ca80        0x4 ..\obj\lcd_common.o
                0x2000ca80                xLcdSemaphore
 COMMON         0x2000ca84        0x4 c:/program files (x86)/gnu tools arm embedded/4.9 2015q3/bin/../lib/gcc/arm-none-eabi/4.9.3/../../../../arm-none-eabi/lib/armv7-m\libg.a(lib_a-reent.o)
                0x2000ca84                errno
                0x2000ca88                . = ALIGN (0x4)
                0x2000ca88                __bss_end__ = .
                0x2000ca88                _ebss = __bss_end__

.heap           0x2000ca88        0x0
                0x2000ca88                __end__ = .
                0x2000ca88                _end = __end__
                0x2000ca88                end = __end__
 *(.heap*)
                0x2000ca88                __HeapLimit = .

.co_stack       0x2000ca88      0x400 load address 0x080154e0
                0x2000ca88                . = ALIGN (0x8)
 *(.co_stack .co_stack.*)
 .co_stack      0x2000ca88      0x400 ..\obj\startup_stm32f10x_md.o
                0x2000ca88                pulStack
                0x20500000                __StackTop = (ORIGIN (ram) + 0x500000)
                0x204ffc00                __StackLimit = (__StackTop - SIZEOF (.co_stack))
                0x20500000                PROVIDE (__stack, __StackTop)
                0x00000001                ASSERT ((__StackLimit >= __HeapLimit), region ram  overflowed with stack)
LOAD ..\obj\background120x160.o
LOAD ..\obj\stm32f10x_rtc.o
LOAD ..\obj\fm.o
LOAD ..\obj\stm32f10x_tim.o
LOAD ..\obj\buzzer.o
LOAD ..\obj\rs232.o
LOAD ..\obj\timer.o
LOAD ..\obj\mini-printf.o
LOAD ..\obj\uart_stm32f072.o
LOAD ..\obj\system_stm32f10x.o
LOAD ..\obj\ringbuffer.o
LOAD ..\obj\gpio_stm32f072.o
LOAD ..\obj\touch.o
LOAD ..\obj\i2c_stm32f072.o
LOAD ..\obj\stm32f10x_fsmc.o
LOAD ..\obj\stm32f10x_pwr.o
LOAD ..\obj\startup_stm32f10x_md.o
LOAD ..\obj\stm32f10x_gpio.o
LOAD ..\obj\tdatetime.o
LOAD ..\obj\CException.o
LOAD ..\obj\gui.o
LOAD ..\obj\main.o
LOAD ..\obj\array.o
LOAD ..\obj\rtc_stm32f072.o
LOAD ..\obj\ifm_stm32f072.o
LOAD ..\obj\power.o
LOAD ..\obj\xtea.o
LOAD ..\obj\datetime_bcd.o
LOAD ..\obj\stm32f10x_rcc.o
LOAD ..\obj\lcd_32.o
LOAD ..\obj\systick_stm32f072.o
LOAD ..\obj\stm32f10x_exti.o
LOAD ..\obj\tasks.o
LOAD ..\obj\stm32f10x_adc.o
LOAD ..\obj\tmath.o
LOAD ..\obj\datetime.o
LOAD ..\obj\speaker.o
LOAD ..\obj\bmp.o
LOAD ..\obj\stm32f10x_usart.o
LOAD ..\obj\leds.o
LOAD ..\obj\button_skin100x30.o
LOAD ..\obj\menu.o
LOAD ..\obj\pit_stm32f072.o
LOAD ..\obj\md5.o
LOAD ..\obj\list.o
LOAD ..\obj\peripheral.o
LOAD ..\obj\syscalls.o
LOAD ..\obj\delay_stm32f072.o
LOAD ..\obj\stm32f10x_flash.o
LOAD ..\obj\adc.o
LOAD ..\obj\timeout.o
LOAD ..\obj\lcd_common.o
LOAD ..\obj\port.o
LOAD ..\obj\queue.o
LOAD ..\obj\gui_button.o
LOAD ..\obj\stm32f10x_dma.o
LOAD ..\obj\spi_stm32f072.o
LOAD ..\obj\misc.o
LOAD ..\obj\serial.o
LOAD ..\obj\stm32f10x_spi.o
LOAD ..\obj\filter.o
LOAD ..\obj\tstring.o
LOAD ..\obj\stm32f10x_i2c.o
LOAD ..\obj\heap_2.o
LOAD ..\obj\adc_stm32f072.o
LOAD ..\obj\ds1820.o
LOAD ..\obj\eeprom.o
START GROUP
LOAD c:/program files (x86)/gnu tools arm embedded/4.9 2015q3/bin/../lib/gcc/arm-none-eabi/4.9.3/armv7-m\libgcc.a
LOAD c:/program files (x86)/gnu tools arm embedded/4.9 2015q3/bin/../lib/gcc/arm-none-eabi/4.9.3/../../../../arm-none-eabi/lib/armv7-m\libg.a
LOAD c:/program files (x86)/gnu tools arm embedded/4.9 2015q3/bin/../lib/gcc/arm-none-eabi/4.9.3/../../../../arm-none-eabi/lib/armv7-m\libc.a
END GROUP
OUTPUT(STM32F1_64PIN.elf elf32-littlearm)

.debug_info     0x00000000     0x9279
 .debug_info    0x00000000     0x1c58 ..\obj\stm32f10x_tim.o
 .debug_info    0x00001c58      0x641 ..\obj\timer.o
 .debug_info    0x00002299      0x479 ..\obj\system_stm32f10x.o
 .debug_info    0x00002712      0x4f4 ..\obj\touch.o
 .debug_info    0x00002c06       0xe9 ..\obj\startup_stm32f10x_md.o
 .debug_info    0x00002cef      0x6e7 ..\obj\stm32f10x_gpio.o
 .debug_info    0x000033d6      0x55e ..\obj\main.o
 .debug_info    0x00003934      0x88d ..\obj\stm32f10x_rcc.o
 .debug_info    0x000041c1      0xa44 ..\obj\lcd_32.o
 .debug_info    0x00004c05      0xfc2 ..\obj\tasks.o
 .debug_info    0x00005bc7      0x9e8 ..\obj\stm32f10x_usart.o
 .debug_info    0x000065af      0x30b ..\obj\leds.o
 .debug_info    0x000068ba      0x5b9 ..\obj\menu.o
 .debug_info    0x00006e73      0x27f ..\obj\list.o
 .debug_info    0x000070f2      0x3ee ..\obj\syscalls.o
 .debug_info    0x000074e0      0x81f ..\obj\lcd_common.o
 .debug_info    0x00007cff      0x1b1 ..\obj\port.o
 .debug_info    0x00007eb0      0x766 ..\obj\queue.o
 .debug_info    0x00008616      0x53d ..\obj\misc.o
 .debug_info    0x00008b53      0x484 ..\obj\serial.o
 .debug_info    0x00008fd7      0x2a2 ..\obj\heap_2.o

.debug_abbrev   0x00000000     0x1e38
 .debug_abbrev  0x00000000      0x1b0 ..\obj\stm32f10x_tim.o
 .debug_abbrev  0x000001b0      0x15c ..\obj\timer.o
 .debug_abbrev  0x0000030c      0x14c ..\obj\system_stm32f10x.o
 .debug_abbrev  0x00000458      0x1b4 ..\obj\touch.o
 .debug_abbrev  0x0000060c       0xa7 ..\obj\startup_stm32f10x_md.o
 .debug_abbrev  0x000006b3      0x1c8 ..\obj\stm32f10x_gpio.o
 .debug_abbrev  0x0000087b      0x1d8 ..\obj\main.o
 .debug_abbrev  0x00000a53      0x1ba ..\obj\stm32f10x_rcc.o
 .debug_abbrev  0x00000c0d      0x184 ..\obj\lcd_32.o
 .debug_abbrev  0x00000d91      0x20d ..\obj\tasks.o
 .debug_abbrev  0x00000f9e      0x162 ..\obj\stm32f10x_usart.o
 .debug_abbrev  0x00001100      0x101 ..\obj\leds.o
 .debug_abbrev  0x00001201      0x1be ..\obj\menu.o
 .debug_abbrev  0x000013bf       0xba ..\obj\list.o
 .debug_abbrev  0x00001479       0xe2 ..\obj\syscalls.o
 .debug_abbrev  0x0000155b      0x261 ..\obj\lcd_common.o
 .debug_abbrev  0x000017bc      0x118 ..\obj\port.o
 .debug_abbrev  0x000018d4      0x16c ..\obj\queue.o
 .debug_abbrev  0x00001a40      0x145 ..\obj\misc.o
 .debug_abbrev  0x00001b85      0x14d ..\obj\serial.o
 .debug_abbrev  0x00001cd2      0x166 ..\obj\heap_2.o

.debug_aranges  0x00000000      0xcc8
 .debug_aranges
                0x00000000      0x2f0 ..\obj\stm32f10x_tim.o
 .debug_aranges
                0x000002f0       0x30 ..\obj\timer.o
 .debug_aranges
                0x00000320       0x38 ..\obj\system_stm32f10x.o
 .debug_aranges
                0x00000358       0xa8 ..\obj\touch.o
 .debug_aranges
                0x00000400       0x28 ..\obj\startup_stm32f10x_md.o
 .debug_aranges
                0x00000428       0xa8 ..\obj\stm32f10x_gpio.o
 .debug_aranges
                0x000004d0       0x58 ..\obj\main.o
 .debug_aranges
                0x00000528      0x118 ..\obj\stm32f10x_rcc.o
 .debug_aranges
                0x00000640       0x38 ..\obj\lcd_32.o
 .debug_aranges
                0x00000678      0x150 ..\obj\tasks.o
 .debug_aranges
                0x000007c8      0x100 ..\obj\stm32f10x_usart.o
 .debug_aranges
                0x000008c8       0x40 ..\obj\leds.o
 .debug_aranges
                0x00000908       0x70 ..\obj\menu.o
 .debug_aranges
                0x00000978       0x40 ..\obj\list.o
 .debug_aranges
                0x000009b8       0x60 ..\obj\syscalls.o
 .debug_aranges
                0x00000a18       0xe0 ..\obj\lcd_common.o
 .debug_aranges
                0x00000af8       0x70 ..\obj\port.o
 .debug_aranges
                0x00000b68       0xa8 ..\obj\queue.o
 .debug_aranges
                0x00000c10       0x40 ..\obj\misc.o
 .debug_aranges
                0x00000c50       0x40 ..\obj\serial.o
 .debug_aranges
                0x00000c90       0x38 ..\obj\heap_2.o

.debug_ranges   0x00000000      0xb78
 .debug_ranges  0x00000000      0x2e0 ..\obj\stm32f10x_tim.o
 .debug_ranges  0x000002e0       0x20 ..\obj\timer.o
 .debug_ranges  0x00000300       0x28 ..\obj\system_stm32f10x.o
 .debug_ranges  0x00000328       0x98 ..\obj\touch.o
 .debug_ranges  0x000003c0       0x18 ..\obj\startup_stm32f10x_md.o
 .debug_ranges  0x000003d8       0x98 ..\obj\stm32f10x_gpio.o
 .debug_ranges  0x00000470       0x48 ..\obj\main.o
 .debug_ranges  0x000004b8      0x108 ..\obj\stm32f10x_rcc.o
 .debug_ranges  0x000005c0       0x28 ..\obj\lcd_32.o
 .debug_ranges  0x000005e8      0x140 ..\obj\tasks.o
 .debug_ranges  0x00000728       0xf0 ..\obj\stm32f10x_usart.o
 .debug_ranges  0x00000818       0x30 ..\obj\leds.o
 .debug_ranges  0x00000848       0x60 ..\obj\menu.o
 .debug_ranges  0x000008a8       0x30 ..\obj\list.o
 .debug_ranges  0x000008d8       0x50 ..\obj\syscalls.o
 .debug_ranges  0x00000928       0xd0 ..\obj\lcd_common.o
 .debug_ranges  0x000009f8       0x60 ..\obj\port.o
 .debug_ranges  0x00000a58       0x98 ..\obj\queue.o
 .debug_ranges  0x00000af0       0x30 ..\obj\misc.o
 .debug_ranges  0x00000b20       0x30 ..\obj\serial.o
 .debug_ranges  0x00000b50       0x28 ..\obj\heap_2.o

.debug_line     0x00000000     0x54ef
 .debug_line    0x00000000      0xb80 ..\obj\stm32f10x_tim.o
 .debug_line    0x00000b80      0x2ea ..\obj\timer.o
 .debug_line    0x00000e6a      0x26e ..\obj\system_stm32f10x.o
 .debug_line    0x000010d8      0x4a8 ..\obj\touch.o
 .debug_line    0x00001580       0xcb ..\obj\startup_stm32f10x_md.o
 .debug_line    0x0000164b      0x458 ..\obj\stm32f10x_gpio.o
 .debug_line    0x00001aa3      0x3a3 ..\obj\main.o
 .debug_line    0x00001e46      0x565 ..\obj\stm32f10x_rcc.o
 .debug_line    0x000023ab      0x515 ..\obj\lcd_32.o
 .debug_line    0x000028c0      0x864 ..\obj\tasks.o
 .debug_line    0x00003124      0x53b ..\obj\stm32f10x_usart.o
 .debug_line    0x0000365f      0x389 ..\obj\leds.o
 .debug_line    0x000039e8      0x3aa ..\obj\menu.o
 .debug_line    0x00003d92      0x1d9 ..\obj\list.o
 .debug_line    0x00003f6b      0x19e ..\obj\syscalls.o
 .debug_line    0x00004109      0x652 ..\obj\lcd_common.o
 .debug_line    0x0000475b      0x1e1 ..\obj\port.o
 .debug_line    0x0000493c      0x421 ..\obj\queue.o
 .debug_line    0x00004d5d      0x2e6 ..\obj\misc.o
 .debug_line    0x00005043      0x313 ..\obj\serial.o
 .debug_line    0x00005356      0x199 ..\obj\heap_2.o

.debug_str      0x00000000     0x52ed
 .debug_str     0x00000000      0xd42 ..\obj\stm32f10x_tim.o
                                0xe0e (size before relaxing)
 .debug_str     0x00000d42      0x302 ..\obj\timer.o
                                0x6a1 (size before relaxing)
 .debug_str     0x00001044      0x19b ..\obj\system_stm32f10x.o
                                0x320 (size before relaxing)
 .debug_str     0x000011df      0x13f ..\obj\touch.o
                                0x466 (size before relaxing)
 .debug_str     0x0000131e       0xd9 ..\obj\startup_stm32f10x_md.o
                                0x170 (size before relaxing)
 .debug_str     0x000013f7      0x28a ..\obj\stm32f10x_gpio.o
                                0x54a (size before relaxing)
 .debug_str     0x00001681      0x18e ..\obj\main.o
                                0x509 (size before relaxing)
 .debug_str     0x0000180f      0x40b ..\obj\stm32f10x_rcc.o
                                0x64b (size before relaxing)
 .debug_str     0x00001c1a     0x1a2f ..\obj\lcd_32.o
                               0x1c5e (size before relaxing)
 .debug_str     0x00003649      0x8c8 ..\obj\tasks.o
                                0xab2 (size before relaxing)
 .debug_str     0x00003f11      0x445 ..\obj\stm32f10x_usart.o
                                0x6c1 (size before relaxing)
 .debug_str     0x00004356       0xcf ..\obj\leds.o
                                0x3da (size before relaxing)
 .debug_str     0x00004425      0x1d5 ..\obj\menu.o
                                0x3f5 (size before relaxing)
 .debug_str     0x000045fa       0xe6 ..\obj\list.o
                                0x299 (size before relaxing)
 .debug_str     0x000046e0      0x189 ..\obj\syscalls.o
                                0x324 (size before relaxing)
 .debug_str     0x00004869      0x1d8 ..\obj\lcd_common.o
                                0x47c (size before relaxing)
 .debug_str     0x00004a41      0x16a ..\obj\port.o
                                0x269 (size before relaxing)
 .debug_str     0x00004bab      0x34b ..\obj\queue.o
                                0x568 (size before relaxing)
 .debug_str     0x00004ef6      0x182 ..\obj\misc.o
                                0x3ef (size before relaxing)
 .debug_str     0x00005078       0xd1 ..\obj\serial.o
                                0x48a (size before relaxing)
 .debug_str     0x00005149      0x1a4 ..\obj\heap_2.o
                                0x2c4 (size before relaxing)

.comment        0x00000000       0x70
 .comment       0x00000000       0x70 ..\obj\stm32f10x_tim.o
                                 0x71 (size before relaxing)
 .comment       0x00000000       0x71 ..\obj\timer.o
 .comment       0x00000000       0x71 ..\obj\system_stm32f10x.o
 .comment       0x00000000       0x71 ..\obj\touch.o
 .comment       0x00000000       0x71 ..\obj\startup_stm32f10x_md.o
 .comment       0x00000000       0x71 ..\obj\stm32f10x_gpio.o
 .comment       0x00000000       0x71 ..\obj\main.o
 .comment       0x00000000       0x71 ..\obj\stm32f10x_rcc.o
 .comment       0x00000000       0x71 ..\obj\lcd_32.o
 .comment       0x00000000       0x71 ..\obj\tasks.o
 .comment       0x00000000       0x71 ..\obj\stm32f10x_usart.o
 .comment       0x00000000       0x71 ..\obj\leds.o
 .comment       0x00000000       0x71 ..\obj\menu.o
 .comment       0x00000000       0x71 ..\obj\list.o
 .comment       0x00000000       0x71 ..\obj\syscalls.o
 .comment       0x00000000       0x71 ..\obj\lcd_common.o
 .comment       0x00000000       0x71 ..\obj\port.o
 .comment       0x00000000       0x71 ..\obj\queue.o
 .comment       0x00000000       0x71 ..\obj\misc.o
 .comment       0x00000000       0x71 ..\obj\serial.o
 .comment       0x00000000       0x71 ..\obj\heap_2.o

.ARM.attributes
                0x00000000       0x31
 .ARM.attributes
                0x00000000       0x33 ..\obj\stm32f10x_tim.o
 .ARM.attributes
                0x00000033       0x33 ..\obj\timer.o
 .ARM.attributes
                0x00000066       0x33 ..\obj\system_stm32f10x.o
 .ARM.attributes
                0x00000099       0x33 ..\obj\touch.o
 .ARM.attributes
                0x000000cc       0x33 ..\obj\startup_stm32f10x_md.o
 .ARM.attributes
                0x000000ff       0x33 ..\obj\stm32f10x_gpio.o
 .ARM.attributes
                0x00000132       0x33 ..\obj\main.o
 .ARM.attributes
                0x00000165       0x33 ..\obj\stm32f10x_rcc.o
 .ARM.attributes
                0x00000198       0x33 ..\obj\lcd_32.o
 .ARM.attributes
                0x000001cb       0x33 ..\obj\tasks.o
 .ARM.attributes
                0x000001fe       0x33 ..\obj\stm32f10x_usart.o
 .ARM.attributes
                0x00000231       0x33 ..\obj\leds.o
 .ARM.attributes
                0x00000264       0x33 ..\obj\menu.o
 .ARM.attributes
                0x00000297       0x33 ..\obj\list.o
 .ARM.attributes
                0x000002ca       0x33 ..\obj\syscalls.o
 .ARM.attributes
                0x000002fd       0x33 ..\obj\lcd_common.o
 .ARM.attributes
                0x00000330       0x33 ..\obj\port.o
 .ARM.attributes
                0x00000363       0x33 ..\obj\queue.o
 .ARM.attributes
                0x00000396       0x33 ..\obj\misc.o
 .ARM.attributes
                0x000003c9       0x33 ..\obj\serial.o
 .ARM.attributes
                0x000003fc       0x33 ..\obj\heap_2.o
 .ARM.attributes
                0x0000042f       0x1d c:/program files (x86)/gnu tools arm embedded/4.9 2015q3/bin/../lib/gcc/arm-none-eabi/4.9.3/armv7-m\libgcc.a(_arm_addsubdf3.o)
 .ARM.attributes
                0x0000044c       0x2d c:/program files (x86)/gnu tools arm embedded/4.9 2015q3/bin/../lib/gcc/arm-none-eabi/4.9.3/armv7-m\libgcc.a(bpabi.o)
 .ARM.attributes
                0x00000479       0x1d c:/program files (x86)/gnu tools arm embedded/4.9 2015q3/bin/../lib/gcc/arm-none-eabi/4.9.3/armv7-m\libgcc.a(_dvmd_tls.o)
 .ARM.attributes
                0x00000496       0x2d c:/program files (x86)/gnu tools arm embedded/4.9 2015q3/bin/../lib/gcc/arm-none-eabi/4.9.3/armv7-m\libgcc.a(_divdi3.o)
 .ARM.attributes
                0x000004c3       0x2d c:/program files (x86)/gnu tools arm embedded/4.9 2015q3/bin/../lib/gcc/arm-none-eabi/4.9.3/armv7-m\libgcc.a(_udivdi3.o)
 .ARM.attributes
                0x000004f0       0x2d c:/program files (x86)/gnu tools arm embedded/4.9 2015q3/bin/../lib/gcc/arm-none-eabi/4.9.3/../../../../arm-none-eabi/lib/armv7-m\libg.a(lib_a-mallocr.o)
 .ARM.attributes
                0x0000051d       0x2d c:/program files (x86)/gnu tools arm embedded/4.9 2015q3/bin/../lib/gcc/arm-none-eabi/4.9.3/../../../../arm-none-eabi/lib/armv7-m\libg.a(lib_a-memcmp.o)
 .ARM.attributes
                0x0000054a       0x1b c:/program files (x86)/gnu tools arm embedded/4.9 2015q3/bin/../lib/gcc/arm-none-eabi/4.9.3/../../../../arm-none-eabi/lib/armv7-m\libg.a(lib_a-memcpy.o)
 .ARM.attributes
                0x00000565       0x2d c:/program files (x86)/gnu tools arm embedded/4.9 2015q3/bin/../lib/gcc/arm-none-eabi/4.9.3/../../../../arm-none-eabi/lib/armv7-m\libg.a(lib_a-memmove.o)
 .ARM.attributes
                0x00000592       0x2d c:/program files (x86)/gnu tools arm embedded/4.9 2015q3/bin/../lib/gcc/arm-none-eabi/4.9.3/../../../../arm-none-eabi/lib/armv7-m\libg.a(lib_a-memset.o)
 .ARM.attributes
                0x000005bf       0x2d c:/program files (x86)/gnu tools arm embedded/4.9 2015q3/bin/../lib/gcc/arm-none-eabi/4.9.3/../../../../arm-none-eabi/lib/armv7-m\libg.a(lib_a-mlock.o)
 .ARM.attributes
                0x000005ec       0x2d c:/program files (x86)/gnu tools arm embedded/4.9 2015q3/bin/../lib/gcc/arm-none-eabi/4.9.3/../../../../arm-none-eabi/lib/armv7-m\libg.a(lib_a-puts.o)
 .ARM.attributes
                0x00000619       0x2d c:/program files (x86)/gnu tools arm embedded/4.9 2015q3/bin/../lib/gcc/arm-none-eabi/4.9.3/../../../../arm-none-eabi/lib/armv7-m\libg.a(lib_a-sbrkr.o)
 .ARM.attributes
                0x00000646       0x2d c:/program files (x86)/gnu tools arm embedded/4.9 2015q3/bin/../lib/gcc/arm-none-eabi/4.9.3/../../../../arm-none-eabi/lib/armv7-m\libg.a(lib_a-strcat.o)
 .ARM.attributes
                0x00000673       0x2d c:/program files (x86)/gnu tools arm embedded/4.9 2015q3/bin/../lib/gcc/arm-none-eabi/4.9.3/../../../../arm-none-eabi/lib/armv7-m\libg.a(lib_a-strcpy.o)
 .ARM.attributes
                0x000006a0       0x2d c:/program files (x86)/gnu tools arm embedded/4.9 2015q3/bin/../lib/gcc/arm-none-eabi/4.9.3/../../../../arm-none-eabi/lib/armv7-m\libg.a(lib_a-strlen.o)
 .ARM.attributes
                0x000006cd       0x2d c:/program files (x86)/gnu tools arm embedded/4.9 2015q3/bin/../lib/gcc/arm-none-eabi/4.9.3/../../../../arm-none-eabi/lib/armv7-m\libg.a(lib_a-strncpy.o)
 .ARM.attributes
                0x000006fa       0x2d c:/program files (x86)/gnu tools arm embedded/4.9 2015q3/bin/../lib/gcc/arm-none-eabi/4.9.3/../../../../arm-none-eabi/lib/armv7-m\libg.a(lib_a-svfprintf.o)
 .ARM.attributes
                0x00000727       0x2d c:/program files (x86)/gnu tools arm embedded/4.9 2015q3/bin/../lib/gcc/arm-none-eabi/4.9.3/../../../../arm-none-eabi/lib/armv7-m\libg.a(lib_a-vsnprintf.o)
 .ARM.attributes
                0x00000754       0x2d c:/program files (x86)/gnu tools arm embedded/4.9 2015q3/bin/../lib/gcc/arm-none-eabi/4.9.3/../../../../arm-none-eabi/lib/armv7-m\libg.a(lib_a-wsetup.o)
 .ARM.attributes
                0x00000781       0x2d c:/program files (x86)/gnu tools arm embedded/4.9 2015q3/bin/../lib/gcc/arm-none-eabi/4.9.3/../../../../arm-none-eabi/lib/armv7-m\libg.a(lib_a-dtoa.o)
 .ARM.attributes
                0x000007ae       0x2d c:/program files (x86)/gnu tools arm embedded/4.9 2015q3/bin/../lib/gcc/arm-none-eabi/4.9.3/../../../../arm-none-eabi/lib/armv7-m\libg.a(lib_a-fflush.o)
 .ARM.attributes
                0x000007db       0x2d c:/program files (x86)/gnu tools arm embedded/4.9 2015q3/bin/../lib/gcc/arm-none-eabi/4.9.3/../../../../arm-none-eabi/lib/armv7-m\libg.a(lib_a-findfp.o)
 .ARM.attributes
                0x00000808       0x2d c:/program files (x86)/gnu tools arm embedded/4.9 2015q3/bin/../lib/gcc/arm-none-eabi/4.9.3/../../../../arm-none-eabi/lib/armv7-m\libg.a(lib_a-freer.o)
 .ARM.attributes
                0x00000835       0x2d c:/program files (x86)/gnu tools arm embedded/4.9 2015q3/bin/../lib/gcc/arm-none-eabi/4.9.3/../../../../arm-none-eabi/lib/armv7-m\libg.a(lib_a-fvwrite.o)
 .ARM.attributes
                0x00000862       0x2d c:/program files (x86)/gnu tools arm embedded/4.9 2015q3/bin/../lib/gcc/arm-none-eabi/4.9.3/../../../../arm-none-eabi/lib/armv7-m\libg.a(lib_a-fwalk.o)
 .ARM.attributes
                0x0000088f       0x2d c:/program files (x86)/gnu tools arm embedded/4.9 2015q3/bin/../lib/gcc/arm-none-eabi/4.9.3/../../../../arm-none-eabi/lib/armv7-m\libg.a(lib_a-impure.o)
 .ARM.attributes
                0x000008bc       0x2d c:/program files (x86)/gnu tools arm embedded/4.9 2015q3/bin/../lib/gcc/arm-none-eabi/4.9.3/../../../../arm-none-eabi/lib/armv7-m\libg.a(lib_a-locale.o)
 .ARM.attributes
                0x000008e9       0x2d c:/program files (x86)/gnu tools arm embedded/4.9 2015q3/bin/../lib/gcc/arm-none-eabi/4.9.3/../../../../arm-none-eabi/lib/armv7-m\libg.a(lib_a-makebuf.o)
 .ARM.attributes
                0x00000916       0x2d c:/program files (x86)/gnu tools arm embedded/4.9 2015q3/bin/../lib/gcc/arm-none-eabi/4.9.3/../../../../arm-none-eabi/lib/armv7-m\libg.a(lib_a-memchr.o)
 .ARM.attributes
                0x00000943       0x2d c:/program files (x86)/gnu tools arm embedded/4.9 2015q3/bin/../lib/gcc/arm-none-eabi/4.9.3/../../../../arm-none-eabi/lib/armv7-m\libg.a(lib_a-mprec.o)
 .ARM.attributes
                0x00000970       0x2d c:/program files (x86)/gnu tools arm embedded/4.9 2015q3/bin/../lib/gcc/arm-none-eabi/4.9.3/../../../../arm-none-eabi/lib/armv7-m\libg.a(lib_a-reallocr.o)
 .ARM.attributes
                0x0000099d       0x2d c:/program files (x86)/gnu tools arm embedded/4.9 2015q3/bin/../lib/gcc/arm-none-eabi/4.9.3/../../../../arm-none-eabi/lib/armv7-m\libg.a(lib_a-reent.o)
 .ARM.attributes
                0x000009ca       0x2d c:/program files (x86)/gnu tools arm embedded/4.9 2015q3/bin/../lib/gcc/arm-none-eabi/4.9.3/../../../../arm-none-eabi/lib/armv7-m\libg.a(lib_a-s_fpclassify.o)
 .ARM.attributes
                0x000009f7       0x2d c:/program files (x86)/gnu tools arm embedded/4.9 2015q3/bin/../lib/gcc/arm-none-eabi/4.9.3/../../../../arm-none-eabi/lib/armv7-m\libg.a(lib_a-stdio.o)
 .ARM.attributes
                0x00000a24       0x2d c:/program files (x86)/gnu tools arm embedded/4.9 2015q3/bin/../lib/gcc/arm-none-eabi/4.9.3/../../../../arm-none-eabi/lib/armv7-m\libg.a(lib_a-svfiprintf.o)
 .ARM.attributes
                0x00000a51       0x2d c:/program files (x86)/gnu tools arm embedded/4.9 2015q3/bin/../lib/gcc/arm-none-eabi/4.9.3/../../../../arm-none-eabi/lib/armv7-m\libg.a(lib_a-writer.o)
 .ARM.attributes
                0x00000a7e       0x2d c:/program files (x86)/gnu tools arm embedded/4.9 2015q3/bin/../lib/gcc/arm-none-eabi/4.9.3/../../../../arm-none-eabi/lib/armv7-m\libg.a(lib_a-callocr.o)
 .ARM.attributes
                0x00000aab       0x2d c:/program files (x86)/gnu tools arm embedded/4.9 2015q3/bin/../lib/gcc/arm-none-eabi/4.9.3/../../../../arm-none-eabi/lib/armv7-m\libg.a(lib_a-closer.o)
 .ARM.attributes
                0x00000ad8       0x2d c:/program files (x86)/gnu tools arm embedded/4.9 2015q3/bin/../lib/gcc/arm-none-eabi/4.9.3/../../../../arm-none-eabi/lib/armv7-m\libg.a(lib_a-fclose.o)
 .ARM.attributes
                0x00000b05       0x2d c:/program files (x86)/gnu tools arm embedded/4.9 2015q3/bin/../lib/gcc/arm-none-eabi/4.9.3/../../../../arm-none-eabi/lib/armv7-m\libg.a(lib_a-fstatr.o)
 .ARM.attributes
                0x00000b32       0x2d c:/program files (x86)/gnu tools arm embedded/4.9 2015q3/bin/../lib/gcc/arm-none-eabi/4.9.3/../../../../arm-none-eabi/lib/armv7-m\libg.a(lib_a-isattyr.o)
 .ARM.attributes
                0x00000b5f       0x2d c:/program files (x86)/gnu tools arm embedded/4.9 2015q3/bin/../lib/gcc/arm-none-eabi/4.9.3/../../../../arm-none-eabi/lib/armv7-m\libg.a(lib_a-lseekr.o)
 .ARM.attributes
                0x00000b8c       0x2d c:/program files (x86)/gnu tools arm embedded/4.9 2015q3/bin/../lib/gcc/arm-none-eabi/4.9.3/../../../../arm-none-eabi/lib/armv7-m\libg.a(lib_a-readr.o)
 .ARM.attributes
                0x00000bb9       0x1d c:/program files (x86)/gnu tools arm embedded/4.9 2015q3/bin/../lib/gcc/arm-none-eabi/4.9.3/armv7-m\libgcc.a(_arm_muldivdf3.o)
 .ARM.attributes
                0x00000bd6       0x1d c:/program files (x86)/gnu tools arm embedded/4.9 2015q3/bin/../lib/gcc/arm-none-eabi/4.9.3/armv7-m\libgcc.a(_arm_cmpdf2.o)
 .ARM.attributes
                0x00000bf3       0x1d c:/program files (x86)/gnu tools arm embedded/4.9 2015q3/bin/../lib/gcc/arm-none-eabi/4.9.3/armv7-m\libgcc.a(_arm_fixdfsi.o)
 .ARM.attributes
                0x00000c10       0x1d c:/program files (x86)/gnu tools arm embedded/4.9 2015q3/bin/../lib/gcc/arm-none-eabi/4.9.3/armv7-m\libgcc.a(_aeabi_uldivmod.o)

.debug_frame    0x00000000     0x4208
 .debug_frame   0x00000000      0xe2c ..\obj\stm32f10x_tim.o
 .debug_frame   0x00000e2c       0x78 ..\obj\timer.o
 .debug_frame   0x00000ea4       0x98 ..\obj\system_stm32f10x.o
 .debug_frame   0x00000f3c      0x278 ..\obj\touch.o
 .debug_frame   0x000011b4       0x4c ..\obj\startup_stm32f10x_md.o
 .debug_frame   0x00001200      0x2d0 ..\obj\stm32f10x_gpio.o
 .debug_frame   0x000014d0      0x128 ..\obj\main.o
 .debug_frame   0x000015f8      0x4f4 ..\obj\stm32f10x_rcc.o
 .debug_frame   0x00001aec       0x9c ..\obj\lcd_32.o
 .debug_frame   0x00001b88      0x59c ..\obj\tasks.o
 .debug_frame   0x00002124      0x490 ..\obj\stm32f10x_usart.o
 .debug_frame   0x000025b4       0xbc ..\obj\leds.o
 .debug_frame   0x00002670      0x1a8 ..\obj\menu.o
 .debug_frame   0x00002818       0xd8 ..\obj\list.o
 .debug_frame   0x000028f0      0x168 ..\obj\syscalls.o
 .debug_frame   0x00002a58      0x394 ..\obj\lcd_common.o
 .debug_frame   0x00002dec      0x148 ..\obj\port.o
 .debug_frame   0x00002f34      0x2ac ..\obj\queue.o
 .debug_frame   0x000031e0       0xd8 ..\obj\misc.o
 .debug_frame   0x000032b8       0xb4 ..\obj\serial.o
 .debug_frame   0x0000336c       0x98 ..\obj\heap_2.o
 .debug_frame   0x00003404       0x54 c:/program files (x86)/gnu tools arm embedded/4.9 2015q3/bin/../lib/gcc/arm-none-eabi/4.9.3/armv7-m\libgcc.a(bpabi.o)
 .debug_frame   0x00003458       0x34 c:/program files (x86)/gnu tools arm embedded/4.9 2015q3/bin/../lib/gcc/arm-none-eabi/4.9.3/armv7-m\libgcc.a(_divdi3.o)
 .debug_frame   0x0000348c       0x34 c:/program files (x86)/gnu tools arm embedded/4.9 2015q3/bin/../lib/gcc/arm-none-eabi/4.9.3/armv7-m\libgcc.a(_udivdi3.o)
 .debug_frame   0x000034c0       0x54 c:/program files (x86)/gnu tools arm embedded/4.9 2015q3/bin/../lib/gcc/arm-none-eabi/4.9.3/../../../../arm-none-eabi/lib/armv7-m\libg.a(lib_a-mallocr.o)
 .debug_frame   0x00003514       0x38 c:/program files (x86)/gnu tools arm embedded/4.9 2015q3/bin/../lib/gcc/arm-none-eabi/4.9.3/../../../../arm-none-eabi/lib/armv7-m\libg.a(lib_a-memcmp.o)
 .debug_frame   0x0000354c       0x30 c:/program files (x86)/gnu tools arm embedded/4.9 2015q3/bin/../lib/gcc/arm-none-eabi/4.9.3/../../../../arm-none-eabi/lib/armv7-m\libg.a(lib_a-memmove.o)
 .debug_frame   0x0000357c       0x34 c:/program files (x86)/gnu tools arm embedded/4.9 2015q3/bin/../lib/gcc/arm-none-eabi/4.9.3/../../../../arm-none-eabi/lib/armv7-m\libg.a(lib_a-memset.o)
 .debug_frame   0x000035b0       0x30 c:/program files (x86)/gnu tools arm embedded/4.9 2015q3/bin/../lib/gcc/arm-none-eabi/4.9.3/../../../../arm-none-eabi/lib/armv7-m\libg.a(lib_a-mlock.o)
 .debug_frame   0x000035e0       0x48 c:/program files (x86)/gnu tools arm embedded/4.9 2015q3/bin/../lib/gcc/arm-none-eabi/4.9.3/../../../../arm-none-eabi/lib/armv7-m\libg.a(lib_a-puts.o)
 .debug_frame   0x00003628       0x2c c:/program files (x86)/gnu tools arm embedded/4.9 2015q3/bin/../lib/gcc/arm-none-eabi/4.9.3/../../../../arm-none-eabi/lib/armv7-m\libg.a(lib_a-sbrkr.o)
 .debug_frame   0x00003654       0x28 c:/program files (x86)/gnu tools arm embedded/4.9 2015q3/bin/../lib/gcc/arm-none-eabi/4.9.3/../../../../arm-none-eabi/lib/armv7-m\libg.a(lib_a-strcat.o)
 .debug_frame   0x0000367c       0x20 c:/program files (x86)/gnu tools arm embedded/4.9 2015q3/bin/../lib/gcc/arm-none-eabi/4.9.3/../../../../arm-none-eabi/lib/armv7-m\libg.a(lib_a-strcpy.o)
 .debug_frame   0x0000369c       0x20 c:/program files (x86)/gnu tools arm embedded/4.9 2015q3/bin/../lib/gcc/arm-none-eabi/4.9.3/../../../../arm-none-eabi/lib/armv7-m\libg.a(lib_a-strlen.o)
 .debug_frame   0x000036bc       0x34 c:/program files (x86)/gnu tools arm embedded/4.9 2015q3/bin/../lib/gcc/arm-none-eabi/4.9.3/../../../../arm-none-eabi/lib/armv7-m\libg.a(lib_a-strncpy.o)
 .debug_frame   0x000036f0       0x40 c:/program files (x86)/gnu tools arm embedded/4.9 2015q3/bin/../lib/gcc/arm-none-eabi/4.9.3/../../../../arm-none-eabi/lib/armv7-m\libg.a(lib_a-svfprintf.o)
 .debug_frame   0x00003730       0x60 c:/program files (x86)/gnu tools arm embedded/4.9 2015q3/bin/../lib/gcc/arm-none-eabi/4.9.3/../../../../arm-none-eabi/lib/armv7-m\libg.a(lib_a-vsnprintf.o)
 .debug_frame   0x00003790       0x2c c:/program files (x86)/gnu tools arm embedded/4.9 2015q3/bin/../lib/gcc/arm-none-eabi/4.9.3/../../../../arm-none-eabi/lib/armv7-m\libg.a(lib_a-wsetup.o)
 .debug_frame   0x000037bc       0x84 c:/program files (x86)/gnu tools arm embedded/4.9 2015q3/bin/../lib/gcc/arm-none-eabi/4.9.3/../../../../arm-none-eabi/lib/armv7-m\libg.a(lib_a-dtoa.o)
 .debug_frame   0x00003840       0x6c c:/program files (x86)/gnu tools arm embedded/4.9 2015q3/bin/../lib/gcc/arm-none-eabi/4.9.3/../../../../arm-none-eabi/lib/armv7-m\libg.a(lib_a-fflush.o)
 .debug_frame   0x000038ac      0x124 c:/program files (x86)/gnu tools arm embedded/4.9 2015q3/bin/../lib/gcc/arm-none-eabi/4.9.3/../../../../arm-none-eabi/lib/armv7-m\libg.a(lib_a-findfp.o)
 .debug_frame   0x000039d0       0x74 c:/program files (x86)/gnu tools arm embedded/4.9 2015q3/bin/../lib/gcc/arm-none-eabi/4.9.3/../../../../arm-none-eabi/lib/armv7-m\libg.a(lib_a-freer.o)
 .debug_frame   0x00003a44       0x68 c:/program files (x86)/gnu tools arm embedded/4.9 2015q3/bin/../lib/gcc/arm-none-eabi/4.9.3/../../../../arm-none-eabi/lib/armv7-m\libg.a(lib_a-fvwrite.o)
 .debug_frame   0x00003aac       0x54 c:/program files (x86)/gnu tools arm embedded/4.9 2015q3/bin/../lib/gcc/arm-none-eabi/4.9.3/../../../../arm-none-eabi/lib/armv7-m\libg.a(lib_a-fwalk.o)
 .debug_frame   0x00003b00       0x9c c:/program files (x86)/gnu tools arm embedded/4.9 2015q3/bin/../lib/gcc/arm-none-eabi/4.9.3/../../../../arm-none-eabi/lib/armv7-m\libg.a(lib_a-locale.o)
 .debug_frame   0x00003b9c       0x48 c:/program files (x86)/gnu tools arm embedded/4.9 2015q3/bin/../lib/gcc/arm-none-eabi/4.9.3/../../../../arm-none-eabi/lib/armv7-m\libg.a(lib_a-makebuf.o)
 .debug_frame   0x00003be4       0x3c c:/program files (x86)/gnu tools arm embedded/4.9 2015q3/bin/../lib/gcc/arm-none-eabi/4.9.3/../../../../arm-none-eabi/lib/armv7-m\libg.a(lib_a-memchr.o)
 .debug_frame   0x00003c20      0x268 c:/program files (x86)/gnu tools arm embedded/4.9 2015q3/bin/../lib/gcc/arm-none-eabi/4.9.3/../../../../arm-none-eabi/lib/armv7-m\libg.a(lib_a-mprec.o)
 .debug_frame   0x00003e88       0x58 c:/program files (x86)/gnu tools arm embedded/4.9 2015q3/bin/../lib/gcc/arm-none-eabi/4.9.3/../../../../arm-none-eabi/lib/armv7-m\libg.a(lib_a-reallocr.o)
 .debug_frame   0x00003ee0       0x58 c:/program files (x86)/gnu tools arm embedded/4.9 2015q3/bin/../lib/gcc/arm-none-eabi/4.9.3/../../../../arm-none-eabi/lib/armv7-m\libg.a(lib_a-reent.o)
 .debug_frame   0x00003f38       0x34 c:/program files (x86)/gnu tools arm embedded/4.9 2015q3/bin/../lib/gcc/arm-none-eabi/4.9.3/../../../../arm-none-eabi/lib/armv7-m\libg.a(lib_a-s_fpclassify.o)
 .debug_frame   0x00003f6c       0x88 c:/program files (x86)/gnu tools arm embedded/4.9 2015q3/bin/../lib/gcc/arm-none-eabi/4.9.3/../../../../arm-none-eabi/lib/armv7-m\libg.a(lib_a-stdio.o)
 .debug_frame   0x00003ff4       0x78 c:/program files (x86)/gnu tools arm embedded/4.9 2015q3/bin/../lib/gcc/arm-none-eabi/4.9.3/../../../../arm-none-eabi/lib/armv7-m\libg.a(lib_a-svfiprintf.o)
 .debug_frame   0x0000406c       0x2c c:/program files (x86)/gnu tools arm embedded/4.9 2015q3/bin/../lib/gcc/arm-none-eabi/4.9.3/../../../../arm-none-eabi/lib/armv7-m\libg.a(lib_a-writer.o)
 .debug_frame   0x00004098       0x28 c:/program files (x86)/gnu tools arm embedded/4.9 2015q3/bin/../lib/gcc/arm-none-eabi/4.9.3/../../../../arm-none-eabi/lib/armv7-m\libg.a(lib_a-callocr.o)
 .debug_frame   0x000040c0       0x2c c:/program files (x86)/gnu tools arm embedded/4.9 2015q3/bin/../lib/gcc/arm-none-eabi/4.9.3/../../../../arm-none-eabi/lib/armv7-m\libg.a(lib_a-closer.o)
 .debug_frame   0x000040ec       0x44 c:/program files (x86)/gnu tools arm embedded/4.9 2015q3/bin/../lib/gcc/arm-none-eabi/4.9.3/../../../../arm-none-eabi/lib/armv7-m\libg.a(lib_a-fclose.o)
 .debug_frame   0x00004130       0x2c c:/program files (x86)/gnu tools arm embedded/4.9 2015q3/bin/../lib/gcc/arm-none-eabi/4.9.3/../../../../arm-none-eabi/lib/armv7-m\libg.a(lib_a-fstatr.o)
 .debug_frame   0x0000415c       0x2c c:/program files (x86)/gnu tools arm embedded/4.9 2015q3/bin/../lib/gcc/arm-none-eabi/4.9.3/../../../../arm-none-eabi/lib/armv7-m\libg.a(lib_a-isattyr.o)
 .debug_frame   0x00004188       0x2c c:/program files (x86)/gnu tools arm embedded/4.9 2015q3/bin/../lib/gcc/arm-none-eabi/4.9.3/../../../../arm-none-eabi/lib/armv7-m\libg.a(lib_a-lseekr.o)
 .debug_frame   0x000041b4       0x2c c:/program files (x86)/gnu tools arm embedded/4.9 2015q3/bin/../lib/gcc/arm-none-eabi/4.9.3/../../../../arm-none-eabi/lib/armv7-m\libg.a(lib_a-readr.o)
 .debug_frame   0x000041e0       0x28 c:/program files (x86)/gnu tools arm embedded/4.9 2015q3/bin/../lib/gcc/arm-none-eabi/4.9.3/armv7-m\libgcc.a(_aeabi_uldivmod.o)
