Archive member included because of file (symbol)

c:/program files (x86)/gnu tools arm embedded/4.9 2014q4/bin/../lib/gcc/arm-none-eabi/4.9.3/armv7-m\libgcc.a(_arm_addsubdf3.o)
                              ..\obj\ds1820.o (__aeabi_f2d)
c:/program files (x86)/gnu tools arm embedded/4.9 2014q4/bin/../lib/gcc/arm-none-eabi/4.9.3/armv7-m\libgcc.a(_arm_addsubsf3.o)
                              ..\obj\ds1820.o (__aeabi_ui2f)
c:/program files (x86)/gnu tools arm embedded/4.9 2014q4/bin/../lib/gcc/arm-none-eabi/4.9.3/armv7-m\libgcc.a(_arm_muldivsf3.o)
                              ..\obj\ds1820.o (__aeabi_fdiv)
c:/program files (x86)/gnu tools arm embedded/4.9 2014q4/bin/../lib/gcc/arm-none-eabi/4.9.3/armv7-m\libgcc.a(_aeabi_ldivmod.o)
                              ..\obj\tmath.o (__aeabi_ldivmod)
c:/program files (x86)/gnu tools arm embedded/4.9 2014q4/bin/../lib/gcc/arm-none-eabi/4.9.3/armv7-m\libgcc.a(bpabi.o)
                              c:/program files (x86)/gnu tools arm embedded/4.9 2014q4/bin/../lib/gcc/arm-none-eabi/4.9.3/armv7-m\libgcc.a(_aeabi_ldivmod.o) (__gnu_ldivmod_helper)
c:/program files (x86)/gnu tools arm embedded/4.9 2014q4/bin/../lib/gcc/arm-none-eabi/4.9.3/armv7-m\libgcc.a(_dvmd_tls.o)
                              c:/program files (x86)/gnu tools arm embedded/4.9 2014q4/bin/../lib/gcc/arm-none-eabi/4.9.3/armv7-m\libgcc.a(_aeabi_ldivmod.o) (__aeabi_ldiv0)
c:/program files (x86)/gnu tools arm embedded/4.9 2014q4/bin/../lib/gcc/arm-none-eabi/4.9.3/armv7-m\libgcc.a(_divdi3.o)
                              c:/program files (x86)/gnu tools arm embedded/4.9 2014q4/bin/../lib/gcc/arm-none-eabi/4.9.3/armv7-m\libgcc.a(bpabi.o) (__divdi3)
c:/program files (x86)/gnu tools arm embedded/4.9 2014q4/bin/../lib/gcc/arm-none-eabi/4.9.3/armv7-m\libgcc.a(_udivdi3.o)
                              c:/program files (x86)/gnu tools arm embedded/4.9 2014q4/bin/../lib/gcc/arm-none-eabi/4.9.3/armv7-m\libgcc.a(bpabi.o) (__udivdi3)
c:/program files (x86)/gnu tools arm embedded/4.9 2014q4/bin/../lib/gcc/arm-none-eabi/4.9.3/../../../../arm-none-eabi/lib/armv7-m\libg.a(lib_a-ctype_.o)
                              ..\obj\tstring.o (__ctype_ptr__)
c:/program files (x86)/gnu tools arm embedded/4.9 2014q4/bin/../lib/gcc/arm-none-eabi/4.9.3/../../../../arm-none-eabi/lib/armv7-m\libg.a(lib_a-malloc.o)
                              ..\obj\ds1820.o (malloc)
c:/program files (x86)/gnu tools arm embedded/4.9 2014q4/bin/../lib/gcc/arm-none-eabi/4.9.3/../../../../arm-none-eabi/lib/armv7-m\libg.a(lib_a-mallocr.o)
                              c:/program files (x86)/gnu tools arm embedded/4.9 2014q4/bin/../lib/gcc/arm-none-eabi/4.9.3/../../../../arm-none-eabi/lib/armv7-m\libg.a(lib_a-malloc.o) (_malloc_r)
c:/program files (x86)/gnu tools arm embedded/4.9 2014q4/bin/../lib/gcc/arm-none-eabi/4.9.3/../../../../arm-none-eabi/lib/armv7-m\libg.a(lib_a-memcmp.o)
                              ..\obj\tasks.o (memcmp)
c:/program files (x86)/gnu tools arm embedded/4.9 2014q4/bin/../lib/gcc/arm-none-eabi/4.9.3/../../../../arm-none-eabi/lib/armv7-m\libg.a(lib_a-memcpy.o)
                              ..\obj\xtea.o (memcpy)
c:/program files (x86)/gnu tools arm embedded/4.9 2014q4/bin/../lib/gcc/arm-none-eabi/4.9.3/../../../../arm-none-eabi/lib/armv7-m\libg.a(lib_a-memmove.o)
                              ..\obj\tdatetime.o (memmove)
c:/program files (x86)/gnu tools arm embedded/4.9 2014q4/bin/../lib/gcc/arm-none-eabi/4.9.3/../../../../arm-none-eabi/lib/armv7-m\libg.a(lib_a-memset.o)
                              ..\obj\rs232.o (memset)
c:/program files (x86)/gnu tools arm embedded/4.9 2014q4/bin/../lib/gcc/arm-none-eabi/4.9.3/../../../../arm-none-eabi/lib/armv7-m\libg.a(lib_a-mlock.o)
                              c:/program files (x86)/gnu tools arm embedded/4.9 2014q4/bin/../lib/gcc/arm-none-eabi/4.9.3/../../../../arm-none-eabi/lib/armv7-m\libg.a(lib_a-mallocr.o) (__malloc_lock)
c:/program files (x86)/gnu tools arm embedded/4.9 2014q4/bin/../lib/gcc/arm-none-eabi/4.9.3/../../../../arm-none-eabi/lib/armv7-m\libg.a(lib_a-printf.o)
                              ..\obj\main.o (printf)
c:/program files (x86)/gnu tools arm embedded/4.9 2014q4/bin/../lib/gcc/arm-none-eabi/4.9.3/../../../../arm-none-eabi/lib/armv7-m\libg.a(lib_a-puts.o)
                              ..\obj\touch.o (puts)
c:/program files (x86)/gnu tools arm embedded/4.9 2014q4/bin/../lib/gcc/arm-none-eabi/4.9.3/../../../../arm-none-eabi/lib/armv7-m\libg.a(lib_a-sbrkr.o)
                              c:/program files (x86)/gnu tools arm embedded/4.9 2014q4/bin/../lib/gcc/arm-none-eabi/4.9.3/../../../../arm-none-eabi/lib/armv7-m\libg.a(lib_a-mallocr.o) (_sbrk_r)
c:/program files (x86)/gnu tools arm embedded/4.9 2014q4/bin/../lib/gcc/arm-none-eabi/4.9.3/../../../../arm-none-eabi/lib/armv7-m\libg.a(lib_a-setjmp.o)
                              ..\obj\CException.o (longjmp)
[...]
Memory Configuration

Name             Origin             Length             Attributes
FLASH            0x00000000         0x00080000         xr
SRAM             0x20000000         0x00010000         xrw
*default*        0x00000000         0xffffffff

Linker script and memory map


.text           0x00000000     0xc4b0
 *(.isr_vector)
 .isr_vector    0x00000000      0x1e0 ..\obj\startup_stm32f10x_md.o
                0x00000000                g_pfnVectors
 *(.text .text.* .gnu.linkonce.t.*)
 .text.TIM_ClearITPendingBit
                0x000001e0       0x20 ..\obj\stm32f10x_tim.o
                0x000001e0                TIM_ClearITPendingBit
 .text.TIM3_IRQHandler
                0x00000200       0x1c ..\obj\timer.o
                0x00000200                TIM3_IRQHandler
 .text.SystemInit
                0x0000021c       0x5c ..\obj\system_stm32f10x.o
                0x0000021c                SystemInit
 .text.SetSysClock
                0x00000278        0xc ..\obj\system_stm32f10x.o
 .text.SetSysClockTo72
                0x00000284      0x100 ..\obj\system_stm32f10x.o
 .text.SPI_CS   0x00000384       0x2c ..\obj\touch.o
                0x00000384                SPI_CS
 .text.SPI_DIN  0x000003b0       0x2c ..\obj\touch.o
                0x000003b0                SPI_DIN
 .text.SPI_CLK  0x000003dc       0x2c ..\obj\touch.o
                0x000003dc                SPI_CLK
 .text.SPI_DOUT
                0x00000408       0x18 ..\obj\touch.o
                0x00000408                SPI_DOUT
 .text.SPI_delay
                0x00000420       0x28 ..\obj\touch.o
                0x00000420                SPI_delay
 .text.Touch_Start
                0x00000448       0x24 ..\obj\touch.o
                0x00000448                Touch_Start
 .text.Touch_Write
                0x0000046c       0x58 ..\obj\touch.o
                0x0000046c                Touch_Write
 .text.Touch_Read
                0x000004c4       0x48 ..\obj\touch.o
                0x000004c4                Touch_Read
 .text.Touch_Busy
                0x0000050c       0x18 ..\obj\touch.o
                0x0000050c                Touch_Busy
 .text.Touch_PenIRQ
                0x00000524       0x18 ..\obj\touch.o
                0x00000524                Touch_PenIRQ
 .text.Touch_Initializtion
                0x0000053c       0x98 ..\obj\touch.o
                0x0000053c                Touch_Initializtion
 .text.Touch_MeasurementY
                0x000005d4       0x6c ..\obj\touch.o
                0x000005d4                Touch_MeasurementY
 .text.Touch_MeasurementX
                0x00000640       0x74 ..\obj\touch.o
                0x00000640                Touch_MeasurementX
 .text.Touch_GetPhyX
                0x000006b4       0x38 ..\obj\touch.o
                0x000006b4                Touch_GetPhyX
 .text.Touch_GetPhyY
                0x000006ec       0x38 ..\obj\touch.o
                0x000006ec                Touch_GetPhyY
 .text.vTouchTask
                0x00000724       0x84 ..\obj\touch.o
                0x00000724                vTouchTask
 .text.FSMC_NORSRAMInit
                0x000007a8      0x130 ..\obj\stm32f10x_fsmc.o
                0x000007a8                FSMC_NORSRAMInit
 .text.FSMC_NORSRAMCmd
                0x000008d8       0x54 ..\obj\stm32f10x_fsmc.o
                0x000008d8                FSMC_NORSRAMCmd
 .text.Reset_Handler
                0x0000092c       0x78 ..\obj\startup_stm32f10x_md.o
                0x0000092c                Reset_Handler
 .text.Default_Handler
                0x000009a4        0x8 ..\obj\startup_stm32f10x_md.o
                0x000009a4                EXTI2_IRQHandler
                0x000009a4                TIM8_TRG_COM_IRQHandler
                0x000009a4                TIM8_CC_IRQHandler
                0x000009a4                DebugMon_Handler
                0x000009a4                TIM1_CC_IRQHandler
                0x000009a4                TIM6_IRQHandler
                0x000009a4                PVD_IRQHandler
                0x000009a4                SDIO_IRQHandler
                0x000009a4                NMI_Handler
                0x000009a4                EXTI3_IRQHandler
                0x000009a4                EXTI0_IRQHandler
                0x000009a4                I2C2_EV_IRQHandler
                0x000009a4                UsageFault_Handler
                0x000009a4                ADC1_2_IRQHandler
                0x000009a4                SPI1_IRQHandler
                0x000009a4                TAMPER_IRQHandler
                0x000009a4                TIM8_UP_IRQHandler
                0x000009a4                DMA2_Channel2_IRQHandler
                0x000009a4                DMA1_Channel4_IRQHandler
                0x000009a4                USART3_IRQHandler
                0x000009a4                RTC_IRQHandler
                0x000009a4                DMA1_Channel7_IRQHandler
                0x000009a4                CAN1_RX1_IRQHandler
                0x000009a4                UART5_IRQHandler
                0x000009a4                ADC3_IRQHandler
                0x000009a4                TIM4_IRQHandler
                0x000009a4                DMA2_Channel1_IRQHandler
                0x000009a4                I2C1_EV_IRQHandler
                0x000009a4                DMA1_Channel6_IRQHandler
                0x000009a4                UART4_IRQHandler
                0x000009a4                RCC_IRQHandler
                0x000009a4                TIM1_TRG_COM_IRQHandler
                0x000009a4                DMA1_Channel1_IRQHandler
                0x000009a4                Default_Handler
                0x000009a4                EXTI15_10_IRQHandler
                0x000009a4                TIM7_IRQHandler
                0x000009a4                TIM5_IRQHandler
                0x000009a4                EXTI9_5_IRQHandler
                0x000009a4                SPI2_IRQHandler
                0x000009a4                MemManage_Handler
                0x000009a4                DMA1_Channel5_IRQHandler
                0x000009a4                EXTI4_IRQHandler
                0x000009a4                USB_LP_CAN1_RX0_IRQHandler
                0x000009a4                USB_HP_CAN1_TX_IRQHandler
                0x000009a4                DMA1_Channel3_IRQHandler
                0x000009a4                FSMC_IRQHandler
                0x000009a4                TIM1_UP_IRQHandler
                0x000009a4                WWDG_IRQHandler
                0x000009a4                TIM2_IRQHandler
                0x000009a4                TIM1_BRK_IRQHandler
                0x000009a4                EXTI1_IRQHandler
                0x000009a4                RTCAlarm_IRQHandler
                0x000009a4                DMA2_Channel4_5_IRQHandler
                0x000009a4                USART2_IRQHandler
                0x000009a4                I2C2_ER_IRQHandler
                0x000009a4                DMA1_Channel2_IRQHandler
                0x000009a4                TIM8_BRK_IRQHandler
                0x000009a4                CAN1_SCE_IRQHandler
                0x000009a4                FLASH_IRQHandler
                0x000009a4                BusFault_Handler
                0x000009a4                USART1_IRQHandler
                0x000009a4                SPI3_IRQHandler
                0x000009a4                I2C1_ER_IRQHandler
                0x000009a4                USBWakeUp_IRQHandler
                0x000009a4                DMA2_Channel3_IRQHandler
 .text.GPIO_Init
                0x000009ac      0x180 ..\obj\stm32f10x_gpio.o
                0x000009ac                GPIO_Init
 .text.GPIO_ReadInputDataBit
                0x00000b2c       0x34 ..\obj\stm32f10x_gpio.o
                0x00000b2c                GPIO_ReadInputDataBit
 .text.GPIO_ReadOutputDataBit
                0x00000b60       0x34 ..\obj\stm32f10x_gpio.o
                0x00000b60                GPIO_ReadOutputDataBit
 .text.GPIO_SetBits
                0x00000b94       0x1c ..\obj\stm32f10x_gpio.o
                0x00000b94                GPIO_SetBits
 .text.GPIO_ResetBits
                0x00000bb0       0x1c ..\obj\stm32f10x_gpio.o
                0x00000bb0                GPIO_ResetBits
 .text.GPIO_WriteBit
                0x00000bcc       0x30 ..\obj\stm32f10x_gpio.o
                0x00000bcc                GPIO_WriteBit
 .text.item_1_callback
                0x00000bfc       0x24 ..\obj\main.o
                0x00000bfc                item_1_callback
 .text.item_2_callback
                0x00000c20       0x30 ..\obj\main.o
                0x00000c20                item_2_callback
 .text.example_applet
                0x00000c50       0x34 ..\obj\main.o
                0x00000c50                example_applet
 .text.example_applet_touch_handler
                0x00000c84       0x4c ..\obj\main.o
                0x00000c84                example_applet_touch_handler
 .text.main     0x00000cd0       0x78 ..\obj\main.o
                0x00000cd0                main
 .text.prvSetupHardware
                0x00000d48       0xa4 ..\obj\main.o
 .text.vApplicationStackOverflowHook
                0x00000dec       0x34 ..\obj\main.o
                0x00000dec                vApplicationStackOverflowHook
 .text.RCC_DeInit
                0x00000e20       0x5c ..\obj\stm32f10x_rcc.o
                0x00000e20                RCC_DeInit
 .text.RCC_HSEConfig
                0x00000e7c       0x5c ..\obj\stm32f10x_rcc.o
                0x00000e7c                RCC_HSEConfig
 .text.RCC_PLLConfig
                0x00000ed8       0x3c ..\obj\stm32f10x_rcc.o
                0x00000ed8                RCC_PLLConfig
 .text.RCC_PLLCmd
                0x00000f14       0x20 ..\obj\stm32f10x_rcc.o
                0x00000f14                RCC_PLLCmd
 .text.RCC_SYSCLKConfig
                0x00000f34       0x38 ..\obj\stm32f10x_rcc.o
                0x00000f34                RCC_SYSCLKConfig
 .text.RCC_GetSYSCLKSource
                0x00000f6c       0x20 ..\obj\stm32f10x_rcc.o
                0x00000f6c                RCC_GetSYSCLKSource
 .text.RCC_HCLKConfig
                0x00000f8c       0x38 ..\obj\stm32f10x_rcc.o
                0x00000f8c                RCC_HCLKConfig
 .text.RCC_PCLK1Config
                0x00000fc4       0x38 ..\obj\stm32f10x_rcc.o
                0x00000fc4                RCC_PCLK1Config
 .text.RCC_PCLK2Config
                0x00000ffc       0x38 ..\obj\stm32f10x_rcc.o
                0x00000ffc                RCC_PCLK2Config
 .text.RCC_GetClocksFreq
                0x00001034      0x164 ..\obj\stm32f10x_rcc.o
                0x00001034                RCC_GetClocksFreq
 .text.RCC_APB2PeriphClockCmd
                0x00001198       0x3c ..\obj\stm32f10x_rcc.o
                0x00001198                RCC_APB2PeriphClockCmd
 .text.RCC_APB1PeriphClockCmd
                0x000011d4       0x3c ..\obj\stm32f10x_rcc.o
                0x000011d4                RCC_APB1PeriphClockCmd
 .text.RCC_GetFlagStatus
                0x00001210       0x74 ..\obj\stm32f10x_rcc.o
                0x00001210                RCC_GetFlagStatus
 .text.lcd_SetCursor
                0x00001284       0x78 ..\obj\lcd_32.o
                0x00001284                lcd_SetCursor
 .text.LCD_Initializtion2
                0x000012fc      0xb64 ..\obj\lcd_32.o
 .text.lcd_init
                0x00001e60       0x44 ..\obj\lcd_32.o
                0x00001e60                lcd_init
 .text.LCD_FSMCConfig
                0x00001ea4       0x74 ..\obj\lcd_32.o
 .text.xTaskGenericCreate
                0x00001f18      0x150 ..\obj\tasks.o
                0x00001f18                xTaskGenericCreate
 .text.vTaskDelay
                0x00002068       0x8c ..\obj\tasks.o
                0x00002068                vTaskDelay
 .text.vTaskStartScheduler
                0x000020f4       0x58 ..\obj\tasks.o
                0x000020f4                vTaskStartScheduler
 .text.vTaskSuspendAll
                0x0000214c       0x1c ..\obj\tasks.o
                0x0000214c                vTaskSuspendAll
 .text.xTaskResumeAll
                0x00002168      0x100 ..\obj\tasks.o
                0x00002168                xTaskResumeAll
 .text.xTaskGetTickCount
                0x00002268       0x24 ..\obj\tasks.o
                0x00002268                xTaskGetTickCount
 .text.vTaskIncrementTick
                0x0000228c       0xdc ..\obj\tasks.o
                0x0000228c                vTaskIncrementTick
 .text.vTaskSwitchContext
                0x00002368      0x150 ..\obj\tasks.o
                0x00002368                vTaskSwitchContext
 .text.vTaskPlaceOnEventList
                0x000024b8       0x98 ..\obj\tasks.o
                0x000024b8                vTaskPlaceOnEventList
 .text.xTaskRemoveFromEventList
                0x00002550       0xac ..\obj\tasks.o
                0x00002550                xTaskRemoveFromEventList
 .text.vTaskSetTimeOutState
                0x000025fc       0x2c ..\obj\tasks.o
                0x000025fc                vTaskSetTimeOutState
 .text.xTaskCheckForTimeOut
                0x00002628       0x88 ..\obj\tasks.o
                0x00002628                xTaskCheckForTimeOut
 .text.vTaskMissedYield
                0x000026b0       0x18 ..\obj\tasks.o
                0x000026b0                vTaskMissedYield
 .text.prvIdleTask
                0x000026c8       0x20 ..\obj\tasks.o
 .text.prvInitialiseTCBVariables
                0x000026e8       0x6c ..\obj\tasks.o
 .text.prvInitialiseTaskLists
                0x00002754       0x7c ..\obj\tasks.o
 .text.prvCheckTasksWaitingTermination
                0x000027d0       0x84 ..\obj\tasks.o
 .text.prvAllocateTCBAndStack
                0x00002854       0x5c ..\obj\tasks.o
 .text.prvDeleteTCB
                0x000028b0       0x20 ..\obj\tasks.o
 .text.xTaskGetCurrentTaskHandle
                0x000028d0       0x20 ..\obj\tasks.o
                0x000028d0                xTaskGetCurrentTaskHandle
 .text.vTaskPriorityInherit
                0x000028f0       0xa4 ..\obj\tasks.o
                0x000028f0                vTaskPriorityInherit
 .text.vTaskPriorityDisinherit
                0x00002994       0x7c ..\obj\tasks.o
                0x00002994                vTaskPriorityDisinherit
 .text.USART_Init
                0x00002a10      0x174 ..\obj\stm32f10x_usart.o
                0x00002a10                USART_Init
 .text.USART_Cmd
                0x00002b84       0x40 ..\obj\stm32f10x_usart.o
                0x00002b84                USART_Cmd
 .text.USART_SendData
                0x00002bc4       0x24 ..\obj\stm32f10x_usart.o
                0x00002bc4                USART_SendData
 .text.USART_GetFlagStatus
                0x00002be8       0x38 ..\obj\stm32f10x_usart.o
                0x00002be8                USART_GetFlagStatus
 .text.vLEDInit
                0x00002c20       0x58 ..\obj\leds.o
                0x00002c20                vLEDInit
 .text.vLEDSet  0x00002c78       0x3c ..\obj\leds.o
                0x00002c78                vLEDSet
 .text.vLEDToggle
                0x00002cb4       0x40 ..\obj\leds.o
                0x00002cb4                vLEDToggle
 .text.menu_run_callback
                0x00002cf4       0x58 ..\obj\menu.o
 .text.menu_get_selected
                0x00002d4c       0xc8 ..\obj\menu.o
 .text.menu_paint_cell
                0x00002e14      0x108 ..\obj\menu.o
 .text.menu_two_column
                0x00002f1c       0xe8 ..\obj\menu.o
 .text.menu_update
                0x00003004      0x218 ..\obj\menu.o
 .text.menu_set_root
                0x0000321c       0x1c ..\obj\menu.o
                0x0000321c                menu_set_root
 .text.menu_back_after_applet
                0x00003238       0x60 ..\obj\menu.o
 .text.menu_touch
                0x00003298      0x274 ..\obj\menu.o
                0x00003298                menu_touch
 .text.menu_clear
                0x0000350c        0xc ..\obj\menu.o
                0x0000350c                menu_clear
 .text.vListInitialise
                0x00003518       0x40 ..\obj\list.o
                0x00003518                vListInitialise
 .text.vListInitialiseItem
                0x00003558       0x18 ..\obj\list.o
                0x00003558                vListInitialiseItem
 .text.vListInsertEnd
                0x00003570       0x50 ..\obj\list.o
                0x00003570                vListInsertEnd
 .text.vListInsert
                0x000035c0       0x70 ..\obj\list.o
                0x000035c0                vListInsert
 .text.vListRemove
                0x00003630       0x50 ..\obj\list.o
                0x00003630                vListRemove
 .text._sbrk    0x00003680       0x40 ..\obj\syscalls.o
                0x00003680                _sbrk
 .text._close   0x000036c0       0x18 ..\obj\syscalls.o
                0x000036c0                _close
 .text._fstat   0x000036d8       0x20 ..\obj\syscalls.o
                0x000036d8                _fstat
 .text._isatty  0x000036f8       0x18 ..\obj\syscalls.o
                0x000036f8                _isatty
 .text._lseek   0x00003710       0x1c ..\obj\syscalls.o
                0x00003710                _lseek
 .text._read    0x0000372c       0x1c ..\obj\syscalls.o
                0x0000372c                _read
 .text._write   0x00003748       0x1c ..\obj\syscalls.o
                0x00003748                _write
 .text.Delay    0x00003764       0x38 ..\obj\lcd_common.o
                0x00003764                Delay
 .text.write_cmd
                0x0000379c       0x1c ..\obj\lcd_common.o
                0x0000379c                write_cmd
 .text.read_data
                0x000037b8       0x18 ..\obj\lcd_common.o
                0x000037b8                read_data
 .text.write_data
                0x000037d0       0x20 ..\obj\lcd_common.o
                0x000037d0                write_data
 .text.write_reg
                0x000037f0       0x28 ..\obj\lcd_common.o
                0x000037f0                write_reg
 .text.read_reg
                0x00003818       0x2c ..\obj\lcd_common.o
                0x00003818                read_reg
 .text.lcd_write_ram_prepare
                0x00003844        0xc ..\obj\lcd_common.o
 .text.lcd_set_cursor
                0x00003850       0x28 ..\obj\lcd_common.o
 .text.lcd_char_xy
                0x00003878       0xa8 ..\obj\lcd_common.o
 .text.lcd_lock
                0x00003920       0x3c ..\obj\lcd_common.o
                0x00003920                lcd_lock
 .text.lcd_release
                0x0000395c       0x24 ..\obj\lcd_common.o
                0x0000395c                lcd_release
 .text.lcd_text_xy
                0x00003980       0x94 ..\obj\lcd_common.o
                0x00003980                lcd_text_xy
 .text.lcd_text
                0x00003a14       0x40 ..\obj\lcd_common.o
                0x00003a14                lcd_text
 .text.lcd_fill
                0x00003a54       0x94 ..\obj\lcd_common.o
                0x00003a54                lcd_fill
 .text.lcd_printf
                0x00003ae8       0xa8 ..\obj\lcd_common.o
                0x00003ae8                lcd_printf
 .text.lcd_clear
                0x00003b90       0x64 ..\obj\lcd_common.o
                0x00003b90                lcd_clear
 .text.lcd_background
                0x00003bf4       0x20 ..\obj\lcd_common.o
                0x00003bf4                lcd_background
 .text.pxPortInitialiseStack
                0x00003c14       0x54 ..\obj\port.o
                0x00003c14                pxPortInitialiseStack
 .text.SVC_Handler
                0x00003c68       0x20 ..\obj\port.o
                0x00003c68                SVC_Handler
 .text.vPortStartFirstTask
                0x00003c88       0x10 ..\obj\port.o
                0x00003c88                vPortStartFirstTask
 .text.xPortStartScheduler
                0x00003c98       0x38 ..\obj\port.o
                0x00003c98                xPortStartScheduler
 .text.vPortYieldFromISR
                0x00003cd0       0x18 ..\obj\port.o
                0x00003cd0                vPortYieldFromISR
 .text.vPortEnterCritical
                0x00003ce8       0x24 ..\obj\port.o
                0x00003ce8                vPortEnterCritical
 .text.vPortExitCritical
                0x00003d0c       0x2c ..\obj\port.o
                0x00003d0c                vPortExitCritical
 .text.PendSV_Handler
                0x00003d38       0x3c ..\obj\port.o
                0x00003d38                PendSV_Handler
 .text.SysTick_Handler
                0x00003d74       0x30 ..\obj\port.o
                0x00003d74                SysTick_Handler
 .text.prvSetupTimerInterrupt
                0x00003da4       0x24 ..\obj\port.o
 .text.xQueueCreateMutex
                0x00003dc8       0x78 ..\obj\queue.o
                0x00003dc8                xQueueCreateMutex
 .text.xQueueGenericSend
                0x00003e40      0x10c ..\obj\queue.o
                0x00003e40                xQueueGenericSend
 .text.xQueueGenericReceive
                0x00003f4c      0x16c ..\obj\queue.o
                0x00003f4c                xQueueGenericReceive
 .text.prvCopyDataToQueue
                0x000040b8       0xb8 ..\obj\queue.o
 .text.prvCopyDataFromQueue
                0x00004170       0x4c ..\obj\queue.o
 .text.prvUnlockQueue
                0x000041bc       0x98 ..\obj\queue.o
 .text.prvIsQueueEmpty
                0x00004254       0x2c ..\obj\queue.o
 .text.prvIsQueueFull
                0x00004280       0x30 ..\obj\queue.o
 .text.NVIC_PriorityGroupConfig
                0x000042b0       0x24 ..\obj\misc.o
                0x000042b0                NVIC_PriorityGroupConfig
 .text.NVIC_SetVectorTable
                0x000042d4       0x2c ..\obj\misc.o
                0x000042d4                NVIC_SetVectorTable
 .text.SysTick_CLKSourceConfig
                0x00004300       0x38 ..\obj\misc.o
                0x00004300                SysTick_CLKSourceConfig
 .text.comm_put
                0x00004338       0x3c ..\obj\serial.o
                0x00004338                comm_put
 .text.comm_puts
                0x00004374       0x28 ..\obj\serial.o
                0x00004374                comm_puts
 .text.USARTInit
                0x0000439c       0xc4 ..\obj\serial.o
                0x0000439c                USARTInit
 .text.pvPortMalloc
                0x00004460      0x14c ..\obj\heap_2.o
                0x00004460                pvPortMalloc
 .text.vPortFree
                0x000045ac       0x70 ..\obj\heap_2.o
                0x000045ac                vPortFree
 .text          0x0000461c      0x370 c:/program files (x86)/gnu tools arm embedded/4.9 2014q4/bin/../lib/gcc/arm-none-eabi/4.9.3/armv7-m\libgcc.a(_arm_addsubdf3.o)
                0x0000461c                __aeabi_drsub
                0x00004624                __aeabi_dsub
                0x00004624                __subdf3
                0x00004628                __aeabi_dadd
                0x00004628                __adddf3
                0x000048a0                __floatunsidf
                0x000048a0                __aeabi_ui2d
                0x000048c0                __floatsidf
                0x000048c0                __aeabi_i2d
                0x000048e4                __aeabi_f2d
                0x000048e4                __extendsfdf2
                0x00004920                __floatundidf
                0x00004920                __aeabi_ul2d
                0x00004930                __floatdidf
                0x00004930                __aeabi_l2d
 .text          0x0000498c       0x60 c:/program files (x86)/gnu tools arm embedded/4.9 2014q4/bin/../lib/gcc/arm-none-eabi/4.9.3/armv7-m\libgcc.a(bpabi.o)
                0x0000498c                __gnu_ldivmod_helper
                0x000049bc                __gnu_uldivmod_helper
 .text          0x000049ec        0x4 c:/program files (x86)/gnu tools arm embedded/4.9 2014q4/bin/../lib/gcc/arm-none-eabi/4.9.3/armv7-m\libgcc.a(_dvmd_tls.o)
                0x000049ec                __aeabi_idiv0
                0x000049ec                __aeabi_ldiv0
 .text          0x000049f0      0x2ac c:/program files (x86)/gnu tools arm embedded/4.9 2014q4/bin/../lib/gcc/arm-none-eabi/4.9.3/armv7-m\libgcc.a(_divdi3.o)
                0x000049f0                __divdi3
 .text          0x00004c9c      0x270 c:/program files (x86)/gnu tools arm embedded/4.9 2014q4/bin/../lib/gcc/arm-none-eabi/4.9.3/armv7-m\libgcc.a(_udivdi3.o)
                0x00004c9c                __udivdi3
 .text._malloc_r
                0x00004f0c      0x504 c:/program files (x86)/gnu tools arm embedded/4.9 2014q4/bin/../lib/gcc/arm-none-eabi/4.9.3/../../../../arm-none-eabi/lib/armv7-m\libg.a(lib_a-mallocr.o)
                0x00004f0c                _malloc_r
 .text.memcmp   0x00005410       0x64 c:/program files (x86)/gnu tools arm embedded/4.9 2014q4/bin/../lib/gcc/arm-none-eabi/4.9.3/../../../../arm-none-eabi/lib/armv7-m\libg.a(lib_a-memcmp.o)
                0x00005410                memcmp
 .text          0x00005474       0xec c:/program files (x86)/gnu tools arm embedded/4.9 2014q4/bin/../lib/gcc/arm-none-eabi/4.9.3/../../../../arm-none-eabi/lib/armv7-m\libg.a(lib_a-memcpy.o)
                0x00005474                memcpy
 .text.memmove  0x00005560       0xc8 c:/program files (x86)/gnu tools arm embedded/4.9 2014q4/bin/../lib/gcc/arm-none-eabi/4.9.3/../../../../arm-none-eabi/lib/armv7-m\libg.a(lib_a-memmove.o)
                0x00005560                memmove
 .text.memset   0x00005628       0x9c c:/program files (x86)/gnu tools arm embedded/4.9 2014q4/bin/../lib/gcc/arm-none-eabi/4.9.3/../../../../arm-none-eabi/lib/armv7-m\libg.a(lib_a-memset.o)
                0x00005628                memset
 .text.__malloc_lock
                0x000056c4        0x4 c:/program files (x86)/gnu tools arm embedded/4.9 2014q4/bin/../lib/gcc/arm-none-eabi/4.9.3/../../../../arm-none-eabi/lib/armv7-m\libg.a(lib_a-mlock.o)
                0x000056c4                __malloc_lock
 .text.__malloc_unlock
                0x000056c8        0x4 c:/program files (x86)/gnu tools arm embedded/4.9 2014q4/bin/../lib/gcc/arm-none-eabi/4.9.3/../../../../arm-none-eabi/lib/armv7-m\libg.a(lib_a-mlock.o)
                0x000056c8                __malloc_unlock
 .text.printf   0x000056cc       0x28 c:/program files (x86)/gnu tools arm embedded/4.9 2014q4/bin/../lib/gcc/arm-none-eabi/4.9.3/../../../../arm-none-eabi/lib/armv7-m\libg.a(lib_a-printf.o)
                0x000056cc                printf
 .text._puts_r  0x000056f4       0x60 c:/program files (x86)/gnu tools arm embedded/4.9 2014q4/bin/../lib/gcc/arm-none-eabi/4.9.3/../../../../arm-none-eabi/lib/armv7-m\libg.a(lib_a-puts.o)
                0x000056f4                _puts_r
 .text.puts     0x00005754       0x10 c:/program files (x86)/gnu tools arm embedded/4.9 2014q4/bin/../lib/gcc/arm-none-eabi/4.9.3/../../../../arm-none-eabi/lib/armv7-m\libg.a(lib_a-puts.o)
                0x00005754                puts
 .text._sbrk_r  0x00005764       0x24 c:/program files (x86)/gnu tools arm embedded/4.9 2014q4/bin/../lib/gcc/arm-none-eabi/4.9.3/../../../../arm-none-eabi/lib/armv7-m\libg.a(lib_a-sbrkr.o)
                0x00005764                _sbrk_r
 .text.strcat   0x00005788       0x40 c:/program files (x86)/gnu tools arm embedded/4.9 2014q4/bin/../lib/gcc/arm-none-eabi/4.9.3/../../../../arm-none-eabi/lib/armv7-m\libg.a(lib_a-strcat.o)
                0x00005788                strcat
 .text          0x000057c8      0x1bc c:/program files (x86)/gnu tools arm embedded/4.9 2014q4/bin/../lib/gcc/arm-none-eabi/4.9.3/../../../../arm-none-eabi/lib/armv7-m\libg.a(lib_a-strcmp.o)
                0x000057c8                strcmp
 .text.strcpy   0x00005984       0xbc c:/program files (x86)/gnu tools arm embedded/4.9 2014q4/bin/../lib/gcc/arm-none-eabi/4.9.3/../../../../arm-none-eabi/lib/armv7-m\libg.a(lib_a-strcpy.o)
                0x00005984                strcpy
 .text.strlen   0x00005a40       0x5c c:/program files (x86)/gnu tools arm embedded/4.9 2014q4/bin/../lib/gcc/arm-none-eabi/4.9.3/../../../../arm-none-eabi/lib/armv7-m\libg.a(lib_a-strlen.o)
                0x00005a40                strlen
 .text.strncpy  0x00005a9c       0x68 c:/program files (x86)/gnu tools arm embedded/4.9 2014q4/bin/../lib/gcc/arm-none-eabi/4.9.3/../../../../arm-none-eabi/lib/armv7-m\libg.a(lib_a-strncpy.o)
                0x00005a9c                strncpy
 .text._svfprintf_r
                0x00005b04     0x14f4 c:/program files (x86)/gnu tools arm embedded/4.9 2014q4/bin/../lib/gcc/arm-none-eabi/4.9.3/../../../../arm-none-eabi/lib/armv7-m\libg.a(lib_a-svfprintf.o)
                0x00005b04                _svfprintf_r
 .text._vfprintf_r
                0x00006ff8     0x1448 c:/program files (x86)/gnu tools arm embedded/4.9 2014q4/bin/../lib/gcc/arm-none-eabi/4.9.3/../../../../arm-none-eabi/lib/armv7-m\libg.a(lib_a-vfprintf.o)
                0x00006ff8                _vfprintf_r
 .text.__sbprintf
                0x00008440       0x7c c:/program files (x86)/gnu tools arm embedded/4.9 2014q4/bin/../lib/gcc/arm-none-eabi/4.9.3/../../../../arm-none-eabi/lib/armv7-m\libg.a(lib_a-vfprintf.o)
 .text._vsnprintf_r
                0x000084bc       0x70 c:/program files (x86)/gnu tools arm embedded/4.9 2014q4/bin/../lib/gcc/arm-none-eabi/4.9.3/../../../../arm-none-eabi/lib/armv7-m\libg.a(lib_a-vsnprintf.o)
                0x000084bc                _vsnprintf_r
 .text.vsnprintf
                0x0000852c       0x20 c:/program files (x86)/gnu tools arm embedded/4.9 2014q4/bin/../lib/gcc/arm-none-eabi/4.9.3/../../../../arm-none-eabi/lib/armv7-m\libg.a(lib_a-vsnprintf.o)
                0x0000852c                vsnprintf
 .text.__swsetup_r
                0x0000854c       0xc4 c:/program files (x86)/gnu tools arm embedded/4.9 2014q4/bin/../lib/gcc/arm-none-eabi/4.9.3/../../../../arm-none-eabi/lib/armv7-m\libg.a(lib_a-wsetup.o)
                0x0000854c                __swsetup_r
 .text.quorem   0x00008610      0x130 c:/program files (x86)/gnu tools arm embedded/4.9 2014q4/bin/../lib/gcc/arm-none-eabi/4.9.3/../../../../arm-none-eabi/lib/armv7-m\libg.a(lib_a-dtoa.o)
 .text._dtoa_r  0x00008740      0xea8 c:/program files (x86)/gnu tools arm embedded/4.9 2014q4/bin/../lib/gcc/arm-none-eabi/4.9.3/../../../../arm-none-eabi/lib/armv7-m\libg.a(lib_a-dtoa.o)
                0x00008740                _dtoa_r
 .text.__sflush_r
                0x000095e8      0x148 c:/program files (x86)/gnu tools arm embedded/4.9 2014q4/bin/../lib/gcc/arm-none-eabi/4.9.3/../../../../arm-none-eabi/lib/armv7-m\libg.a(lib_a-fflush.o)
                0x000095e8                __sflush_r
 .text._fflush_r
                0x00009730       0x2c c:/program files (x86)/gnu tools arm embedded/4.9 2014q4/bin/../lib/gcc/arm-none-eabi/4.9.3/../../../../arm-none-eabi/lib/armv7-m\libg.a(lib_a-fflush.o)
                0x00009730                _fflush_r
 .text._cleanup_r
                0x0000975c        0xc c:/program files (x86)/gnu tools arm embedded/4.9 2014q4/bin/../lib/gcc/arm-none-eabi/4.9.3/../../../../arm-none-eabi/lib/armv7-m\libg.a(lib_a-findfp.o)
                0x0000975c                _cleanup_r
 .text.__sinit.part.1
                0x00009768       0xf0 c:/program files (x86)/gnu tools arm embedded/4.9 2014q4/bin/../lib/gcc/arm-none-eabi/4.9.3/../../../../arm-none-eabi/lib/armv7-m\libg.a(lib_a-findfp.o)
 .text.__sinit  0x00009858        0xc c:/program files (x86)/gnu tools arm embedded/4.9 2014q4/bin/../lib/gcc/arm-none-eabi/4.9.3/../../../../arm-none-eabi/lib/armv7-m\libg.a(lib_a-findfp.o)
                0x00009858                __sinit
 .text.__sfp_lock_acquire
                0x00009864        0x4 c:/program files (x86)/gnu tools arm embedded/4.9 2014q4/bin/../lib/gcc/arm-none-eabi/4.9.3/../../../../arm-none-eabi/lib/armv7-m\libg.a(lib_a-findfp.o)
                0x00009864                __sfp_lock_acquire
 .text.__sfp_lock_release
                0x00009868        0x4 c:/program files (x86)/gnu tools arm embedded/4.9 2014q4/bin/../lib/gcc/arm-none-eabi/4.9.3/../../../../arm-none-eabi/lib/armv7-m\libg.a(lib_a-findfp.o)
                0x00009868                __sfp_lock_release
 .text._malloc_trim_r
                0x0000986c       0x9c c:/program files (x86)/gnu tools arm embedded/4.9 2014q4/bin/../lib/gcc/arm-none-eabi/4.9.3/../../../../arm-none-eabi/lib/armv7-m\libg.a(lib_a-freer.o)
                0x0000986c                _malloc_trim_r
 .text._free_r  0x00009908      0x1b0 c:/program files (x86)/gnu tools arm embedded/4.9 2014q4/bin/../lib/gcc/arm-none-eabi/4.9.3/../../../../arm-none-eabi/lib/armv7-m\libg.a(lib_a-freer.o)
                0x00009908                _free_r
 .text.__sfvwrite_r
                0x00009ab8      0x320 c:/program files (x86)/gnu tools arm embedded/4.9 2014q4/bin/../lib/gcc/arm-none-eabi/4.9.3/../../../../arm-none-eabi/lib/armv7-m\libg.a(lib_a-fvwrite.o)
                0x00009ab8                __sfvwrite_r
 .text._fwalk_reent
                0x00009dd8       0x50 c:/program files (x86)/gnu tools arm embedded/4.9 2014q4/bin/../lib/gcc/arm-none-eabi/4.9.3/../../../../arm-none-eabi/lib/armv7-m\libg.a(lib_a-fwalk.o)
                0x00009dd8                _fwalk_reent
 .text.__locale_charset
                0x00009e28        0x8 c:/program files (x86)/gnu tools arm embedded/4.9 2014q4/bin/../lib/gcc/arm-none-eabi/4.9.3/../../../../arm-none-eabi/lib/armv7-m\libg.a(lib_a-locale.o)
                0x00009e28                __locale_charset
 .text.__locale_mb_cur_max
                0x00009e30        0xc c:/program files (x86)/gnu tools arm embedded/4.9 2014q4/bin/../lib/gcc/arm-none-eabi/4.9.3/../../../../arm-none-eabi/lib/armv7-m\libg.a(lib_a-locale.o)
                0x00009e30                __locale_mb_cur_max
 .text._localeconv_r
                0x00009e3c        0x8 c:/program files (x86)/gnu tools arm embedded/4.9 2014q4/bin/../lib/gcc/arm-none-eabi/4.9.3/../../../../arm-none-eabi/lib/armv7-m\libg.a(lib_a-locale.o)
                0x00009e3c                _localeconv_r
 .text.__smakebuf_r
                0x00009e44       0xe0 c:/program files (x86)/gnu tools arm embedded/4.9 2014q4/bin/../lib/gcc/arm-none-eabi/4.9.3/../../../../arm-none-eabi/lib/armv7-m\libg.a(lib_a-makebuf.o)
                0x00009e44                __smakebuf_r
 .text.memchr   0x00009f24       0x94 c:/program files (x86)/gnu tools arm embedded/4.9 2014q4/bin/../lib/gcc/arm-none-eabi/4.9.3/../../../../arm-none-eabi/lib/armv7-m\libg.a(lib_a-memchr.o)
                0x00009f24                memchr
 .text._Balloc  0x00009fb8       0x50 c:/program files (x86)/gnu tools arm embedded/4.9 2014q4/bin/../lib/gcc/arm-none-eabi/4.9.3/../../../../arm-none-eabi/lib/armv7-m\libg.a(lib_a-mprec.o)
                0x00009fb8                _Balloc
 .text._Bfree   0x0000a008       0x14 c:/program files (x86)/gnu tools arm embedded/4.9 2014q4/bin/../lib/gcc/arm-none-eabi/4.9.3/../../../../arm-none-eabi/lib/armv7-m\libg.a(lib_a-mprec.o)
                0x0000a008                _Bfree
 .text.__multadd
                0x0000a01c       0x84 c:/program files (x86)/gnu tools arm embedded/4.9 2014q4/bin/../lib/gcc/arm-none-eabi/4.9.3/../../../../arm-none-eabi/lib/armv7-m\libg.a(lib_a-mprec.o)
                0x0000a01c                __multadd
 .text.__hi0bits
                0x0000a0a0       0x40 c:/program files (x86)/gnu tools arm embedded/4.9 2014q4/bin/../lib/gcc/arm-none-eabi/4.9.3/../../../../arm-none-eabi/lib/armv7-m\libg.a(lib_a-mprec.o)
                0x0000a0a0                __hi0bits
 .text.__lo0bits
                0x0000a0e0       0x5c c:/program files (x86)/gnu tools arm embedded/4.9 2014q4/bin/../lib/gcc/arm-none-eabi/4.9.3/../../../../arm-none-eabi/lib/armv7-m\libg.a(lib_a-mprec.o)
                0x0000a0e0                __lo0bits
 .text.__i2b    0x0000a13c       0x14 c:/program files (x86)/gnu tools arm embedded/4.9 2014q4/bin/../lib/gcc/arm-none-eabi/4.9.3/../../../../arm-none-eabi/lib/armv7-m\libg.a(lib_a-mprec.o)
                0x0000a13c                __i2b
 .text.__multiply
                0x0000a150      0x140 c:/program files (x86)/gnu tools arm embedded/4.9 2014q4/bin/../lib/gcc/arm-none-eabi/4.9.3/../../../../arm-none-eabi/lib/armv7-m\libg.a(lib_a-mprec.o)
                0x0000a150                __multiply
 .text.__pow5mult
                0x0000a290       0xa0 c:/program files (x86)/gnu tools arm embedded/4.9 2014q4/bin/../lib/gcc/arm-none-eabi/4.9.3/../../../../arm-none-eabi/lib/armv7-m\libg.a(lib_a-mprec.o)
                0x0000a290                __pow5mult
 .text.__lshift
                0x0000a330       0xb0 c:/program files (x86)/gnu tools arm embedded/4.9 2014q4/bin/../lib/gcc/arm-none-eabi/4.9.3/../../../../arm-none-eabi/lib/armv7-m\libg.a(lib_a-mprec.o)
                0x0000a330                __lshift
 .text.__mcmp   0x0000a3e0       0x48 c:/program files (x86)/gnu tools arm embedded/4.9 2014q4/bin/../lib/gcc/arm-none-eabi/4.9.3/../../../../arm-none-eabi/lib/armv7-m\libg.a(lib_a-mprec.o)
                0x0000a3e0                __mcmp
 .text.__mdiff  0x0000a428       0xe4 c:/program files (x86)/gnu tools arm embedded/4.9 2014q4/bin/../lib/gcc/arm-none-eabi/4.9.3/../../../../arm-none-eabi/lib/armv7-m\libg.a(lib_a-mprec.o)
                0x0000a428                __mdiff
 .text.__d2b    0x0000a50c       0xa8 c:/program files (x86)/gnu tools arm embedded/4.9 2014q4/bin/../lib/gcc/arm-none-eabi/4.9.3/../../../../arm-none-eabi/lib/armv7-m\libg.a(lib_a-mprec.o)
                0x0000a50c                __d2b
 .text._realloc_r
                0x0000a5b4      0x3e0 c:/program files (x86)/gnu tools arm embedded/4.9 2014q4/bin/../lib/gcc/arm-none-eabi/4.9.3/../../../../arm-none-eabi/lib/armv7-m\libg.a(lib_a-reallocr.o)
                0x0000a5b4                _realloc_r
 .text.__fpclassifyd
                0x0000a994       0x58 c:/program files (x86)/gnu tools arm embedded/4.9 2014q4/bin/../lib/gcc/arm-none-eabi/4.9.3/../../../../arm-none-eabi/lib/armv7-m\libg.a(lib_a-s_fpclassify.o)
                0x0000a994                __fpclassifyd
 .text.__sread  0x0000a9ec       0x24 c:/program files (x86)/gnu tools arm embedded/4.9 2014q4/bin/../lib/gcc/arm-none-eabi/4.9.3/../../../../arm-none-eabi/lib/armv7-m\libg.a(lib_a-stdio.o)
                0x0000a9ec                __sread
 .text.__swrite
                0x0000aa10       0x38 c:/program files (x86)/gnu tools arm embedded/4.9 2014q4/bin/../lib/gcc/arm-none-eabi/4.9.3/../../../../arm-none-eabi/lib/armv7-m\libg.a(lib_a-stdio.o)
                0x0000aa10                __swrite
 .text.__sseek  0x0000aa48       0x20 c:/program files (x86)/gnu tools arm embedded/4.9 2014q4/bin/../lib/gcc/arm-none-eabi/4.9.3/../../../../arm-none-eabi/lib/armv7-m\libg.a(lib_a-stdio.o)
                0x0000aa48                __sseek
 .text.__sclose
                0x0000aa68        0x8 c:/program files (x86)/gnu tools arm embedded/4.9 2014q4/bin/../lib/gcc/arm-none-eabi/4.9.3/../../../../arm-none-eabi/lib/armv7-m\libg.a(lib_a-stdio.o)
                0x0000aa68                __sclose
 .text.__ssprint_r
                0x0000aa70      0x104 c:/program files (x86)/gnu tools arm embedded/4.9 2014q4/bin/../lib/gcc/arm-none-eabi/4.9.3/../../../../arm-none-eabi/lib/armv7-m\libg.a(lib_a-svfiprintf.o)
                0x0000aa70                __ssprint_r
 .text.__sprint_r.part.0
                0x0000ab74       0x78 c:/program files (x86)/gnu tools arm embedded/4.9 2014q4/bin/../lib/gcc/arm-none-eabi/4.9.3/../../../../arm-none-eabi/lib/armv7-m\libg.a(lib_a-vfiprintf.o)
 .text.__sprint_r
                0x0000abec       0x18 c:/program files (x86)/gnu tools arm embedded/4.9 2014q4/bin/../lib/gcc/arm-none-eabi/4.9.3/../../../../arm-none-eabi/lib/armv7-m\libg.a(lib_a-vfiprintf.o)
                0x0000abec                __sprint_r
 .text._write_r
                0x0000ac04       0x28 c:/program files (x86)/gnu tools arm embedded/4.9 2014q4/bin/../lib/gcc/arm-none-eabi/4.9.3/../../../../arm-none-eabi/lib/armv7-m\libg.a(lib_a-writer.o)
                0x0000ac04                _write_r
 .text._calloc_r
                0x0000ac2c       0x60 c:/program files (x86)/gnu tools arm embedded/4.9 2014q4/bin/../lib/gcc/arm-none-eabi/4.9.3/../../../../arm-none-eabi/lib/armv7-m\libg.a(lib_a-callocr.o)
                0x0000ac2c                _calloc_r
 .text._close_r
                0x0000ac8c       0x24 c:/program files (x86)/gnu tools arm embedded/4.9 2014q4/bin/../lib/gcc/arm-none-eabi/4.9.3/../../../../arm-none-eabi/lib/armv7-m\libg.a(lib_a-closer.o)
                0x0000ac8c                _close_r
 .text._fclose_r
                0x0000acb0       0x84 c:/program files (x86)/gnu tools arm embedded/4.9 2014q4/bin/../lib/gcc/arm-none-eabi/4.9.3/../../../../arm-none-eabi/lib/armv7-m\libg.a(lib_a-fclose.o)
                0x0000acb0                _fclose_r
 .text._fputwc_r
                0x0000ad34       0xc4 c:/program files (x86)/gnu tools arm embedded/4.9 2014q4/bin/../lib/gcc/arm-none-eabi/4.9.3/../../../../arm-none-eabi/lib/armv7-m\libg.a(lib_a-fputwc.o)
                0x0000ad34                _fputwc_r
 .text._fstat_r
                0x0000adf8       0x28 c:/program files (x86)/gnu tools arm embedded/4.9 2014q4/bin/../lib/gcc/arm-none-eabi/4.9.3/../../../../arm-none-eabi/lib/armv7-m\libg.a(lib_a-fstatr.o)
                0x0000adf8                _fstat_r
 .text._isatty_r
                0x0000ae20       0x24 c:/program files (x86)/gnu tools arm embedded/4.9 2014q4/bin/../lib/gcc/arm-none-eabi/4.9.3/../../../../arm-none-eabi/lib/armv7-m\libg.a(lib_a-isattyr.o)
                0x0000ae20                _isatty_r
 .text._lseek_r
                0x0000ae44       0x28 c:/program files (x86)/gnu tools arm embedded/4.9 2014q4/bin/../lib/gcc/arm-none-eabi/4.9.3/../../../../arm-none-eabi/lib/armv7-m\libg.a(lib_a-lseekr.o)
                0x0000ae44                _lseek_r
 .text._read_r  0x0000ae6c       0x28 c:/program files (x86)/gnu tools arm embedded/4.9 2014q4/bin/../lib/gcc/arm-none-eabi/4.9.3/../../../../arm-none-eabi/lib/armv7-m\libg.a(lib_a-readr.o)
                0x0000ae6c                _read_r
 .text.__swbuf_r
                0x0000ae94       0xa8 c:/program files (x86)/gnu tools arm embedded/4.9 2014q4/bin/../lib/gcc/arm-none-eabi/4.9.3/../../../../arm-none-eabi/lib/armv7-m\libg.a(lib_a-wbuf.o)
                0x0000ae94                __swbuf_r
 .text._wcrtomb_r
                0x0000af3c       0x54 c:/program files (x86)/gnu tools arm embedded/4.9 2014q4/bin/../lib/gcc/arm-none-eabi/4.9.3/../../../../arm-none-eabi/lib/armv7-m\libg.a(lib_a-wcrtomb.o)
                0x0000af3c                _wcrtomb_r
 .text.__ascii_wctomb
                0x0000af90       0x1c c:/program files (x86)/gnu tools arm embedded/4.9 2014q4/bin/../lib/gcc/arm-none-eabi/4.9.3/../../../../arm-none-eabi/lib/armv7-m\libg.a(lib_a-wctomb_r.o)
                0x0000af90                __ascii_wctomb
 .text          0x0000afac      0x424 c:/program files (x86)/gnu tools arm embedded/4.9 2014q4/bin/../lib/gcc/arm-none-eabi/4.9.3/armv7-m\libgcc.a(_arm_muldivdf3.o)
                0x0000afac                __aeabi_dmul
                0x0000afac                __muldf3
                0x0000b200                __divdf3
                0x0000b200                __aeabi_ddiv
 .text          0x0000b3d0      0x110 c:/program files (x86)/gnu tools arm embedded/4.9 2014q4/bin/../lib/gcc/arm-none-eabi/4.9.3/armv7-m\libgcc.a(_arm_cmpdf2.o)
                0x0000b3d0                __gtdf2
                0x0000b3d0                __gedf2
                0x0000b3d8                __ltdf2
                0x0000b3d8                __ledf2
                0x0000b3e0                __nedf2
                0x0000b3e0                __eqdf2
                0x0000b3e0                __cmpdf2
                0x0000b45c                __aeabi_cdrcmple
                0x0000b46c                __aeabi_cdcmpeq
                0x0000b46c                __aeabi_cdcmple
                0x0000b47c                __aeabi_dcmpeq
                0x0000b490                __aeabi_dcmplt
                0x0000b4a4                __aeabi_dcmple
                0x0000b4b8                __aeabi_dcmpge
                0x0000b4cc                __aeabi_dcmpgt
 .text          0x0000b4e0       0x50 c:/program files (x86)/gnu tools arm embedded/4.9 2014q4/bin/../lib/gcc/arm-none-eabi/4.9.3/armv7-m\libgcc.a(_arm_fixdfsi.o)
                0x0000b4e0                __aeabi_d2iz
                0x0000b4e0                __fixdfsi
 .text          0x0000b530       0x2c c:/program files (x86)/gnu tools arm embedded/4.9 2014q4/bin/../lib/gcc/arm-none-eabi/4.9.3/armv7-m\libgcc.a(_aeabi_uldivmod.o)
                0x0000b530                __aeabi_uldivmod
 *(.rodata .rodata.* .gnu.linkonce.r.*)
 .rodata        0x0000b55c       0x30 ..\obj\touch.o
 .rodata        0x0000b58c       0xa4 ..\obj\main.o
 .rodata        0x0000b630      0x61c ..\obj\lcd_32.o
 .rodata        0x0000bc4c       0x34 ..\obj\tasks.o
 .rodata        0x0000bc80       0x70 ..\obj\menu.o
 .rodata        0x0000bcf0      0x610 ..\obj\lcd_common.o
 .rodata        0x0000c300        0x8 ..\obj\serial.o
 .rodata.str1.4
                0x0000c308        0x2 c:/program files (x86)/gnu tools arm embedded/4.9 2014q4/bin/../lib/gcc/arm-none-eabi/4.9.3/../../../../arm-none-eabi/lib/armv7-m\libg.a(lib_a-puts.o)
                                  0x4 (size before relaxing)
 *fill*         0x0000c30a        0x2 
 .rodata.blanks.6794
                0x0000c30c       0x10 c:/program files (x86)/gnu tools arm embedded/4.9 2014q4/bin/../lib/gcc/arm-none-eabi/4.9.3/../../../../arm-none-eabi/lib/armv7-m\libg.a(lib_a-svfprintf.o)
 .rodata.str1.4
                0x0000c31c       0x42 c:/program files (x86)/gnu tools arm embedded/4.9 2014q4/bin/../lib/gcc/arm-none-eabi/4.9.3/../../../../arm-none-eabi/lib/armv7-m\libg.a(lib_a-svfprintf.o)
                                 0x44 (size before relaxing)
 *fill*         0x0000c35e        0x2 
 .rodata.zeroes.6795
                0x0000c360       0x10 c:/program files (x86)/gnu tools arm embedded/4.9 2014q4/bin/../lib/gcc/arm-none-eabi/4.9.3/../../../../arm-none-eabi/lib/armv7-m\libg.a(lib_a-svfprintf.o)
 .rodata.zeroes.6810
                0x0000c370       0x10 c:/program files (x86)/gnu tools arm embedded/4.9 2014q4/bin/../lib/gcc/arm-none-eabi/4.9.3/../../../../arm-none-eabi/lib/armv7-m\libg.a(lib_a-vfprintf.o)
 .rodata.str1.4
                0x00000000       0x44 c:/program files (x86)/gnu tools arm embedded/4.9 2014q4/bin/../lib/gcc/arm-none-eabi/4.9.3/../../../../arm-none-eabi/lib/armv7-m\libg.a(lib_a-vfprintf.o)
 .rodata.blanks.6809
                0x0000c380       0x10 c:/program files (x86)/gnu tools arm embedded/4.9 2014q4/bin/../lib/gcc/arm-none-eabi/4.9.3/../../../../arm-none-eabi/lib/armv7-m\libg.a(lib_a-vfprintf.o)
 .rodata.str1.4
                0x0000c390       0x10 c:/program files (x86)/gnu tools arm embedded/4.9 2014q4/bin/../lib/gcc/arm-none-eabi/4.9.3/../../../../arm-none-eabi/lib/armv7-m\libg.a(lib_a-dtoa.o)
                                 0x14 (size before relaxing)
 .rodata.str1.4
                0x0000c3a0        0x2 c:/program files (x86)/gnu tools arm embedded/4.9 2014q4/bin/../lib/gcc/arm-none-eabi/4.9.3/../../../../arm-none-eabi/lib/armv7-m\libg.a(lib_a-impure.o)
                                  0x4 (size before relaxing)
 *fill*         0x0000c3a2        0x2 
 .rodata.str1.4
                0x0000c3a4        0xc c:/program files (x86)/gnu tools arm embedded/4.9 2014q4/bin/../lib/gcc/arm-none-eabi/4.9.3/../../../../arm-none-eabi/lib/armv7-m\libg.a(lib_a-locale.o)
                                 0x14 (size before relaxing)
 .rodata.__mprec_tens
                0x0000c3b0       0xc8 c:/program files (x86)/gnu tools arm embedded/4.9 2014q4/bin/../lib/gcc/arm-none-eabi/4.9.3/../../../../arm-none-eabi/lib/armv7-m\libg.a(lib_a-mprec.o)
                0x0000c3b0                __mprec_tens
 .rodata.__mprec_bigtens
                0x0000c478       0x28 c:/program files (x86)/gnu tools arm embedded/4.9 2014q4/bin/../lib/gcc/arm-none-eabi/4.9.3/../../../../arm-none-eabi/lib/armv7-m\libg.a(lib_a-mprec.o)
                0x0000c478                __mprec_bigtens
 .rodata.p05.5265
                0x0000c4a0        0xc c:/program files (x86)/gnu tools arm embedded/4.9 2014q4/bin/../lib/gcc/arm-none-eabi/4.9.3/../../../../arm-none-eabi/lib/armv7-m\libg.a(lib_a-mprec.o)
 *(.eh_frame_hdr)
 *(.eh_frame)
 *(.ARM.extab* .gnu.linkonce.armextab.*)
 *(.gcc_except_table)
 *(.eh_frame_hdr)
 *(.eh_frame)
                0x0000c4ac                . = ALIGN (0x4)
 *(.init)
                0x0000c4ac                . = ALIGN (0x4)
                0x0000c4ac                __preinit_array_start = .
 *(.preinit_array)
                0x0000c4ac                __preinit_array_end = .
                0x0000c4ac                . = ALIGN (0x4)
                0x0000c4ac                __init_array_start = .
 *(SORT(.init_array.*))
 *(.init_array)
                0x0000c4ac                __init_array_end = .
                0x0000c4ac                . = ALIGN (0x4)
 *crtbegin.o(.ctors)
 *(EXCLUDE_FILE(*crtend.o) .ctors)
 *(SORT(.ctors.*))
 *crtend.o(.ctors)
                0x0000c4ac                . = ALIGN (0x4)
 *(.fini)
                0x0000c4ac                . = ALIGN (0x4)
                0x0000c4ac                __fini_array_start = .
 *(.fini_array)
 *(SORT(.fini_array.*))
                0x0000c4ac                __fini_array_end = .
 *crtbegin.o(.dtors)
 *(EXCLUDE_FILE(*crtend.o) .dtors)
 *(SORT(.dtors.*))
 *crtend.o(.dtors)
                0x0000c4b0                . = ALIGN (0x8)
 *fill*         0x0000c4ac        0x4 
                0x0000c4b0                _etext = .
                0x0000c4b0                __exidx_start = .

.glue_7         0x0000c4b0        0x0
 .glue_7        0x00000000        0x0 linker stubs

.glue_7t        0x0000c4b0        0x0
 .glue_7t       0x00000000        0x0 linker stubs

.vfp11_veneer   0x0000c4b0        0x0
 .vfp11_veneer  0x00000000        0x0 linker stubs

.v4_bx          0x0000c4b0        0x0
 .v4_bx         0x00000000        0x0 linker stubs

.iplt           0x0000c4b0        0x0
 .iplt          0x00000000        0x0 ..\obj\background120x160.o

.ARM.exidx      0x0000c4b0        0x8
 *(.ARM.exidx* .gnu.linkonce.armexidx.*)
 .ARM.exidx     0x0000c4b0        0x8 c:/program files (x86)/gnu tools arm embedded/4.9 2014q4/bin/../lib/gcc/arm-none-eabi/4.9.3/armv7-m\libgcc.a(_divdi3.o)
 .ARM.exidx     0x0000c4b8        0x0 c:/program files (x86)/gnu tools arm embedded/4.9 2014q4/bin/../lib/gcc/arm-none-eabi/4.9.3/armv7-m\libgcc.a(_udivdi3.o)
                                  0x8 (size before relaxing)
                0x0000c4b8                __exidx_end = .
                0x0000c4b8                _flash_data = .

.rel.dyn        0x0000c4b8        0x0
 .rel.iplt      0x00000000        0x0 ..\obj\background120x160.o

.data           0x20000000      0x99c load address 0x0000c4b8
                0x20000000                _data = .
 *(vtable)
 *(.data*)
 .data          0x20000000       0xdc ..\obj\main.o
                0x20000000                frobnicate_menu
                0x2000008c                main_menu
 .data          0x200000dc       0x14 ..\obj\stm32f10x_rcc.o
 .data          0x200000f0        0x4 ..\obj\tasks.o
 .data          0x200000f4        0x4 ..\obj\menu.o
 .data          0x200000f8        0x4 ..\obj\port.o
 .data.__malloc_av_
                0x200000fc      0x408 c:/program files (x86)/gnu tools arm embedded/4.9 2014q4/bin/../lib/gcc/arm-none-eabi/4.9.3/../../../../arm-none-eabi/lib/armv7-m\libg.a(lib_a-mallocr.o)
                0x200000fc                __malloc_av_
 .data.__malloc_trim_threshold
                0x20000504        0x4 c:/program files (x86)/gnu tools arm embedded/4.9 2014q4/bin/../lib/gcc/arm-none-eabi/4.9.3/../../../../arm-none-eabi/lib/armv7-m\libg.a(lib_a-mallocr.o)
                0x20000504                __malloc_trim_threshold
 .data.__malloc_sbrk_base
                0x20000508        0x4 c:/program files (x86)/gnu tools arm embedded/4.9 2014q4/bin/../lib/gcc/arm-none-eabi/4.9.3/../../../../arm-none-eabi/lib/armv7-m\libg.a(lib_a-mallocr.o)
                0x20000508                __malloc_sbrk_base
 *fill*         0x2000050c        0x4 
 .data.impure_data
                0x20000510      0x428 c:/program files (x86)/gnu tools arm embedded/4.9 2014q4/bin/../lib/gcc/arm-none-eabi/4.9.3/../../../../arm-none-eabi/lib/armv7-m\libg.a(lib_a-impure.o)
 .data._impure_ptr
                0x20000938        0x4 c:/program files (x86)/gnu tools arm embedded/4.9 2014q4/bin/../lib/gcc/arm-none-eabi/4.9.3/../../../../arm-none-eabi/lib/armv7-m\libg.a(lib_a-impure.o)
                0x20000938                _impure_ptr
 .data.lconv    0x2000093c       0x38 c:/program files (x86)/gnu tools arm embedded/4.9 2014q4/bin/../lib/gcc/arm-none-eabi/4.9.3/../../../../arm-none-eabi/lib/armv7-m\libg.a(lib_a-locale.o)
 .data.lc_ctype_charset
                0x20000974       0x20 c:/program files (x86)/gnu tools arm embedded/4.9 2014q4/bin/../lib/gcc/arm-none-eabi/4.9.3/../../../../arm-none-eabi/lib/armv7-m\libg.a(lib_a-locale.o)
 .data.__mb_cur_max
                0x20000994        0x4 c:/program files (x86)/gnu tools arm embedded/4.9 2014q4/bin/../lib/gcc/arm-none-eabi/4.9.3/../../../../arm-none-eabi/lib/armv7-m\libg.a(lib_a-locale.o)
                0x20000994                __mb_cur_max
 .data.__wctomb
                0x20000998        0x4 c:/program files (x86)/gnu tools arm embedded/4.9 2014q4/bin/../lib/gcc/arm-none-eabi/4.9.3/../../../../arm-none-eabi/lib/armv7-m\libg.a(lib_a-wctomb_r.o)
                0x20000998                __wctomb
                0x2000099c                _edata = .

.igot.plt       0x2000099c        0x0 load address 0x0000ce54
 .igot.plt      0x00000000        0x0 ..\obj\background120x160.o

.bss            0x200009a0     0xc610 load address 0x0000ce58
                0x200009a0                _bss = .
 *(.bss*)
 .bss           0x200009a0      0x400 ..\obj\startup_stm32f10x_md.o
 .bss           0x20000da0      0x144 ..\obj\tasks.o
                0x20000da0                pxCurrentTCB
 .bss           0x20000ee4       0x4c ..\obj\menu.o
 .bss           0x20000f30        0x4 ..\obj\syscalls.o
 .bss           0x20000f34        0x8 ..\obj\lcd_common.o
                0x20000f34                deviceid
 .bss           0x20000f3c        0x4 ..\obj\serial.o
 .bss           0x20000f40     0xc018 ..\obj\heap_2.o
 .bss.__malloc_max_total_mem
                0x2000cf58        0x4 c:/program files (x86)/gnu tools arm embedded/4.9 2014q4/bin/../lib/gcc/arm-none-eabi/4.9.3/../../../../arm-none-eabi/lib/armv7-m\libg.a(lib_a-mallocr.o)
                0x2000cf58                __malloc_max_total_mem
 .bss.__malloc_max_sbrked_mem
                0x2000cf5c        0x4 c:/program files (x86)/gnu tools arm embedded/4.9 2014q4/bin/../lib/gcc/arm-none-eabi/4.9.3/../../../../arm-none-eabi/lib/armv7-m\libg.a(lib_a-mallocr.o)
                0x2000cf5c                __malloc_max_sbrked_mem
 .bss.__malloc_top_pad
                0x2000cf60        0x4 c:/program files (x86)/gnu tools arm embedded/4.9 2014q4/bin/../lib/gcc/arm-none-eabi/4.9.3/../../../../arm-none-eabi/lib/armv7-m\libg.a(lib_a-mallocr.o)
                0x2000cf60                __malloc_top_pad
 .bss.__malloc_current_mallinfo
                0x2000cf64       0x28 c:/program files (x86)/gnu tools arm embedded/4.9 2014q4/bin/../lib/gcc/arm-none-eabi/4.9.3/../../../../arm-none-eabi/lib/armv7-m\libg.a(lib_a-mallocr.o)
                0x2000cf64                __malloc_current_mallinfo
 *(COMMON)
 COMMON         0x2000cf8c       0x1c ..\obj\main.o
                0x2000cf8c                xBeepTaskHandle
                0x2000cf90                xAdcTaskHandle
                0x2000cf94                xTouchTaskHandle
                0x2000cf98                ITM_RxBuffer
                0x2000cf9c                xTimerSetupHandle
                0x2000cfa0                xLCDTaskHandle
                0x2000cfa4                xDS1820Handle
 COMMON         0x2000cfa8        0x4 ..\obj\lcd_common.o
                0x2000cfa8                xLcdSemaphore
 COMMON         0x2000cfac        0x4 c:/program files (x86)/gnu tools arm embedded/4.9 2014q4/bin/../lib/gcc/arm-none-eabi/4.9.3/../../../../arm-none-eabi/lib/armv7-m\libg.a(lib_a-reent.o)
                0x2000cfac                errno
                0x2000cfb0                _ebss = .
                0x2000cfb0                _end = .
                0x2000cfb0                __end = .
                0x2000cfb0                PROVIDE (_heap, _end)
                0x2000fff8                PROVIDE (_eheap, ALIGN (((ORIGIN (SRAM) + 0x10000) - 0x8), 0x8))
LOAD ..\obj\background120x160.o
LOAD ..\obj\stm32f10x_rtc.o
LOAD ..\obj\fm.o
LOAD ..\obj\stm32f10x_tim.o
LOAD ..\obj\buzzer.o
LOAD ..\obj\rs232.o
LOAD ..\obj\timer.o
LOAD ..\obj\mini-printf.o
LOAD ..\obj\uart_stm32f072.o
LOAD ..\obj\system_stm32f10x.o
LOAD ..\obj\ringbuffer.o
LOAD ..\obj\gpio_stm32f072.o
LOAD ..\obj\touch.o
LOAD ..\obj\i2c_stm32f072.o
LOAD ..\obj\stm32f10x_fsmc.o
LOAD ..\obj\stm32f10x_pwr.o
LOAD ..\obj\startup_stm32f10x_md.o
LOAD ..\obj\stm32f10x_gpio.o
LOAD ..\obj\tdatetime.o
LOAD ..\obj\CException.o
LOAD ..\obj\gui.o
LOAD ..\obj\main.o
LOAD ..\obj\array.o
LOAD ..\obj\rtc_stm32f072.o
LOAD ..\obj\ifm_stm32f072.o
LOAD ..\obj\power.o
LOAD ..\obj\xtea.o
LOAD ..\obj\datetime_bcd.o
LOAD ..\obj\stm32f10x_rcc.o
LOAD ..\obj\lcd_32.o
LOAD ..\obj\systick_stm32f072.o
LOAD ..\obj\stm32f10x_exti.o
LOAD ..\obj\tasks.o
LOAD ..\obj\stm32f10x_adc.o
LOAD ..\obj\tmath.o
LOAD ..\obj\datetime.o
LOAD ..\obj\speaker.o
LOAD ..\obj\bmp.o
LOAD ..\obj\stm32f10x_usart.o
LOAD ..\obj\leds.o
LOAD ..\obj\button_skin100x30.o
LOAD ..\obj\menu.o
LOAD ..\obj\pit_stm32f072.o
LOAD ..\obj\md5.o
LOAD ..\obj\list.o
LOAD ..\obj\peripheral.o
LOAD ..\obj\syscalls.o
LOAD ..\obj\delay_stm32f072.o
LOAD ..\obj\stm32f10x_flash.o
LOAD ..\obj\adc.o
LOAD ..\obj\timeout.o
LOAD ..\obj\lcd_common.o
LOAD ..\obj\port.o
LOAD ..\obj\queue.o
LOAD ..\obj\gui_button.o
LOAD ..\obj\stm32f10x_dma.o
LOAD ..\obj\spi_stm32f072.o
LOAD ..\obj\misc.o
LOAD ..\obj\serial.o
LOAD ..\obj\stm32f10x_spi.o
LOAD ..\obj\filter.o
LOAD ..\obj\tstring.o
LOAD ..\obj\stm32f10x_i2c.o
LOAD ..\obj\heap_2.o
LOAD ..\obj\adc_stm32f072.o
LOAD ..\obj\ds1820.o
LOAD ..\obj\eeprom.o
START GROUP
LOAD c:/program files (x86)/gnu tools arm embedded/4.9 2014q4/bin/../lib/gcc/arm-none-eabi/4.9.3/armv7-m\libgcc.a
LOAD c:/program files (x86)/gnu tools arm embedded/4.9 2014q4/bin/../lib/gcc/arm-none-eabi/4.9.3/../../../../arm-none-eabi/lib/armv7-m\libg.a
LOAD c:/program files (x86)/gnu tools arm embedded/4.9 2014q4/bin/../lib/gcc/arm-none-eabi/4.9.3/../../../../arm-none-eabi/lib/armv7-m\libc.a
END GROUP
OUTPUT(STM32F1_64PIN.elf elf32-littlearm)

.debug_info     0x00000000     0x9b6d
 .debug_info    0x00000000     0x1c58 ..\obj\stm32f10x_tim.o
 .debug_info    0x00001c58      0x641 ..\obj\timer.o
 .debug_info    0x00002299      0x2e1 ..\obj\system_stm32f10x.o
 .debug_info    0x0000257a      0x57e ..\obj\touch.o
 .debug_info    0x00002af8      0x8e8 ..\obj\stm32f10x_fsmc.o
 .debug_info    0x000033e0      0x175 ..\obj\startup_stm32f10x_md.o
 .debug_info    0x00003555      0x6e7 ..\obj\stm32f10x_gpio.o
 .debug_info    0x00003c3c      0x5cd ..\obj\main.o
 .debug_info    0x00004209      0x88d ..\obj\stm32f10x_rcc.o
 .debug_info    0x00004a96      0xa44 ..\obj\lcd_32.o
 .debug_info    0x000054da      0xfc2 ..\obj\tasks.o
 .debug_info    0x0000649c      0x9e8 ..\obj\stm32f10x_usart.o
 .debug_info    0x00006e84      0x30b ..\obj\leds.o
 .debug_info    0x0000718f      0x5b9 ..\obj\menu.o
 .debug_info    0x00007748      0x27f ..\obj\list.o
 .debug_info    0x000079c7      0x3ee ..\obj\syscalls.o
 .debug_info    0x00007db5      0x83e ..\obj\lcd_common.o
 .debug_info    0x000085f3      0x1b1 ..\obj\port.o
 .debug_info    0x000087a4      0x766 ..\obj\queue.o
 .debug_info    0x00008f0a      0x53d ..\obj\misc.o
 .debug_info    0x00009447      0x484 ..\obj\serial.o
 .debug_info    0x000098cb      0x2a2 ..\obj\heap_2.o

.debug_abbrev   0x00000000     0x2019
 .debug_abbrev  0x00000000      0x1b0 ..\obj\stm32f10x_tim.o
 .debug_abbrev  0x000001b0      0x15c ..\obj\timer.o
 .debug_abbrev  0x0000030c      0x15b ..\obj\system_stm32f10x.o
 .debug_abbrev  0x00000467      0x1de ..\obj\touch.o
 .debug_abbrev  0x00000645      0x170 ..\obj\stm32f10x_fsmc.o
 .debug_abbrev  0x000007b5       0xd9 ..\obj\startup_stm32f10x_md.o
 .debug_abbrev  0x0000088e      0x1c8 ..\obj\stm32f10x_gpio.o
 .debug_abbrev  0x00000a56      0x1e7 ..\obj\main.o
 .debug_abbrev  0x00000c3d      0x1ba ..\obj\stm32f10x_rcc.o
 .debug_abbrev  0x00000df7      0x184 ..\obj\lcd_32.o
 .debug_abbrev  0x00000f7b      0x20d ..\obj\tasks.o
 .debug_abbrev  0x00001188      0x162 ..\obj\stm32f10x_usart.o
 .debug_abbrev  0x000012ea      0x101 ..\obj\leds.o
 .debug_abbrev  0x000013eb      0x1be ..\obj\menu.o
 .debug_abbrev  0x000015a9       0xba ..\obj\list.o
 .debug_abbrev  0x00001663       0xe2 ..\obj\syscalls.o
 .debug_abbrev  0x00001745      0x258 ..\obj\lcd_common.o
 .debug_abbrev  0x0000199d      0x118 ..\obj\port.o
 .debug_abbrev  0x00001ab5      0x16c ..\obj\queue.o
 .debug_abbrev  0x00001c21      0x145 ..\obj\misc.o
 .debug_abbrev  0x00001d66      0x14d ..\obj\serial.o
 .debug_abbrev  0x00001eb3      0x166 ..\obj\heap_2.o

.debug_aranges  0x00000000      0xd80
 .debug_aranges
                0x00000000      0x2f0 ..\obj\stm32f10x_tim.o
 .debug_aranges
                0x000002f0       0x30 ..\obj\timer.o
 .debug_aranges
                0x00000320       0x38 ..\obj\system_stm32f10x.o
 .debug_aranges
                0x00000358       0xa8 ..\obj\touch.o
 .debug_aranges
                0x00000400       0xb0 ..\obj\stm32f10x_fsmc.o
 .debug_aranges
                0x000004b0       0x30 ..\obj\startup_stm32f10x_md.o
 .debug_aranges
                0x000004e0       0xa8 ..\obj\stm32f10x_gpio.o
 .debug_aranges
                0x00000588       0x58 ..\obj\main.o
 .debug_aranges
                0x000005e0      0x118 ..\obj\stm32f10x_rcc.o
 .debug_aranges
                0x000006f8       0x38 ..\obj\lcd_32.o
 .debug_aranges
                0x00000730      0x150 ..\obj\tasks.o
 .debug_aranges
                0x00000880      0x100 ..\obj\stm32f10x_usart.o
 .debug_aranges
                0x00000980       0x40 ..\obj\leds.o
 .debug_aranges
                0x000009c0       0x70 ..\obj\menu.o
 .debug_aranges
                0x00000a30       0x40 ..\obj\list.o
 .debug_aranges
                0x00000a70       0x60 ..\obj\syscalls.o
 .debug_aranges
                0x00000ad0       0xe0 ..\obj\lcd_common.o
 .debug_aranges
                0x00000bb0       0x70 ..\obj\port.o
 .debug_aranges
                0x00000c20       0xa8 ..\obj\queue.o
 .debug_aranges
                0x00000cc8       0x40 ..\obj\misc.o
 .debug_aranges
                0x00000d08       0x40 ..\obj\serial.o
 .debug_aranges
                0x00000d48       0x38 ..\obj\heap_2.o

.debug_ranges   0x00000000      0xc20
 .debug_ranges  0x00000000      0x2e0 ..\obj\stm32f10x_tim.o
 .debug_ranges  0x000002e0       0x20 ..\obj\timer.o
 .debug_ranges  0x00000300       0x28 ..\obj\system_stm32f10x.o
 .debug_ranges  0x00000328       0x98 ..\obj\touch.o
 .debug_ranges  0x000003c0       0xa0 ..\obj\stm32f10x_fsmc.o
 .debug_ranges  0x00000460       0x20 ..\obj\startup_stm32f10x_md.o
 .debug_ranges  0x00000480       0x98 ..\obj\stm32f10x_gpio.o
 .debug_ranges  0x00000518       0x48 ..\obj\main.o
 .debug_ranges  0x00000560      0x108 ..\obj\stm32f10x_rcc.o
 .debug_ranges  0x00000668       0x28 ..\obj\lcd_32.o
 .debug_ranges  0x00000690      0x140 ..\obj\tasks.o
 .debug_ranges  0x000007d0       0xf0 ..\obj\stm32f10x_usart.o
 .debug_ranges  0x000008c0       0x30 ..\obj\leds.o
 .debug_ranges  0x000008f0       0x60 ..\obj\menu.o
 .debug_ranges  0x00000950       0x30 ..\obj\list.o
 .debug_ranges  0x00000980       0x50 ..\obj\syscalls.o
 .debug_ranges  0x000009d0       0xd0 ..\obj\lcd_common.o
 .debug_ranges  0x00000aa0       0x60 ..\obj\port.o
 .debug_ranges  0x00000b00       0x98 ..\obj\queue.o
 .debug_ranges  0x00000b98       0x30 ..\obj\misc.o
 .debug_ranges  0x00000bc8       0x30 ..\obj\serial.o
 .debug_ranges  0x00000bf8       0x28 ..\obj\heap_2.o

.debug_line     0x00000000     0x5d17
 .debug_line    0x00000000      0xb97 ..\obj\stm32f10x_tim.o
 .debug_line    0x00000b97      0x301 ..\obj\timer.o
 .debug_line    0x00000e98      0x274 ..\obj\system_stm32f10x.o
 .debug_line    0x0000110c      0x4dd ..\obj\touch.o
 .debug_line    0x000015e9      0x509 ..\obj\stm32f10x_fsmc.o
 .debug_line    0x00001af2      0x21f ..\obj\startup_stm32f10x_md.o
 .debug_line    0x00001d11      0x46f ..\obj\stm32f10x_gpio.o
 .debug_line    0x00002180      0x3dd ..\obj\main.o
 .debug_line    0x0000255d      0x57c ..\obj\stm32f10x_rcc.o
 .debug_line    0x00002ad9      0x53a ..\obj\lcd_32.o
 .debug_line    0x00003013      0x879 ..\obj\tasks.o
 .debug_line    0x0000388c      0x552 ..\obj\stm32f10x_usart.o
 .debug_line    0x00003dde      0x3a7 ..\obj\leds.o
 .debug_line    0x00004185      0x3b3 ..\obj\menu.o
 .debug_line    0x00004538      0x1ee ..\obj\list.o
 .debug_line    0x00004726      0x1a5 ..\obj\syscalls.o
 .debug_line    0x000048cb      0x660 ..\obj\lcd_common.o
 .debug_line    0x00004f2b      0x1ef ..\obj\port.o
 .debug_line    0x0000511a      0x436 ..\obj\queue.o
 .debug_line    0x00005550      0x2fd ..\obj\misc.o
 .debug_line    0x0000584d      0x32a ..\obj\serial.o
 .debug_line    0x00005b77      0x1a0 ..\obj\heap_2.o

.debug_str      0x00000000     0x57f8
 .debug_str     0x00000000      0xd48 ..\obj\stm32f10x_tim.o
                                0xe15 (size before relaxing)
 .debug_str     0x00000d48      0x310 ..\obj\timer.o
                                0x6af (size before relaxing)
 .debug_str     0x00001058      0x14e ..\obj\system_stm32f10x.o
                                0x2c9 (size before relaxing)
 .debug_str     0x000011a6      0x15c ..\obj\touch.o
                                0x48a (size before relaxing)
 .debug_str     0x00001302      0x5e4 ..\obj\stm32f10x_fsmc.o
                                0x79c (size before relaxing)
 .debug_str     0x000018e6       0xfb ..\obj\startup_stm32f10x_md.o
                                0x229 (size before relaxing)
 .debug_str     0x000019e1      0x291 ..\obj\stm32f10x_gpio.o
                                0x551 (size before relaxing)
 .debug_str     0x00001c72      0x1de ..\obj\main.o
                                0x560 (size before relaxing)
 .debug_str     0x00001e50      0x412 ..\obj\stm32f10x_rcc.o
                                0x652 (size before relaxing)
 .debug_str     0x00002262     0x1869 ..\obj\lcd_32.o
                               0x1c6c (size before relaxing)
 .debug_str     0x00003acb      0x8cf ..\obj\tasks.o
                                0xac0 (size before relaxing)
 .debug_str     0x0000439a      0x44c ..\obj\stm32f10x_usart.o
                                0x6c8 (size before relaxing)
 .debug_str     0x000047e6       0xd6 ..\obj\leds.o
                                0x3e8 (size before relaxing)
 .debug_str     0x000048bc      0x1bd ..\obj\menu.o
                                0x403 (size before relaxing)
 .debug_str     0x00004a79       0xed ..\obj\list.o
                                0x2a0 (size before relaxing)
 .debug_str     0x00004b66      0x190 ..\obj\syscalls.o
                                0x332 (size before relaxing)
 .debug_str     0x00004cf6      0x1df ..\obj\lcd_common.o
                                0x48a (size before relaxing)
 .debug_str     0x00004ed5      0x171 ..\obj\port.o
                                0x270 (size before relaxing)
 .debug_str     0x00005046      0x352 ..\obj\queue.o
                                0x56f (size before relaxing)
 .debug_str     0x00005398      0x1dd ..\obj\misc.o
                                0x3f6 (size before relaxing)
 .debug_str     0x00005575       0xd8 ..\obj\serial.o
                                0x491 (size before relaxing)
 .debug_str     0x0000564d      0x1ab ..\obj\heap_2.o
                                0x2cb (size before relaxing)

.comment        0x00000000       0x70
 .comment       0x00000000       0x70 ..\obj\stm32f10x_tim.o
                                 0x71 (size before relaxing)
 .comment       0x00000000       0x71 ..\obj\timer.o
 .comment       0x00000000       0x71 ..\obj\system_stm32f10x.o
 .comment       0x00000000       0x71 ..\obj\touch.o
 .comment       0x00000000       0x71 ..\obj\stm32f10x_fsmc.o
 .comment       0x00000000       0x71 ..\obj\startup_stm32f10x_md.o
 .comment       0x00000000       0x71 ..\obj\stm32f10x_gpio.o
 .comment       0x00000000       0x71 ..\obj\main.o
 .comment       0x00000000       0x71 ..\obj\stm32f10x_rcc.o
 .comment       0x00000000       0x71 ..\obj\lcd_32.o
 .comment       0x00000000       0x71 ..\obj\tasks.o
 .comment       0x00000000       0x71 ..\obj\stm32f10x_usart.o
 .comment       0x00000000       0x71 ..\obj\leds.o
 .comment       0x00000000       0x71 ..\obj\menu.o
 .comment       0x00000000       0x71 ..\obj\list.o
 .comment       0x00000000       0x71 ..\obj\syscalls.o
 .comment       0x00000000       0x71 ..\obj\lcd_common.o
 .comment       0x00000000       0x71 ..\obj\port.o
 .comment       0x00000000       0x71 ..\obj\queue.o
 .comment       0x00000000       0x71 ..\obj\misc.o
 .comment       0x00000000       0x71 ..\obj\serial.o
 .comment       0x00000000       0x71 ..\obj\heap_2.o

.ARM.attributes
                0x00000000       0x31
 .ARM.attributes
                0x00000000       0x33 ..\obj\stm32f10x_tim.o
 .ARM.attributes
                0x00000033       0x33 ..\obj\timer.o
 .ARM.attributes
                0x00000066       0x33 ..\obj\system_stm32f10x.o
 .ARM.attributes
                0x00000099       0x33 ..\obj\touch.o
 .ARM.attributes
                0x000000cc       0x33 ..\obj\stm32f10x_fsmc.o
 .ARM.attributes
                0x000000ff       0x33 ..\obj\startup_stm32f10x_md.o
 .ARM.attributes
                0x00000132       0x33 ..\obj\stm32f10x_gpio.o
 .ARM.attributes
                0x00000165       0x33 ..\obj\main.o
 .ARM.attributes
                0x00000198       0x33 ..\obj\stm32f10x_rcc.o
 .ARM.attributes
                0x000001cb       0x33 ..\obj\lcd_32.o
 .ARM.attributes
                0x000001fe       0x33 ..\obj\tasks.o
 .ARM.attributes
                0x00000231       0x33 ..\obj\stm32f10x_usart.o
 .ARM.attributes
                0x00000264       0x33 ..\obj\leds.o
 .ARM.attributes
                0x00000297       0x33 ..\obj\menu.o
 .ARM.attributes
                0x000002ca       0x33 ..\obj\list.o
 .ARM.attributes
                0x000002fd       0x33 ..\obj\syscalls.o
 .ARM.attributes
                0x00000330       0x33 ..\obj\lcd_common.o
 .ARM.attributes
                0x00000363       0x33 ..\obj\port.o
 .ARM.attributes
                0x00000396       0x33 ..\obj\queue.o
 .ARM.attributes
                0x000003c9       0x33 ..\obj\misc.o
 .ARM.attributes
                0x000003fc       0x33 ..\obj\serial.o
 .ARM.attributes
                0x0000042f       0x33 ..\obj\heap_2.o
 .ARM.attributes
                0x00000462       0x1d c:/program files (x86)/gnu tools arm embedded/4.9 2014q4/bin/../lib/gcc/arm-none-eabi/4.9.3/armv7-m\libgcc.a(_arm_addsubdf3.o)
 .ARM.attributes
                0x0000047f       0x2d c:/program files (x86)/gnu tools arm embedded/4.9 2014q4/bin/../lib/gcc/arm-none-eabi/4.9.3/armv7-m\libgcc.a(bpabi.o)
 .ARM.attributes
                0x000004ac       0x1d c:/program files (x86)/gnu tools arm embedded/4.9 2014q4/bin/../lib/gcc/arm-none-eabi/4.9.3/armv7-m\libgcc.a(_dvmd_tls.o)
 .ARM.attributes
                0x000004c9       0x2d c:/program files (x86)/gnu tools arm embedded/4.9 2014q4/bin/../lib/gcc/arm-none-eabi/4.9.3/armv7-m\libgcc.a(_divdi3.o)
 .ARM.attributes
                0x000004f6       0x2d c:/program files (x86)/gnu tools arm embedded/4.9 2014q4/bin/../lib/gcc/arm-none-eabi/4.9.3/armv7-m\libgcc.a(_udivdi3.o)
 .ARM.attributes
                0x00000523       0x2d c:/program files (x86)/gnu tools arm embedded/4.9 2014q4/bin/../lib/gcc/arm-none-eabi/4.9.3/../../../../arm-none-eabi/lib/armv7-m\libg.a(lib_a-mallocr.o)
 .ARM.attributes
                0x00000550       0x2d c:/program files (x86)/gnu tools arm embedded/4.9 2014q4/bin/../lib/gcc/arm-none-eabi/4.9.3/../../../../arm-none-eabi/lib/armv7-m\libg.a(lib_a-memcmp.o)
 .ARM.attributes
                0x0000057d       0x1b c:/program files (x86)/gnu tools arm embedded/4.9 2014q4/bin/../lib/gcc/arm-none-eabi/4.9.3/../../../../arm-none-eabi/lib/armv7-m\libg.a(lib_a-memcpy.o)
 .ARM.attributes
                0x00000598       0x2d c:/program files (x86)/gnu tools arm embedded/4.9 2014q4/bin/../lib/gcc/arm-none-eabi/4.9.3/../../../../arm-none-eabi/lib/armv7-m\libg.a(lib_a-memmove.o)
 .ARM.attributes
                0x000005c5       0x2d c:/program files (x86)/gnu tools arm embedded/4.9 2014q4/bin/../lib/gcc/arm-none-eabi/4.9.3/../../../../arm-none-eabi/lib/armv7-m\libg.a(lib_a-memset.o)
 .ARM.attributes
                0x000005f2       0x2d c:/program files (x86)/gnu tools arm embedded/4.9 2014q4/bin/../lib/gcc/arm-none-eabi/4.9.3/../../../../arm-none-eabi/lib/armv7-m\libg.a(lib_a-mlock.o)
 .ARM.attributes
                0x0000061f       0x2d c:/program files (x86)/gnu tools arm embedded/4.9 2014q4/bin/../lib/gcc/arm-none-eabi/4.9.3/../../../../arm-none-eabi/lib/armv7-m\libg.a(lib_a-printf.o)
 .ARM.attributes
                0x0000064c       0x2d c:/program files (x86)/gnu tools arm embedded/4.9 2014q4/bin/../lib/gcc/arm-none-eabi/4.9.3/../../../../arm-none-eabi/lib/armv7-m\libg.a(lib_a-puts.o)
 .ARM.attributes
                0x00000679       0x2d c:/program files (x86)/gnu tools arm embedded/4.9 2014q4/bin/../lib/gcc/arm-none-eabi/4.9.3/../../../../arm-none-eabi/lib/armv7-m\libg.a(lib_a-sbrkr.o)
 .ARM.attributes
                0x000006a6       0x2d c:/program files (x86)/gnu tools arm embedded/4.9 2014q4/bin/../lib/gcc/arm-none-eabi/4.9.3/../../../../arm-none-eabi/lib/armv7-m\libg.a(lib_a-strcat.o)
 .ARM.attributes
                0x000006d3       0x1b c:/program files (x86)/gnu tools arm embedded/4.9 2014q4/bin/../lib/gcc/arm-none-eabi/4.9.3/../../../../arm-none-eabi/lib/armv7-m\libg.a(lib_a-strcmp.o)
 .ARM.attributes
                0x000006ee       0x2d c:/program files (x86)/gnu tools arm embedded/4.9 2014q4/bin/../lib/gcc/arm-none-eabi/4.9.3/../../../../arm-none-eabi/lib/armv7-m\libg.a(lib_a-strcpy.o)
 .ARM.attributes
                0x0000071b       0x2d c:/program files (x86)/gnu tools arm embedded/4.9 2014q4/bin/../lib/gcc/arm-none-eabi/4.9.3/../../../../arm-none-eabi/lib/armv7-m\libg.a(lib_a-strlen.o)
 .ARM.attributes
                0x00000748       0x2d c:/program files (x86)/gnu tools arm embedded/4.9 2014q4/bin/../lib/gcc/arm-none-eabi/4.9.3/../../../../arm-none-eabi/lib/armv7-m\libg.a(lib_a-strncpy.o)
 .ARM.attributes
                0x00000775       0x2d c:/program files (x86)/gnu tools arm embedded/4.9 2014q4/bin/../lib/gcc/arm-none-eabi/4.9.3/../../../../arm-none-eabi/lib/armv7-m\libg.a(lib_a-svfprintf.o)
 .ARM.attributes
                0x000007a2       0x2d c:/program files (x86)/gnu tools arm embedded/4.9 2014q4/bin/../lib/gcc/arm-none-eabi/4.9.3/../../../../arm-none-eabi/lib/armv7-m\libg.a(lib_a-vfprintf.o)
 .ARM.attributes
                0x000007cf       0x2d c:/program files (x86)/gnu tools arm embedded/4.9 2014q4/bin/../lib/gcc/arm-none-eabi/4.9.3/../../../../arm-none-eabi/lib/armv7-m\libg.a(lib_a-vsnprintf.o)
 .ARM.attributes
                0x000007fc       0x2d c:/program files (x86)/gnu tools arm embedded/4.9 2014q4/bin/../lib/gcc/arm-none-eabi/4.9.3/../../../../arm-none-eabi/lib/armv7-m\libg.a(lib_a-wsetup.o)
 .ARM.attributes
                0x00000829       0x2d c:/program files (x86)/gnu tools arm embedded/4.9 2014q4/bin/../lib/gcc/arm-none-eabi/4.9.3/../../../../arm-none-eabi/lib/armv7-m\libg.a(lib_a-dtoa.o)
 .ARM.attributes
                0x00000856       0x2d c:/program files (x86)/gnu tools arm embedded/4.9 2014q4/bin/../lib/gcc/arm-none-eabi/4.9.3/../../../../arm-none-eabi/lib/armv7-m\libg.a(lib_a-fflush.o)
 .ARM.attributes
                0x00000883       0x2d c:/program files (x86)/gnu tools arm embedded/4.9 2014q4/bin/../lib/gcc/arm-none-eabi/4.9.3/../../../../arm-none-eabi/lib/armv7-m\libg.a(lib_a-findfp.o)
 .ARM.attributes
                0x000008b0       0x2d c:/program files (x86)/gnu tools arm embedded/4.9 2014q4/bin/../lib/gcc/arm-none-eabi/4.9.3/../../../../arm-none-eabi/lib/armv7-m\libg.a(lib_a-freer.o)
 .ARM.attributes
                0x000008dd       0x2d c:/program files (x86)/gnu tools arm embedded/4.9 2014q4/bin/../lib/gcc/arm-none-eabi/4.9.3/../../../../arm-none-eabi/lib/armv7-m\libg.a(lib_a-fvwrite.o)
 .ARM.attributes
                0x0000090a       0x2d c:/program files (x86)/gnu tools arm embedded/4.9 2014q4/bin/../lib/gcc/arm-none-eabi/4.9.3/../../../../arm-none-eabi/lib/armv7-m\libg.a(lib_a-fwalk.o)
 .ARM.attributes
                0x00000937       0x2d c:/program files (x86)/gnu tools arm embedded/4.9 2014q4/bin/../lib/gcc/arm-none-eabi/4.9.3/../../../../arm-none-eabi/lib/armv7-m\libg.a(lib_a-impure.o)
 .ARM.attributes
                0x00000964       0x2d c:/program files (x86)/gnu tools arm embedded/4.9 2014q4/bin/../lib/gcc/arm-none-eabi/4.9.3/../../../../arm-none-eabi/lib/armv7-m\libg.a(lib_a-locale.o)
 .ARM.attributes
                0x00000991       0x2d c:/program files (x86)/gnu tools arm embedded/4.9 2014q4/bin/../lib/gcc/arm-none-eabi/4.9.3/../../../../arm-none-eabi/lib/armv7-m\libg.a(lib_a-makebuf.o)
 .ARM.attributes
                0x000009be       0x2d c:/program files (x86)/gnu tools arm embedded/4.9 2014q4/bin/../lib/gcc/arm-none-eabi/4.9.3/../../../../arm-none-eabi/lib/armv7-m\libg.a(lib_a-memchr.o)
 .ARM.attributes
                0x000009eb       0x2d c:/program files (x86)/gnu tools arm embedded/4.9 2014q4/bin/../lib/gcc/arm-none-eabi/4.9.3/../../../../arm-none-eabi/lib/armv7-m\libg.a(lib_a-mprec.o)
 .ARM.attributes
                0x00000a18       0x2d c:/program files (x86)/gnu tools arm embedded/4.9 2014q4/bin/../lib/gcc/arm-none-eabi/4.9.3/../../../../arm-none-eabi/lib/armv7-m\libg.a(lib_a-reallocr.o)
 .ARM.attributes
                0x00000a45       0x2d c:/program files (x86)/gnu tools arm embedded/4.9 2014q4/bin/../lib/gcc/arm-none-eabi/4.9.3/../../../../arm-none-eabi/lib/armv7-m\libg.a(lib_a-reent.o)
 .ARM.attributes
                0x00000a72       0x2d c:/program files (x86)/gnu tools arm embedded/4.9 2014q4/bin/../lib/gcc/arm-none-eabi/4.9.3/../../../../arm-none-eabi/lib/armv7-m\libg.a(lib_a-s_fpclassify.o)
 .ARM.attributes
                0x00000a9f       0x2d c:/program files (x86)/gnu tools arm embedded/4.9 2014q4/bin/../lib/gcc/arm-none-eabi/4.9.3/../../../../arm-none-eabi/lib/armv7-m\libg.a(lib_a-stdio.o)
 .ARM.attributes
                0x00000acc       0x2d c:/program files (x86)/gnu tools arm embedded/4.9 2014q4/bin/../lib/gcc/arm-none-eabi/4.9.3/../../../../arm-none-eabi/lib/armv7-m\libg.a(lib_a-svfiprintf.o)
 .ARM.attributes
                0x00000af9       0x2d c:/program files (x86)/gnu tools arm embedded/4.9 2014q4/bin/../lib/gcc/arm-none-eabi/4.9.3/../../../../arm-none-eabi/lib/armv7-m\libg.a(lib_a-vfiprintf.o)
 .ARM.attributes
                0x00000b26       0x2d c:/program files (x86)/gnu tools arm embedded/4.9 2014q4/bin/../lib/gcc/arm-none-eabi/4.9.3/../../../../arm-none-eabi/lib/armv7-m\libg.a(lib_a-writer.o)
 .ARM.attributes
                0x00000b53       0x2d c:/program files (x86)/gnu tools arm embedded/4.9 2014q4/bin/../lib/gcc/arm-none-eabi/4.9.3/../../../../arm-none-eabi/lib/armv7-m\libg.a(lib_a-callocr.o)
 .ARM.attributes
                0x00000b80       0x2d c:/program files (x86)/gnu tools arm embedded/4.9 2014q4/bin/../lib/gcc/arm-none-eabi/4.9.3/../../../../arm-none-eabi/lib/armv7-m\libg.a(lib_a-closer.o)
 .ARM.attributes
                0x00000bad       0x2d c:/program files (x86)/gnu tools arm embedded/4.9 2014q4/bin/../lib/gcc/arm-none-eabi/4.9.3/../../../../arm-none-eabi/lib/armv7-m\libg.a(lib_a-fclose.o)
 .ARM.attributes
                0x00000bda       0x2d c:/program files (x86)/gnu tools arm embedded/4.9 2014q4/bin/../lib/gcc/arm-none-eabi/4.9.3/../../../../arm-none-eabi/lib/armv7-m\libg.a(lib_a-fputwc.o)
 .ARM.attributes
                0x00000c07       0x2d c:/program files (x86)/gnu tools arm embedded/4.9 2014q4/bin/../lib/gcc/arm-none-eabi/4.9.3/../../../../arm-none-eabi/lib/armv7-m\libg.a(lib_a-fstatr.o)
 .ARM.attributes
                0x00000c34       0x2d c:/program files (x86)/gnu tools arm embedded/4.9 2014q4/bin/../lib/gcc/arm-none-eabi/4.9.3/../../../../arm-none-eabi/lib/armv7-m\libg.a(lib_a-isattyr.o)
 .ARM.attributes
                0x00000c61       0x2d c:/program files (x86)/gnu tools arm embedded/4.9 2014q4/bin/../lib/gcc/arm-none-eabi/4.9.3/../../../../arm-none-eabi/lib/armv7-m\libg.a(lib_a-lseekr.o)
 .ARM.attributes
                0x00000c8e       0x2d c:/program files (x86)/gnu tools arm embedded/4.9 2014q4/bin/../lib/gcc/arm-none-eabi/4.9.3/../../../../arm-none-eabi/lib/armv7-m\libg.a(lib_a-readr.o)
 .ARM.attributes
                0x00000cbb       0x2d c:/program files (x86)/gnu tools arm embedded/4.9 2014q4/bin/../lib/gcc/arm-none-eabi/4.9.3/../../../../arm-none-eabi/lib/armv7-m\libg.a(lib_a-wbuf.o)
 .ARM.attributes
                0x00000ce8       0x2d c:/program files (x86)/gnu tools arm embedded/4.9 2014q4/bin/../lib/gcc/arm-none-eabi/4.9.3/../../../../arm-none-eabi/lib/armv7-m\libg.a(lib_a-wcrtomb.o)
 .ARM.attributes
                0x00000d15       0x2d c:/program files (x86)/gnu tools arm embedded/4.9 2014q4/bin/../lib/gcc/arm-none-eabi/4.9.3/../../../../arm-none-eabi/lib/armv7-m\libg.a(lib_a-wctomb_r.o)
 .ARM.attributes
                0x00000d42       0x1d c:/program files (x86)/gnu tools arm embedded/4.9 2014q4/bin/../lib/gcc/arm-none-eabi/4.9.3/armv7-m\libgcc.a(_arm_muldivdf3.o)
 .ARM.attributes
                0x00000d5f       0x1d c:/program files (x86)/gnu tools arm embedded/4.9 2014q4/bin/../lib/gcc/arm-none-eabi/4.9.3/armv7-m\libgcc.a(_arm_cmpdf2.o)
 .ARM.attributes
                0x00000d7c       0x1d c:/program files (x86)/gnu tools arm embedded/4.9 2014q4/bin/../lib/gcc/arm-none-eabi/4.9.3/armv7-m\libgcc.a(_arm_fixdfsi.o)
 .ARM.attributes
                0x00000d99       0x1d c:/program files (x86)/gnu tools arm embedded/4.9 2014q4/bin/../lib/gcc/arm-none-eabi/4.9.3/armv7-m\libgcc.a(_aeabi_uldivmod.o)

.debug_frame    0x00000000     0x4850
 .debug_frame   0x00000000      0xe2c ..\obj\stm32f10x_tim.o
 .debug_frame   0x00000e2c       0x78 ..\obj\timer.o
 .debug_frame   0x00000ea4       0x98 ..\obj\system_stm32f10x.o
 .debug_frame   0x00000f3c      0x270 ..\obj\touch.o
 .debug_frame   0x000011ac      0x300 ..\obj\stm32f10x_fsmc.o
 .debug_frame   0x000014ac       0x7c ..\obj\startup_stm32f10x_md.o
 .debug_frame   0x00001528      0x2d0 ..\obj\stm32f10x_gpio.o
 .debug_frame   0x000017f8      0x120 ..\obj\main.o
 .debug_frame   0x00001918      0x4f4 ..\obj\stm32f10x_rcc.o
 .debug_frame   0x00001e0c       0x9c ..\obj\lcd_32.o
 .debug_frame   0x00001ea8      0x59c ..\obj\tasks.o
 .debug_frame   0x00002444      0x490 ..\obj\stm32f10x_usart.o
 .debug_frame   0x000028d4       0xbc ..\obj\leds.o
 .debug_frame   0x00002990      0x1a8 ..\obj\menu.o
 .debug_frame   0x00002b38       0xd8 ..\obj\list.o
 .debug_frame   0x00002c10      0x168 ..\obj\syscalls.o
 .debug_frame   0x00002d78      0x394 ..\obj\lcd_common.o
 .debug_frame   0x0000310c      0x148 ..\obj\port.o
 .debug_frame   0x00003254      0x2ac ..\obj\queue.o
 .debug_frame   0x00003500       0xd8 ..\obj\misc.o
 .debug_frame   0x000035d8       0xb4 ..\obj\serial.o
 .debug_frame   0x0000368c       0x98 ..\obj\heap_2.o
 .debug_frame   0x00003724       0x54 c:/program files (x86)/gnu tools arm embedded/4.9 2014q4/bin/../lib/gcc/arm-none-eabi/4.9.3/armv7-m\libgcc.a(bpabi.o)
 .debug_frame   0x00003778       0x34 c:/program files (x86)/gnu tools arm embedded/4.9 2014q4/bin/../lib/gcc/arm-none-eabi/4.9.3/armv7-m\libgcc.a(_divdi3.o)
 .debug_frame   0x000037ac       0x34 c:/program files (x86)/gnu tools arm embedded/4.9 2014q4/bin/../lib/gcc/arm-none-eabi/4.9.3/armv7-m\libgcc.a(_udivdi3.o)
 .debug_frame   0x000037e0       0x54 c:/program files (x86)/gnu tools arm embedded/4.9 2014q4/bin/../lib/gcc/arm-none-eabi/4.9.3/../../../../arm-none-eabi/lib/armv7-m\libg.a(lib_a-mallocr.o)
 .debug_frame   0x00003834       0x38 c:/program files (x86)/gnu tools arm embedded/4.9 2014q4/bin/../lib/gcc/arm-none-eabi/4.9.3/../../../../arm-none-eabi/lib/armv7-m\libg.a(lib_a-memcmp.o)
 .debug_frame   0x0000386c       0x30 c:/program files (x86)/gnu tools arm embedded/4.9 2014q4/bin/../lib/gcc/arm-none-eabi/4.9.3/../../../../arm-none-eabi/lib/armv7-m\libg.a(lib_a-memmove.o)
 .debug_frame   0x0000389c       0x34 c:/program files (x86)/gnu tools arm embedded/4.9 2014q4/bin/../lib/gcc/arm-none-eabi/4.9.3/../../../../arm-none-eabi/lib/armv7-m\libg.a(lib_a-memset.o)
 .debug_frame   0x000038d0       0x30 c:/program files (x86)/gnu tools arm embedded/4.9 2014q4/bin/../lib/gcc/arm-none-eabi/4.9.3/../../../../arm-none-eabi/lib/armv7-m\libg.a(lib_a-mlock.o)
 .debug_frame   0x00003900       0x78 c:/program files (x86)/gnu tools arm embedded/4.9 2014q4/bin/../lib/gcc/arm-none-eabi/4.9.3/../../../../arm-none-eabi/lib/armv7-m\libg.a(lib_a-printf.o)
 .debug_frame   0x00003978       0x44 c:/program files (x86)/gnu tools arm embedded/4.9 2014q4/bin/../lib/gcc/arm-none-eabi/4.9.3/../../../../arm-none-eabi/lib/armv7-m\libg.a(lib_a-puts.o)
 .debug_frame   0x000039bc       0x2c c:/program files (x86)/gnu tools arm embedded/4.9 2014q4/bin/../lib/gcc/arm-none-eabi/4.9.3/../../../../arm-none-eabi/lib/armv7-m\libg.a(lib_a-sbrkr.o)
 .debug_frame   0x000039e8       0x28 c:/program files (x86)/gnu tools arm embedded/4.9 2014q4/bin/../lib/gcc/arm-none-eabi/4.9.3/../../../../arm-none-eabi/lib/armv7-m\libg.a(lib_a-strcat.o)
 .debug_frame   0x00003a10       0x20 c:/program files (x86)/gnu tools arm embedded/4.9 2014q4/bin/../lib/gcc/arm-none-eabi/4.9.3/../../../../arm-none-eabi/lib/armv7-m\libg.a(lib_a-strcpy.o)
 .debug_frame   0x00003a30       0x20 c:/program files (x86)/gnu tools arm embedded/4.9 2014q4/bin/../lib/gcc/arm-none-eabi/4.9.3/../../../../arm-none-eabi/lib/armv7-m\libg.a(lib_a-strlen.o)
 .debug_frame   0x00003a50       0x34 c:/program files (x86)/gnu tools arm embedded/4.9 2014q4/bin/../lib/gcc/arm-none-eabi/4.9.3/../../../../arm-none-eabi/lib/armv7-m\libg.a(lib_a-strncpy.o)
 .debug_frame   0x00003a84       0x40 c:/program files (x86)/gnu tools arm embedded/4.9 2014q4/bin/../lib/gcc/arm-none-eabi/4.9.3/../../../../arm-none-eabi/lib/armv7-m\libg.a(lib_a-svfprintf.o)
 .debug_frame   0x00003ac4       0x90 c:/program files (x86)/gnu tools arm embedded/4.9 2014q4/bin/../lib/gcc/arm-none-eabi/4.9.3/../../../../arm-none-eabi/lib/armv7-m\libg.a(lib_a-vfprintf.o)
 .debug_frame   0x00003b54       0x60 c:/program files (x86)/gnu tools arm embedded/4.9 2014q4/bin/../lib/gcc/arm-none-eabi/4.9.3/../../../../arm-none-eabi/lib/armv7-m\libg.a(lib_a-vsnprintf.o)
 .debug_frame   0x00003bb4       0x2c c:/program files (x86)/gnu tools arm embedded/4.9 2014q4/bin/../lib/gcc/arm-none-eabi/4.9.3/../../../../arm-none-eabi/lib/armv7-m\libg.a(lib_a-wsetup.o)
 .debug_frame   0x00003be0       0x84 c:/program files (x86)/gnu tools arm embedded/4.9 2014q4/bin/../lib/gcc/arm-none-eabi/4.9.3/../../../../arm-none-eabi/lib/armv7-m\libg.a(lib_a-dtoa.o)
 .debug_frame   0x00003c64       0x6c c:/program files (x86)/gnu tools arm embedded/4.9 2014q4/bin/../lib/gcc/arm-none-eabi/4.9.3/../../../../arm-none-eabi/lib/armv7-m\libg.a(lib_a-fflush.o)
 .debug_frame   0x00003cd0      0x124 c:/program files (x86)/gnu tools arm embedded/4.9 2014q4/bin/../lib/gcc/arm-none-eabi/4.9.3/../../../../arm-none-eabi/lib/armv7-m\libg.a(lib_a-findfp.o)
 .debug_frame   0x00003df4       0x74 c:/program files (x86)/gnu tools arm embedded/4.9 2014q4/bin/../lib/gcc/arm-none-eabi/4.9.3/../../../../arm-none-eabi/lib/armv7-m\libg.a(lib_a-freer.o)
 .debug_frame   0x00003e68       0x68 c:/program files (x86)/gnu tools arm embedded/4.9 2014q4/bin/../lib/gcc/arm-none-eabi/4.9.3/../../../../arm-none-eabi/lib/armv7-m\libg.a(lib_a-fvwrite.o)
 .debug_frame   0x00003ed0       0x54 c:/program files (x86)/gnu tools arm embedded/4.9 2014q4/bin/../lib/gcc/arm-none-eabi/4.9.3/../../../../arm-none-eabi/lib/armv7-m\libg.a(lib_a-fwalk.o)
 .debug_frame   0x00003f24       0x9c c:/program files (x86)/gnu tools arm embedded/4.9 2014q4/bin/../lib/gcc/arm-none-eabi/4.9.3/../../../../arm-none-eabi/lib/armv7-m\libg.a(lib_a-locale.o)
 .debug_frame   0x00003fc0       0x48 c:/program files (x86)/gnu tools arm embedded/4.9 2014q4/bin/../lib/gcc/arm-none-eabi/4.9.3/../../../../arm-none-eabi/lib/armv7-m\libg.a(lib_a-makebuf.o)
 .debug_frame   0x00004008       0x3c c:/program files (x86)/gnu tools arm embedded/4.9 2014q4/bin/../lib/gcc/arm-none-eabi/4.9.3/../../../../arm-none-eabi/lib/armv7-m\libg.a(lib_a-memchr.o)
 .debug_frame   0x00004044      0x268 c:/program files (x86)/gnu tools arm embedded/4.9 2014q4/bin/../lib/gcc/arm-none-eabi/4.9.3/../../../../arm-none-eabi/lib/armv7-m\libg.a(lib_a-mprec.o)
 .debug_frame   0x000042ac       0x58 c:/program files (x86)/gnu tools arm embedded/4.9 2014q4/bin/../lib/gcc/arm-none-eabi/4.9.3/../../../../arm-none-eabi/lib/armv7-m\libg.a(lib_a-reallocr.o)
 .debug_frame   0x00004304       0x58 c:/program files (x86)/gnu tools arm embedded/4.9 2014q4/bin/../lib/gcc/arm-none-eabi/4.9.3/../../../../arm-none-eabi/lib/armv7-m\libg.a(lib_a-reent.o)
 .debug_frame   0x0000435c       0x34 c:/program files (x86)/gnu tools arm embedded/4.9 2014q4/bin/../lib/gcc/arm-none-eabi/4.9.3/../../../../arm-none-eabi/lib/armv7-m\libg.a(lib_a-s_fpclassify.o)
 .debug_frame   0x00004390       0x88 c:/program files (x86)/gnu tools arm embedded/4.9 2014q4/bin/../lib/gcc/arm-none-eabi/4.9.3/../../../../arm-none-eabi/lib/armv7-m\libg.a(lib_a-stdio.o)
 .debug_frame   0x00004418       0x78 c:/program files (x86)/gnu tools arm embedded/4.9 2014q4/bin/../lib/gcc/arm-none-eabi/4.9.3/../../../../arm-none-eabi/lib/armv7-m\libg.a(lib_a-svfiprintf.o)
 .debug_frame   0x00004490       0xd8 c:/program files (x86)/gnu tools arm embedded/4.9 2014q4/bin/../lib/gcc/arm-none-eabi/4.9.3/../../../../arm-none-eabi/lib/armv7-m\libg.a(lib_a-vfiprintf.o)
 .debug_frame   0x00004568       0x2c c:/program files (x86)/gnu tools arm embedded/4.9 2014q4/bin/../lib/gcc/arm-none-eabi/4.9.3/../../../../arm-none-eabi/lib/armv7-m\libg.a(lib_a-writer.o)
 .debug_frame   0x00004594       0x28 c:/program files (x86)/gnu tools arm embedded/4.9 2014q4/bin/../lib/gcc/arm-none-eabi/4.9.3/../../../../arm-none-eabi/lib/armv7-m\libg.a(lib_a-callocr.o)
 .debug_frame   0x000045bc       0x2c c:/program files (x86)/gnu tools arm embedded/4.9 2014q4/bin/../lib/gcc/arm-none-eabi/4.9.3/../../../../arm-none-eabi/lib/armv7-m\libg.a(lib_a-closer.o)
 .debug_frame   0x000045e8       0x44 c:/program files (x86)/gnu tools arm embedded/4.9 2014q4/bin/../lib/gcc/arm-none-eabi/4.9.3/../../../../arm-none-eabi/lib/armv7-m\libg.a(lib_a-fclose.o)
 .debug_frame   0x0000462c       0x68 c:/program files (x86)/gnu tools arm embedded/4.9 2014q4/bin/../lib/gcc/arm-none-eabi/4.9.3/../../../../arm-none-eabi/lib/armv7-m\libg.a(lib_a-fputwc.o)
 .debug_frame   0x00004694       0x2c c:/program files (x86)/gnu tools arm embedded/4.9 2014q4/bin/../lib/gcc/arm-none-eabi/4.9.3/../../../../arm-none-eabi/lib/armv7-m\libg.a(lib_a-fstatr.o)
 .debug_frame   0x000046c0       0x2c c:/program files (x86)/gnu tools arm embedded/4.9 2014q4/bin/../lib/gcc/arm-none-eabi/4.9.3/../../../../arm-none-eabi/lib/armv7-m\libg.a(lib_a-isattyr.o)
 .debug_frame   0x000046ec       0x2c c:/program files (x86)/gnu tools arm embedded/4.9 2014q4/bin/../lib/gcc/arm-none-eabi/4.9.3/../../../../arm-none-eabi/lib/armv7-m\libg.a(lib_a-lseekr.o)
 .debug_frame   0x00004718       0x2c c:/program files (x86)/gnu tools arm embedded/4.9 2014q4/bin/../lib/gcc/arm-none-eabi/4.9.3/../../../../arm-none-eabi/lib/armv7-m\libg.a(lib_a-readr.o)
 .debug_frame   0x00004744       0x3c c:/program files (x86)/gnu tools arm embedded/4.9 2014q4/bin/../lib/gcc/arm-none-eabi/4.9.3/../../../../arm-none-eabi/lib/armv7-m\libg.a(lib_a-wbuf.o)
 .debug_frame   0x00004780       0x60 c:/program files (x86)/gnu tools arm embedded/4.9 2014q4/bin/../lib/gcc/arm-none-eabi/4.9.3/../../../../arm-none-eabi/lib/armv7-m\libg.a(lib_a-wcrtomb.o)
 .debug_frame   0x000047e0       0x48 c:/program files (x86)/gnu tools arm embedded/4.9 2014q4/bin/../lib/gcc/arm-none-eabi/4.9.3/../../../../arm-none-eabi/lib/armv7-m\libg.a(lib_a-wctomb_r.o)
 .debug_frame   0x00004828       0x28 c:/program files (x86)/gnu tools arm embedded/4.9 2014q4/bin/../lib/gcc/arm-none-eabi/4.9.3/armv7-m\libgcc.a(_aeabi_uldivmod.o)